Archive member included to satisfy reference by file (symbol)

/usr/lib/gcc/arm-none-eabi/10.3.1/../../../arm-none-eabi/lib/thumb/v7e-m/nofp/libm.a(lib_a-cexp.o)
                              objdir-CW308_SAM4S/Toeplitz_FFT.o (cexp)
/usr/lib/gcc/arm-none-eabi/10.3.1/../../../arm-none-eabi/lib/thumb/v7e-m/nofp/libm.a(lib_a-cimag.o)
                              /usr/lib/gcc/arm-none-eabi/10.3.1/../../../arm-none-eabi/lib/thumb/v7e-m/nofp/libm.a(lib_a-cexp.o) (cimag)
/usr/lib/gcc/arm-none-eabi/10.3.1/../../../arm-none-eabi/lib/thumb/v7e-m/nofp/libm.a(lib_a-creal.o)
                              /usr/lib/gcc/arm-none-eabi/10.3.1/../../../arm-none-eabi/lib/thumb/v7e-m/nofp/libm.a(lib_a-cexp.o) (creal)
/usr/lib/gcc/arm-none-eabi/10.3.1/../../../arm-none-eabi/lib/thumb/v7e-m/nofp/libm.a(lib_a-s_cos.o)
                              /usr/lib/gcc/arm-none-eabi/10.3.1/../../../arm-none-eabi/lib/thumb/v7e-m/nofp/libm.a(lib_a-cexp.o) (cos)
/usr/lib/gcc/arm-none-eabi/10.3.1/../../../arm-none-eabi/lib/thumb/v7e-m/nofp/libm.a(lib_a-s_round.o)
                              objdir-CW308_SAM4S/Toeplitz_FFT.o (round)
/usr/lib/gcc/arm-none-eabi/10.3.1/../../../arm-none-eabi/lib/thumb/v7e-m/nofp/libm.a(lib_a-s_sin.o)
                              /usr/lib/gcc/arm-none-eabi/10.3.1/../../../arm-none-eabi/lib/thumb/v7e-m/nofp/libm.a(lib_a-cexp.o) (sin)
/usr/lib/gcc/arm-none-eabi/10.3.1/../../../arm-none-eabi/lib/thumb/v7e-m/nofp/libm.a(lib_a-w_exp.o)
                              /usr/lib/gcc/arm-none-eabi/10.3.1/../../../arm-none-eabi/lib/thumb/v7e-m/nofp/libm.a(lib_a-cexp.o) (exp)
/usr/lib/gcc/arm-none-eabi/10.3.1/../../../arm-none-eabi/lib/thumb/v7e-m/nofp/libm.a(lib_a-w_log.o)
                              objdir-CW308_SAM4S/Toeplitz_FFT.o (log)
/usr/lib/gcc/arm-none-eabi/10.3.1/../../../arm-none-eabi/lib/thumb/v7e-m/nofp/libm.a(lib_a-w_pow.o)
                              objdir-CW308_SAM4S/Toeplitz_FFT.o (pow)
/usr/lib/gcc/arm-none-eabi/10.3.1/../../../arm-none-eabi/lib/thumb/v7e-m/nofp/libm.a(lib_a-e_exp.o)
                              /usr/lib/gcc/arm-none-eabi/10.3.1/../../../arm-none-eabi/lib/thumb/v7e-m/nofp/libm.a(lib_a-w_exp.o) (__ieee754_exp)
/usr/lib/gcc/arm-none-eabi/10.3.1/../../../arm-none-eabi/lib/thumb/v7e-m/nofp/libm.a(lib_a-e_log.o)
                              /usr/lib/gcc/arm-none-eabi/10.3.1/../../../arm-none-eabi/lib/thumb/v7e-m/nofp/libm.a(lib_a-w_log.o) (__ieee754_log)
/usr/lib/gcc/arm-none-eabi/10.3.1/../../../arm-none-eabi/lib/thumb/v7e-m/nofp/libm.a(lib_a-e_pow.o)
                              /usr/lib/gcc/arm-none-eabi/10.3.1/../../../arm-none-eabi/lib/thumb/v7e-m/nofp/libm.a(lib_a-w_pow.o) (__ieee754_pow)
/usr/lib/gcc/arm-none-eabi/10.3.1/../../../arm-none-eabi/lib/thumb/v7e-m/nofp/libm.a(lib_a-e_rem_pio2.o)
                              /usr/lib/gcc/arm-none-eabi/10.3.1/../../../arm-none-eabi/lib/thumb/v7e-m/nofp/libm.a(lib_a-s_cos.o) (__ieee754_rem_pio2)
/usr/lib/gcc/arm-none-eabi/10.3.1/../../../arm-none-eabi/lib/thumb/v7e-m/nofp/libm.a(lib_a-e_sqrt.o)
                              /usr/lib/gcc/arm-none-eabi/10.3.1/../../../arm-none-eabi/lib/thumb/v7e-m/nofp/libm.a(lib_a-e_pow.o) (__ieee754_sqrt)
/usr/lib/gcc/arm-none-eabi/10.3.1/../../../arm-none-eabi/lib/thumb/v7e-m/nofp/libm.a(lib_a-k_cos.o)
                              /usr/lib/gcc/arm-none-eabi/10.3.1/../../../arm-none-eabi/lib/thumb/v7e-m/nofp/libm.a(lib_a-s_cos.o) (__kernel_cos)
/usr/lib/gcc/arm-none-eabi/10.3.1/../../../arm-none-eabi/lib/thumb/v7e-m/nofp/libm.a(lib_a-k_rem_pio2.o)
                              /usr/lib/gcc/arm-none-eabi/10.3.1/../../../arm-none-eabi/lib/thumb/v7e-m/nofp/libm.a(lib_a-e_rem_pio2.o) (__kernel_rem_pio2)
/usr/lib/gcc/arm-none-eabi/10.3.1/../../../arm-none-eabi/lib/thumb/v7e-m/nofp/libm.a(lib_a-k_sin.o)
                              /usr/lib/gcc/arm-none-eabi/10.3.1/../../../arm-none-eabi/lib/thumb/v7e-m/nofp/libm.a(lib_a-s_cos.o) (__kernel_sin)
/usr/lib/gcc/arm-none-eabi/10.3.1/../../../arm-none-eabi/lib/thumb/v7e-m/nofp/libm.a(lib_a-s_fabs.o)
                              /usr/lib/gcc/arm-none-eabi/10.3.1/../../../arm-none-eabi/lib/thumb/v7e-m/nofp/libm.a(lib_a-e_pow.o) (fabs)
/usr/lib/gcc/arm-none-eabi/10.3.1/../../../arm-none-eabi/lib/thumb/v7e-m/nofp/libm.a(lib_a-s_finite.o)
                              /usr/lib/gcc/arm-none-eabi/10.3.1/../../../arm-none-eabi/lib/thumb/v7e-m/nofp/libm.a(lib_a-w_exp.o) (finite)
/usr/lib/gcc/arm-none-eabi/10.3.1/../../../arm-none-eabi/lib/thumb/v7e-m/nofp/libm.a(lib_a-s_floor.o)
                              /usr/lib/gcc/arm-none-eabi/10.3.1/../../../arm-none-eabi/lib/thumb/v7e-m/nofp/libm.a(lib_a-k_rem_pio2.o) (floor)
/usr/lib/gcc/arm-none-eabi/10.3.1/../../../arm-none-eabi/lib/thumb/v7e-m/nofp/libm.a(lib_a-s_lib_ver.o)
                              /usr/lib/gcc/arm-none-eabi/10.3.1/../../../arm-none-eabi/lib/thumb/v7e-m/nofp/libm.a(lib_a-w_exp.o) (__fdlib_version)
/usr/lib/gcc/arm-none-eabi/10.3.1/../../../arm-none-eabi/lib/thumb/v7e-m/nofp/libm.a(lib_a-s_nan.o)
[...]
Memory Configuration

Name             Origin             Length             Attributes
rom              0x0000000000400000 0x0000000000020000 xr
ram              0x0000000020000000 0x0000000000010000 xrw
*default*        0x0000000000000000 0xffffffffffffffff

Linker script and memory map

LOAD /usr/lib/gcc/arm-none-eabi/10.3.1/thumb/v7e-m/nofp/crti.o
LOAD /usr/lib/gcc/arm-none-eabi/10.3.1/thumb/v7e-m/nofp/crtbegin.o
LOAD /usr/lib/gcc/arm-none-eabi/10.3.1/../../../arm-none-eabi/lib/thumb/v7e-m/nofp/crt0.o
LOAD objdir-CW308_SAM4S/Toeplitz_FFT.o
LOAD objdir-CW308_SAM4S/simpleserial.o
LOAD objdir-CW308_SAM4S/startup_sam4s.o
LOAD objdir-CW308_SAM4S/sam4s_hal.o
LOAD objdir-CW308_SAM4S/uart.o
LOAD objdir-CW308_SAM4S/pio.o
LOAD objdir-CW308_SAM4S/system_sam4s.o
LOAD objdir-CW308_SAM4S/sysclk.o
LOAD objdir-CW308_SAM4S/pmc.o
LOAD /usr/lib/gcc/arm-none-eabi/10.3.1/../../../arm-none-eabi/lib/thumb/v7e-m/nofp/libm.a
LOAD /usr/lib/gcc/arm-none-eabi/10.3.1/../../../arm-none-eabi/lib/thumb/v7e-m/nofp/libm.a
START GROUP
LOAD /usr/lib/gcc/arm-none-eabi/10.3.1/../../../arm-none-eabi/lib/thumb/v7e-m/nofp/libm.a
END GROUP
LOAD /usr/lib/gcc/arm-none-eabi/10.3.1/../../../arm-none-eabi/lib/thumb/v7e-m/nofp/libm.a
START GROUP
LOAD /usr/lib/gcc/arm-none-eabi/10.3.1/thumb/v7e-m/nofp/libgcc.a
LOAD /usr/lib/gcc/arm-none-eabi/10.3.1/../../../arm-none-eabi/lib/thumb/v7e-m/nofp/libg_nano.a
LOAD /usr/lib/gcc/arm-none-eabi/10.3.1/../../../arm-none-eabi/lib/thumb/v7e-m/nofp/libc_nano.a
END GROUP
START GROUP
LOAD /usr/lib/gcc/arm-none-eabi/10.3.1/thumb/v7e-m/nofp/libgcc.a
LOAD /usr/lib/gcc/arm-none-eabi/10.3.1/../../../arm-none-eabi/lib/thumb/v7e-m/nofp/libc_nano.a
LOAD /usr/lib/gcc/arm-none-eabi/10.3.1/../../../arm-none-eabi/lib/thumb/v7e-m/nofp/libnosys.a
END GROUP
START GROUP
LOAD /usr/lib/gcc/arm-none-eabi/10.3.1/thumb/v7e-m/nofp/libgcc.a
LOAD /usr/lib/gcc/arm-none-eabi/10.3.1/../../../arm-none-eabi/lib/thumb/v7e-m/nofp/libc_nano.a
LOAD /usr/lib/gcc/arm-none-eabi/10.3.1/../../../arm-none-eabi/lib/thumb/v7e-m/nofp/libnosys.a
END GROUP
LOAD /usr/lib/gcc/arm-none-eabi/10.3.1/thumb/v7e-m/nofp/crtend.o
LOAD /usr/lib/gcc/arm-none-eabi/10.3.1/thumb/v7e-m/nofp/crtn.o
                0x0000000000001000                __stack_size__ = DEFINED (__stack_size__)?__stack_size__:0x1000
                0x000000002000fffc                __ram_end__ = ((ORIGIN (ram) + LENGTH (ram)) - 0x4)

.text           0x0000000000400000     0x5d54
                0x0000000000400000                . = ALIGN (0x4)
                0x0000000000400000                _sfixed = .
 *(.vectors .vectors.*)
 .vectors       0x0000000000400000       0xcc objdir-CW308_SAM4S/startup_sam4s.o
                0x0000000000400000                exception_table
 *(.text .text.* .gnu.linkonce.t.*)
 .text          0x00000000004000cc       0x88 /usr/lib/gcc/arm-none-eabi/10.3.1/thumb/v7e-m/nofp/crtbegin.o
 .text.my_puts  0x0000000000400154       0x18 objdir-CW308_SAM4S/Toeplitz_FFT.o
                0x0000000000400154                my_puts
 .text.my_read  0x000000000040016c       0x3c objdir-CW308_SAM4S/Toeplitz_FFT.o
                0x000000000040016c                my_read
 .text.print_int_array_serial
                0x00000000004001a8       0x4c objdir-CW308_SAM4S/Toeplitz_FFT.o
                0x00000000004001a8                print_int_array_serial
 .text.reverse_bit
                0x00000000004001f4       0x26 objdir-CW308_SAM4S/Toeplitz_FFT.o
                0x00000000004001f4                reverse_bit
 *fill*         0x000000000040021a        0x2 
 .text.reverse_array
                0x000000000040021c       0x50 objdir-CW308_SAM4S/Toeplitz_FFT.o
                0x000000000040021c                reverse_array
 *fill*         0x000000000040026c        0x4 
 .text.DIT_FFT  0x0000000000400270      0x2ac objdir-CW308_SAM4S/Toeplitz_FFT.o
                0x0000000000400270                DIT_FFT
 .text.binary_char_to_int
                0x000000000040051c       0x16 objdir-CW308_SAM4S/Toeplitz_FFT.o
                0x000000000040051c                binary_char_to_int
 *fill*         0x0000000000400532        0x2 
 .text.take_base_2_input
                0x0000000000400534       0x48 objdir-CW308_SAM4S/Toeplitz_FFT.o
                0x0000000000400534                take_base_2_input
 .text.startup.main
                0x000000000040057c       0xa0 objdir-CW308_SAM4S/Toeplitz_FFT.o
                0x000000000040057c                main
 .text.Dummy_Handler
                0x000000000040061c        0x2 objdir-CW308_SAM4S/startup_sam4s.o
                0x000000000040061c                DACC_Handler
                0x000000000040061c                DebugMon_Handler
                0x000000000040061c                HardFault_Handler
                0x000000000040061c                TC2_Handler
                0x000000000040061c                SPI_Handler
                0x000000000040061c                SysTick_Handler
                0x000000000040061c                TWI1_Handler
                0x000000000040061c                PendSV_Handler
                0x000000000040061c                NMI_Handler
                0x000000000040061c                ADC_Handler
                0x000000000040061c                CRCCU_Handler
                0x000000000040061c                USART0_Handler
                0x000000000040061c                RTT_Handler
                0x000000000040061c                PIOB_Handler
                0x000000000040061c                RTC_Handler
                0x000000000040061c                UsageFault_Handler
                0x000000000040061c                WDT_Handler
                0x000000000040061c                TC1_Handler
                0x000000000040061c                HSMCI_Handler
                0x000000000040061c                UART1_Handler
                0x000000000040061c                Dummy_Handler
                0x000000000040061c                TWI0_Handler
                0x000000000040061c                USART1_Handler
                0x000000000040061c                PIOA_Handler
                0x000000000040061c                SSC_Handler
                0x000000000040061c                EFC0_Handler
                0x000000000040061c                ACC_Handler
                0x000000000040061c                PMC_Handler
                0x000000000040061c                PWM_Handler
                0x000000000040061c                MemManage_Handler
                0x000000000040061c                SUPC_Handler
                0x000000000040061c                SVC_Handler
                0x000000000040061c                UART0_Handler
                0x000000000040061c                UDP_Handler
                0x000000000040061c                BusFault_Handler
                0x000000000040061c                RSTC_Handler
                0x000000000040061c                TC0_Handler
 *fill*         0x000000000040061e        0x2 
 .text.Reset_Handler
                0x0000000000400620       0x94 objdir-CW308_SAM4S/startup_sam4s.o
                0x0000000000400620                Reset_Handler
 .text.platform_init
                0x00000000004006b4       0x98 objdir-CW308_SAM4S/sam4s_hal.o
                0x00000000004006b4                platform_init
 .text.init_uart
                0x000000000040074c       0x64 objdir-CW308_SAM4S/sam4s_hal.o
                0x000000000040074c                init_uart
 .text.putch    0x00000000004007b0       0x1c objdir-CW308_SAM4S/sam4s_hal.o
                0x00000000004007b0                putch
 .text.getch    0x00000000004007cc       0x24 objdir-CW308_SAM4S/sam4s_hal.o
                0x00000000004007cc                getch
 .text.trigger_setup
                0x00000000004007f0       0x20 objdir-CW308_SAM4S/sam4s_hal.o
                0x00000000004007f0                trigger_setup
 .text.trigger_low
                0x0000000000400810       0x20 objdir-CW308_SAM4S/sam4s_hal.o
                0x0000000000400810                trigger_low
 .text.trigger_high
                0x0000000000400830       0x20 objdir-CW308_SAM4S/sam4s_hal.o
                0x0000000000400830                trigger_high
 .text.uart_init
                0x0000000000400850       0x34 objdir-CW308_SAM4S/uart.o
                0x0000000000400850                uart_init
 .text.uart_enable_tx
                0x0000000000400884        0x6 objdir-CW308_SAM4S/uart.o
                0x0000000000400884                uart_enable_tx
 .text.uart_enable_rx
                0x000000000040088a        0x6 objdir-CW308_SAM4S/uart.o
                0x000000000040088a                uart_enable_rx
 .text.uart_write
                0x0000000000400890        0xe objdir-CW308_SAM4S/uart.o
                0x0000000000400890                uart_write
 .text.uart_read
                0x000000000040089e       0x10 objdir-CW308_SAM4S/uart.o
                0x000000000040089e                uart_read
 .text.pio_set_peripheral
                0x00000000004008ae       0x6e objdir-CW308_SAM4S/pio.o
                0x00000000004008ae                pio_set_peripheral
 .text.pio_set_input
                0x000000000040091c       0x2c objdir-CW308_SAM4S/pio.o
                0x000000000040091c                pio_set_input
 .text.pio_set_output
                0x0000000000400948       0x24 objdir-CW308_SAM4S/pio.o
                0x0000000000400948                pio_set_output
 .text.pio_set_pin_high
                0x000000000040096c       0x1a objdir-CW308_SAM4S/pio.o
                0x000000000040096c                pio_set_pin_high
 .text.pio_set_pin_low
                0x0000000000400986       0x1a objdir-CW308_SAM4S/pio.o
                0x0000000000400986                pio_set_pin_low
 .text.pio_configure_pin
                0x00000000004009a0       0xac objdir-CW308_SAM4S/pio.o
                0x00000000004009a0                pio_configure_pin
 .text.SystemCoreClockUpdate
                0x0000000000400a4c       0xcc objdir-CW308_SAM4S/system_sam4s.o
                0x0000000000400a4c                SystemCoreClockUpdate
 .text.system_init_flash
                0x0000000000400b18       0x64 objdir-CW308_SAM4S/system_sam4s.o
                0x0000000000400b18                system_init_flash
 .text.pmc_switch_mck_to_sclk
                0x0000000000400b7c       0x40 objdir-CW308_SAM4S/pmc.o
                0x0000000000400b7c                pmc_switch_mck_to_sclk
 .text.pmc_switch_mck_to_mainck
                0x0000000000400bbc       0x44 objdir-CW308_SAM4S/pmc.o
                0x0000000000400bbc                pmc_switch_mck_to_mainck
 .text.pmc_switch_mainck_to_xtal
                0x0000000000400c00       0x4c objdir-CW308_SAM4S/pmc.o
                0x0000000000400c00                pmc_switch_mainck_to_xtal
 .text.pmc_osc_is_ready_mainck
                0x0000000000400c4c       0x10 objdir-CW308_SAM4S/pmc.o
                0x0000000000400c4c                pmc_osc_is_ready_mainck
 .text.pmc_enable_periph_clk
                0x0000000000400c5c       0x40 objdir-CW308_SAM4S/pmc.o
                0x0000000000400c5c                pmc_enable_periph_clk
 .text.pmc_set_writeprotect
                0x0000000000400c9c       0x1c objdir-CW308_SAM4S/pmc.o
                0x0000000000400c9c                pmc_set_writeprotect
 .text          0x0000000000400cb8       0x94 /usr/lib/gcc/arm-none-eabi/10.3.1/../../../arm-none-eabi/lib/thumb/v7e-m/nofp/libm.a(lib_a-cexp.o)
                0x0000000000400cb8                cexp
 .text          0x0000000000400d4c        0x8 /usr/lib/gcc/arm-none-eabi/10.3.1/../../../arm-none-eabi/lib/thumb/v7e-m/nofp/libm.a(lib_a-cimag.o)
                0x0000000000400d4c                cimag
 .text          0x0000000000400d54        0x4 /usr/lib/gcc/arm-none-eabi/10.3.1/../../../arm-none-eabi/lib/thumb/v7e-m/nofp/libm.a(lib_a-creal.o)
                0x0000000000400d54                creal
 .text          0x0000000000400d58       0xa0 /usr/lib/gcc/arm-none-eabi/10.3.1/../../../arm-none-eabi/lib/thumb/v7e-m/nofp/libm.a(lib_a-s_cos.o)
                0x0000000000400d58                cos
 .text          0x0000000000400df8       0x94 /usr/lib/gcc/arm-none-eabi/10.3.1/../../../arm-none-eabi/lib/thumb/v7e-m/nofp/libm.a(lib_a-s_round.o)
                0x0000000000400df8                round
 .text          0x0000000000400e8c       0xb0 /usr/lib/gcc/arm-none-eabi/10.3.1/../../../arm-none-eabi/lib/thumb/v7e-m/nofp/libm.a(lib_a-s_sin.o)
                0x0000000000400e8c                sin
 *fill*         0x0000000000400f3c        0x4 
 .text          0x0000000000400f40       0x80 /usr/lib/gcc/arm-none-eabi/10.3.1/../../../arm-none-eabi/lib/thumb/v7e-m/nofp/libm.a(lib_a-w_exp.o)
                0x0000000000400f40                exp
 .text          0x0000000000400fc0       0x74 /usr/lib/gcc/arm-none-eabi/10.3.1/../../../arm-none-eabi/lib/thumb/v7e-m/nofp/libm.a(lib_a-w_log.o)
                0x0000000000400fc0                log
 .text          0x0000000000401034      0x180 /usr/lib/gcc/arm-none-eabi/10.3.1/../../../arm-none-eabi/lib/thumb/v7e-m/nofp/libm.a(lib_a-w_pow.o)
                0x0000000000401034                pow
 *fill*         0x00000000004011b4        0x4 
 .text          0x00000000004011b8      0x39c /usr/lib/gcc/arm-none-eabi/10.3.1/../../../arm-none-eabi/lib/thumb/v7e-m/nofp/libm.a(lib_a-e_exp.o)
                0x00000000004011b8                __ieee754_exp
 *fill*         0x0000000000401554        0x4 
 .text          0x0000000000401558      0x400 /usr/lib/gcc/arm-none-eabi/10.3.1/../../../arm-none-eabi/lib/thumb/v7e-m/nofp/libm.a(lib_a-e_log.o)
                0x0000000000401558                __ieee754_log
 .text          0x0000000000401958      0xae8 /usr/lib/gcc/arm-none-eabi/10.3.1/../../../arm-none-eabi/lib/thumb/v7e-m/nofp/libm.a(lib_a-e_pow.o)
                0x0000000000401958                __ieee754_pow
 .text          0x0000000000402440      0x454 /usr/lib/gcc/arm-none-eabi/10.3.1/../../../arm-none-eabi/lib/thumb/v7e-m/nofp/libm.a(lib_a-e_rem_pio2.o)
                0x0000000000402440                __ieee754_rem_pio2
 .text          0x0000000000402894      0x18c /usr/lib/gcc/arm-none-eabi/10.3.1/../../../arm-none-eabi/lib/thumb/v7e-m/nofp/libm.a(lib_a-e_sqrt.o)
                0x0000000000402894                __ieee754_sqrt
 .text          0x0000000000402a20      0x260 /usr/lib/gcc/arm-none-eabi/10.3.1/../../../arm-none-eabi/lib/thumb/v7e-m/nofp/libm.a(lib_a-k_cos.o)
                0x0000000000402a20                __kernel_cos
 .text          0x0000000000402c80      0x850 /usr/lib/gcc/arm-none-eabi/10.3.1/../../../arm-none-eabi/lib/thumb/v7e-m/nofp/libm.a(lib_a-k_rem_pio2.o)
                0x0000000000402c80                __kernel_rem_pio2
 .text          0x00000000004034d0      0x184 /usr/lib/gcc/arm-none-eabi/10.3.1/../../../arm-none-eabi/lib/thumb/v7e-m/nofp/libm.a(lib_a-k_sin.o)
                0x00000000004034d0                __kernel_sin
 .text          0x0000000000403654        0x8 /usr/lib/gcc/arm-none-eabi/10.3.1/../../../arm-none-eabi/lib/thumb/v7e-m/nofp/libm.a(lib_a-s_fabs.o)
                0x0000000000403654                fabs
 .text          0x000000000040365c        0xc /usr/lib/gcc/arm-none-eabi/10.3.1/../../../arm-none-eabi/lib/thumb/v7e-m/nofp/libm.a(lib_a-s_finite.o)
                0x000000000040365c                finite
 .text          0x0000000000403668       0xf8 /usr/lib/gcc/arm-none-eabi/10.3.1/../../../arm-none-eabi/lib/thumb/v7e-m/nofp/libm.a(lib_a-s_floor.o)
                0x0000000000403668                floor
 .text          0x0000000000403760        0xc /usr/lib/gcc/arm-none-eabi/10.3.1/../../../arm-none-eabi/lib/thumb/v7e-m/nofp/libm.a(lib_a-s_nan.o)
                0x0000000000403760                nan
 .text          0x000000000040376c      0x138 /usr/lib/gcc/arm-none-eabi/10.3.1/../../../arm-none-eabi/lib/thumb/v7e-m/nofp/libm.a(lib_a-s_rint.o)
                0x000000000040376c                rint
 *fill*         0x00000000004038a4        0x4 
 .text          0x00000000004038a8       0xf4 /usr/lib/gcc/arm-none-eabi/10.3.1/../../../arm-none-eabi/lib/thumb/v7e-m/nofp/libm.a(lib_a-s_scalbn.o)
                0x00000000004038a8                scalbn
 .text          0x000000000040399c      0x378 /usr/lib/gcc/arm-none-eabi/10.3.1/thumb/v7e-m/nofp/libgcc.a(_arm_addsubdf3.o)
                0x000000000040399c                __aeabi_drsub
                0x00000000004039a4                __aeabi_dsub
                0x00000000004039a4                __subdf3
                0x00000000004039a8                __adddf3
                0x00000000004039a8                __aeabi_dadd
                0x0000000000403c20                __aeabi_ui2d
                0x0000000000403c20                __floatunsidf
                0x0000000000403c40                __floatsidf
                0x0000000000403c40                __aeabi_i2d
                0x0000000000403c64                __extendsfdf2
                0x0000000000403c64                __aeabi_f2d
                0x0000000000403ca8                __aeabi_ul2d
                0x0000000000403ca8                __floatundidf
                0x0000000000403cb8                __floatdidf
                0x0000000000403cb8                __aeabi_l2d
 .text          0x0000000000403d14      0x424 /usr/lib/gcc/arm-none-eabi/10.3.1/thumb/v7e-m/nofp/libgcc.a(_arm_muldivdf3.o)
                0x0000000000403d14                __aeabi_dmul
                0x0000000000403d14                __muldf3
                0x0000000000403f68                __aeabi_ddiv
                0x0000000000403f68                __divdf3
 .text          0x0000000000404138      0x110 /usr/lib/gcc/arm-none-eabi/10.3.1/thumb/v7e-m/nofp/libgcc.a(_arm_cmpdf2.o)
                0x0000000000404138                __gtdf2
                0x0000000000404138                __gedf2
                0x0000000000404140                __ltdf2
                0x0000000000404140                __ledf2
                0x0000000000404148                __cmpdf2
                0x0000000000404148                __eqdf2
                0x0000000000404148                __nedf2
                0x00000000004041c4                __aeabi_cdrcmple
                0x00000000004041d4                __aeabi_cdcmple
                0x00000000004041d4                __aeabi_cdcmpeq
                0x00000000004041e4                __aeabi_dcmpeq
                0x00000000004041f8                __aeabi_dcmplt
                0x000000000040420c                __aeabi_dcmple
                0x0000000000404220                __aeabi_dcmpge
                0x0000000000404234                __aeabi_dcmpgt
 .text          0x0000000000404248       0x2c /usr/lib/gcc/arm-none-eabi/10.3.1/thumb/v7e-m/nofp/libgcc.a(_arm_unorddf2.o)
                0x0000000000404248                __aeabi_dcmpun
                0x0000000000404248                __unorddf2
 .text          0x0000000000404274       0x50 /usr/lib/gcc/arm-none-eabi/10.3.1/thumb/v7e-m/nofp/libgcc.a(_arm_fixdfsi.o)
                0x0000000000404274                __fixdfsi
                0x0000000000404274                __aeabi_d2iz
 .text          0x00000000004042c4       0xa0 /usr/lib/gcc/arm-none-eabi/10.3.1/thumb/v7e-m/nofp/libgcc.a(_arm_truncdfsf2.o)
                0x00000000004042c4                __aeabi_d2f
                0x00000000004042c4                __truncdfsf2
 .text          0x0000000000404364      0x21c /usr/lib/gcc/arm-none-eabi/10.3.1/thumb/v7e-m/nofp/libgcc.a(_arm_addsubsf3.o)
                0x0000000000404364                __aeabi_frsub
                0x000000000040436c                __subsf3
                0x000000000040436c                __aeabi_fsub
                0x0000000000404370                __aeabi_fadd
                0x0000000000404370                __addsf3
                0x00000000004044d0                __aeabi_ui2f
                0x00000000004044d0                __floatunsisf
                0x00000000004044d8                __aeabi_i2f
                0x00000000004044d8                __floatsisf
                0x00000000004044f4                __floatundisf
                0x00000000004044f4                __aeabi_ul2f
                0x0000000000404504                __floatdisf
                0x0000000000404504                __aeabi_l2f
 .text          0x0000000000404580      0x2a0 /usr/lib/gcc/arm-none-eabi/10.3.1/thumb/v7e-m/nofp/libgcc.a(_arm_muldivsf3.o)
                0x0000000000404580                __mulsf3
                0x0000000000404580                __aeabi_fmul
                0x00000000004046e8                __divsf3
                0x00000000004046e8                __aeabi_fdiv
 .text          0x0000000000404820      0x328 /usr/lib/gcc/arm-none-eabi/10.3.1/thumb/v7e-m/nofp/libgcc.a(_mulsc3.o)
                0x0000000000404820                __mulsc3
 .text          0x0000000000404b48       0xec /usr/lib/gcc/arm-none-eabi/10.3.1/thumb/v7e-m/nofp/libgcc.a(_arm_cmpsf2.o)
                0x0000000000404b48                __gtsf2
                0x0000000000404b48                __gesf2
                0x0000000000404b50                __lesf2
                0x0000000000404b50                __ltsf2
                0x0000000000404b58                __nesf2
                0x0000000000404b58                __eqsf2
                0x0000000000404b58                __cmpsf2
                0x0000000000404bb8                __aeabi_cfrcmple
                0x0000000000404bc0                __aeabi_cfcmple
                0x0000000000404bc0                __aeabi_cfcmpeq
                0x0000000000404bd0                __aeabi_fcmpeq
                0x0000000000404be4                __aeabi_fcmplt
                0x0000000000404bf8                __aeabi_fcmple
                0x0000000000404c0c                __aeabi_fcmpge
                0x0000000000404c20                __aeabi_fcmpgt
 .text          0x0000000000404c34       0x2c /usr/lib/gcc/arm-none-eabi/10.3.1/thumb/v7e-m/nofp/libgcc.a(_arm_unordsf2.o)
                0x0000000000404c34                __aeabi_fcmpun
                0x0000000000404c34                __unordsf2
 .text          0x0000000000404c60        0xc /usr/lib/gcc/arm-none-eabi/10.3.1/../../../arm-none-eabi/lib/thumb/v7e-m/nofp/libg_nano.a(lib_a-errno.o)
                0x0000000000404c60                __errno
 .text          0x0000000000404c6c       0x48 /usr/lib/gcc/arm-none-eabi/10.3.1/../../../arm-none-eabi/lib/thumb/v7e-m/nofp/libg_nano.a(lib_a-init.o)
                0x0000000000404c6c                __libc_init_array
 .text          0x0000000000404cb4       0x20 /usr/lib/gcc/arm-none-eabi/10.3.1/../../../arm-none-eabi/lib/thumb/v7e-m/nofp/libg_nano.a(lib_a-malloc.o)
                0x0000000000404cb4                malloc
                0x0000000000404cc4                free
 .text          0x0000000000404cd4      0x134 /usr/lib/gcc/arm-none-eabi/10.3.1/../../../arm-none-eabi/lib/thumb/v7e-m/nofp/libg_nano.a(lib_a-memcpy.o)
                0x0000000000404cd4                memcpy
 .text          0x0000000000404e08       0xa4 /usr/lib/gcc/arm-none-eabi/10.3.1/../../../arm-none-eabi/lib/thumb/v7e-m/nofp/libg_nano.a(lib_a-memset.o)
                0x0000000000404e08                memset
 .text          0x0000000000404eac       0xbc /usr/lib/gcc/arm-none-eabi/10.3.1/../../../arm-none-eabi/lib/thumb/v7e-m/nofp/libg_nano.a(lib_a-nano-freer.o)
                0x0000000000404eac                _free_r
 .text          0x0000000000404f68       0xb4 /usr/lib/gcc/arm-none-eabi/10.3.1/../../../arm-none-eabi/lib/thumb/v7e-m/nofp/libg_nano.a(lib_a-nano-mallocr.o)
                0x0000000000404f68                _malloc_r
 .text          0x000000000040501c       0x24 /usr/lib/gcc/arm-none-eabi/10.3.1/../../../arm-none-eabi/lib/thumb/v7e-m/nofp/libg_nano.a(lib_a-sbrkr.o)
                0x000000000040501c                _sbrk_r
 .text          0x0000000000405040       0x78 /usr/lib/gcc/arm-none-eabi/10.3.1/../../../arm-none-eabi/lib/thumb/v7e-m/nofp/libg_nano.a(lib_a-sprintf.o)
                0x0000000000405040                _siprintf_r
                0x0000000000405040                _sprintf_r
                0x0000000000405078                sprintf
                0x0000000000405078                siprintf
 .text          0x00000000004050b8        0x8 /usr/lib/gcc/arm-none-eabi/10.3.1/../../../arm-none-eabi/lib/thumb/v7e-m/nofp/libg_nano.a(lib_a-mlock.o)
                0x00000000004050b8                __malloc_lock
                0x00000000004050bc                __malloc_unlock
 .text          0x00000000004050c0      0x3f0 /usr/lib/gcc/arm-none-eabi/10.3.1/../../../arm-none-eabi/lib/thumb/v7e-m/nofp/libg_nano.a(lib_a-nano-svfprintf.o)
                0x00000000004050c0                __ssputs_r
                0x0000000000405184                __ssprint_r
                0x000000000040527c                _svfprintf_r
                0x000000000040527c                _svfiprintf_r
 .text          0x00000000004054b0      0x3dc /usr/lib/gcc/arm-none-eabi/10.3.1/../../../arm-none-eabi/lib/thumb/v7e-m/nofp/libg_nano.a(lib_a-nano-vfprintf_i.o)
                0x00000000004054b0                _printf_common
                0x00000000004055dc                _printf_i
 *fill*         0x000000000040588c        0x4 
 .text          0x0000000000405890       0xa0 /usr/lib/gcc/arm-none-eabi/10.3.1/../../../arm-none-eabi/lib/thumb/v7e-m/nofp/libg_nano.a(lib_a-memchr.o)
                0x0000000000405890                memchr
 .text          0x0000000000405930       0xf8 /usr/lib/gcc/arm-none-eabi/10.3.1/../../../arm-none-eabi/lib/thumb/v7e-m/nofp/libg_nano.a(lib_a-memmove.o)
                0x0000000000405930                memmove
 .text          0x0000000000405a28       0x50 /usr/lib/gcc/arm-none-eabi/10.3.1/../../../arm-none-eabi/lib/thumb/v7e-m/nofp/libg_nano.a(lib_a-nano-reallocr.o)
                0x0000000000405a28                _realloc_r
 .text          0x0000000000405a78       0x14 /usr/lib/gcc/arm-none-eabi/10.3.1/../../../arm-none-eabi/lib/thumb/v7e-m/nofp/libg_nano.a(lib_a-nano-msizer.o)
                0x0000000000405a78                _malloc_usable_size_r
 .text          0x0000000000405a8c       0x1c /usr/lib/gcc/arm-none-eabi/10.3.1/../../../arm-none-eabi/lib/thumb/v7e-m/nofp/libnosys.a(sbrk.o)
                0x0000000000405a8c                _sbrk
 *(.glue_7t)
 .glue_7t       0x0000000000405aa8        0x0 linker stubs
 *(.glue_7)
 .glue_7        0x0000000000405aa8        0x0 linker stubs
 *(.rodata .rodata* .gnu.linkonce.r.*)
 .rodata.print_int_array_serial.str1.1
                0x0000000000405aa8        0x4 objdir-CW308_SAM4S/Toeplitz_FFT.o
 .rodata.take_base_10_input.str1.1
                0x0000000000405aac        0x4 objdir-CW308_SAM4S/Toeplitz_FFT.o
                                          0x2 (size before relaxing)
 .rodata.main.str1.1
                0x0000000000405aac       0x2d objdir-CW308_SAM4S/Toeplitz_FFT.o
 .rodata.str1.4
                0x0000000000405ad9        0x0 /usr/lib/gcc/arm-none-eabi/10.3.1/../../../arm-none-eabi/lib/thumb/v7e-m/nofp/libm.a(lib_a-w_log.o)
                                          0x1 (size before relaxing)
 *fill*         0x0000000000405ad9        0x7 
 .rodata        0x0000000000405ae0       0x30 /usr/lib/gcc/arm-none-eabi/10.3.1/../../../arm-none-eabi/lib/thumb/v7e-m/nofp/libm.a(lib_a-e_exp.o)
 .rodata.str1.4
                0x0000000000405b10        0x1 /usr/lib/gcc/arm-none-eabi/10.3.1/../../../arm-none-eabi/lib/thumb/v7e-m/nofp/libm.a(lib_a-e_pow.o)
 .rodata        0x0000000000405b10      0x188 /usr/lib/gcc/arm-none-eabi/10.3.1/../../../arm-none-eabi/lib/thumb/v7e-m/nofp/libm.a(lib_a-e_rem_pio2.o)
 .rodata        0x0000000000405c98       0x50 /usr/lib/gcc/arm-none-eabi/10.3.1/../../../arm-none-eabi/lib/thumb/v7e-m/nofp/libm.a(lib_a-k_rem_pio2.o)
 .rodata        0x0000000000405ce8       0x10 /usr/lib/gcc/arm-none-eabi/10.3.1/../../../arm-none-eabi/lib/thumb/v7e-m/nofp/libm.a(lib_a-s_rint.o)
 .rodata.str1.4
                0x0000000000405cf8       0x13 /usr/lib/gcc/arm-none-eabi/10.3.1/../../../arm-none-eabi/lib/thumb/v7e-m/nofp/libg_nano.a(lib_a-nano-svfprintf.o)
 *fill*         0x0000000000405d0b        0x1 
 .rodata.str1.4
                0x0000000000405d0c       0x25 /usr/lib/gcc/arm-none-eabi/10.3.1/../../../arm-none-eabi/lib/thumb/v7e-m/nofp/libg_nano.a(lib_a-nano-vfprintf_i.o)
 *(.ARM.extab* .gnu.linkonce.armextab.*)
                0x0000000000405d34                . = ALIGN (0x4)
 *fill*         0x0000000000405d31        0x3 
 *(.init)
 .init          0x0000000000405d34        0x4 /usr/lib/gcc/arm-none-eabi/10.3.1/thumb/v7e-m/nofp/crti.o
                0x0000000000405d34                _init
 .init          0x0000000000405d38        0x8 /usr/lib/gcc/arm-none-eabi/10.3.1/thumb/v7e-m/nofp/crtn.o
                0x0000000000405d40                . = ALIGN (0x4)
                0x0000000000405d40                __preinit_array_start = .
 *(.preinit_array)
                0x0000000000405d40                __preinit_array_end = .
                0x0000000000405d40                . = ALIGN (0x4)
                0x0000000000405d40                __init_array_start = .
 *(SORT_BY_NAME(.init_array.*))
 *(.init_array)
 .init_array    0x0000000000405d40        0x4 /usr/lib/gcc/arm-none-eabi/10.3.1/thumb/v7e-m/nofp/crtbegin.o
                0x0000000000405d44                __init_array_end = .
                0x0000000000405d44                . = ALIGN (0x4)
 *crtbegin.o(.ctors)
 *(EXCLUDE_FILE(*crtend.o) .ctors)
 *(SORT_BY_NAME(.ctors.*))
 *crtend.o(.ctors)
                0x0000000000405d44                . = ALIGN (0x4)
 *(.fini)
 .fini          0x0000000000405d44        0x4 /usr/lib/gcc/arm-none-eabi/10.3.1/thumb/v7e-m/nofp/crti.o
                0x0000000000405d44                _fini
 .fini          0x0000000000405d48        0x8 /usr/lib/gcc/arm-none-eabi/10.3.1/thumb/v7e-m/nofp/crtn.o
                0x0000000000405d50                . = ALIGN (0x4)
                0x0000000000405d50                __fini_array_start = .
 *(.fini_array)
 .fini_array    0x0000000000405d50        0x4 /usr/lib/gcc/arm-none-eabi/10.3.1/thumb/v7e-m/nofp/crtbegin.o
 *(SORT_BY_NAME(.fini_array.*))
                0x0000000000405d54                __fini_array_end = .
 *crtbegin.o(.dtors)
 *(EXCLUDE_FILE(*crtend.o) .dtors)
 *(SORT_BY_NAME(.dtors.*))
 *crtend.o(.dtors)
                0x0000000000405d54                . = ALIGN (0x4)
                0x0000000000405d54                _efixed = .
                [!provide]                        PROVIDE (__exidx_start = .)

.vfp11_veneer   0x0000000000405d54        0x0
 .vfp11_veneer  0x0000000000405d54        0x0 linker stubs

.v4_bx          0x0000000000405d54        0x0
 .v4_bx         0x0000000000405d54        0x0 linker stubs

.iplt           0x0000000000405d54        0x0
 .iplt          0x0000000000405d54        0x0 /usr/lib/gcc/arm-none-eabi/10.3.1/thumb/v7e-m/nofp/crtbegin.o

.eh_frame       0x0000000000405d54        0x0
 .eh_frame      0x0000000000405d54        0x0 /usr/lib/gcc/arm-none-eabi/10.3.1/thumb/v7e-m/nofp/crtbegin.o

.rel.dyn        0x0000000000405d54        0x0
 .rel.iplt      0x0000000000405d54        0x0 /usr/lib/gcc/arm-none-eabi/10.3.1/thumb/v7e-m/nofp/crtbegin.o

.tm_clone_table
                0x0000000000405d54        0x0
 .tm_clone_table
                0x0000000000405d54        0x0 /usr/lib/gcc/arm-none-eabi/10.3.1/thumb/v7e-m/nofp/crtbegin.o
 .tm_clone_table
                0x0000000000405d54        0x0 /usr/lib/gcc/arm-none-eabi/10.3.1/thumb/v7e-m/nofp/crtend.o

.igot.plt       0x0000000000405d54        0x0
 .igot.plt      0x0000000000405d54        0x0 /usr/lib/gcc/arm-none-eabi/10.3.1/thumb/v7e-m/nofp/crtbegin.o

.ARM.exidx
 *(.ARM.exidx* .gnu.linkonce.armexidx.*)
                [!provide]                        PROVIDE (__exidx_end = .)
                0x0000000000405d54                . = ALIGN (0x4)
                0x0000000000405d54                _etext = .

.relocate       0x0000000020000000       0x6c load address 0x0000000000405d54
                0x0000000020000000                . = ALIGN (0x4)
                0x0000000020000000                _srelocate = .
 *(.ramfunc .ramfunc.*)
 *(.data .data.*)
 .data.SystemCoreClock
                0x0000000020000000        0x4 objdir-CW308_SAM4S/system_sam4s.o
                0x0000000020000000                SystemCoreClock
 .data          0x0000000020000004        0x1 /usr/lib/gcc/arm-none-eabi/10.3.1/../../../arm-none-eabi/lib/thumb/v7e-m/nofp/libm.a(lib_a-s_lib_ver.o)
                0x0000000020000004                __fdlib_version
 *fill*         0x0000000020000005        0x3 
 .data          0x0000000020000008       0x64 /usr/lib/gcc/arm-none-eabi/10.3.1/../../../arm-none-eabi/lib/thumb/v7e-m/nofp/libg_nano.a(lib_a-impure.o)
                0x0000000020000008                _impure_ptr
                0x000000002000006c                . = ALIGN (0x4)
                0x000000002000006c                _erelocate = .

.bss            0x000000002000006c       0x2c load address 0x0000000000405dc0
                0x000000002000006c                . = ALIGN (0x4)
                0x000000002000006c                _sbss = .
                0x000000002000006c                _szero = .
 *(.bss .bss.*)
 .bss           0x000000002000006c       0x1c /usr/lib/gcc/arm-none-eabi/10.3.1/thumb/v7e-m/nofp/crtbegin.o
 .bss           0x0000000020000088        0x8 /usr/lib/gcc/arm-none-eabi/10.3.1/../../../arm-none-eabi/lib/thumb/v7e-m/nofp/libg_nano.a(lib_a-nano-mallocr.o)
                0x0000000020000088                __malloc_free_list
                0x000000002000008c                __malloc_sbrk_start
 .bss           0x0000000020000090        0x4 /usr/lib/gcc/arm-none-eabi/10.3.1/../../../arm-none-eabi/lib/thumb/v7e-m/nofp/libg_nano.a(lib_a-reent.o)
                0x0000000020000090                errno
 .bss           0x0000000020000094        0x4 /usr/lib/gcc/arm-none-eabi/10.3.1/../../../arm-none-eabi/lib/thumb/v7e-m/nofp/libnosys.a(sbrk.o)
 *(COMMON)
                0x0000000020000098                . = ALIGN (0x4)
                0x0000000020000098                _ebss = .
                0x0000000020000098                _ezero = .

.stack          0x0000000020000098     0x1000 load address 0x0000000000405dec
                0x0000000020000098                . = ALIGN (0x8)
                0x0000000020000098                _sstack = .
                0x0000000020001098                . = (. + __stack_size__)
 *fill*         0x0000000020000098     0x1000 
                0x0000000020001098                . = ALIGN (0x8)
                0x0000000020001098                _estack = .

.mpssemem
 *(.mpssemem)
                0x0000000020001098                . = ALIGN (0x4)
                0x0000000020001098                end = .
                0x0000000020001098                _end = .
OUTPUT(Toeplitz_FFT-CW308_SAM4S.elf elf32-littlearm)
LOAD linker stubs

.ARM.attributes
                0x0000000000000000       0x2a
 .ARM.attributes
                0x0000000000000000       0x1e /usr/lib/gcc/arm-none-eabi/10.3.1/thumb/v7e-m/nofp/crti.o
 .ARM.attributes
                0x000000000000001e       0x2e /usr/lib/gcc/arm-none-eabi/10.3.1/thumb/v7e-m/nofp/crtbegin.o
 .ARM.attributes
                0x000000000000004c       0x2e objdir-CW308_SAM4S/Toeplitz_FFT.o
 .ARM.attributes
                0x000000000000007a       0x2e objdir-CW308_SAM4S/startup_sam4s.o
 .ARM.attributes
                0x00000000000000a8       0x2e objdir-CW308_SAM4S/sam4s_hal.o
 .ARM.attributes
                0x00000000000000d6       0x2e objdir-CW308_SAM4S/uart.o
 .ARM.attributes
                0x0000000000000104       0x2e objdir-CW308_SAM4S/pio.o
 .ARM.attributes
                0x0000000000000132       0x2e objdir-CW308_SAM4S/system_sam4s.o
 .ARM.attributes
                0x0000000000000160       0x2e objdir-CW308_SAM4S/pmc.o
 .ARM.attributes
                0x000000000000018e       0x2e /usr/lib/gcc/arm-none-eabi/10.3.1/../../../arm-none-eabi/lib/thumb/v7e-m/nofp/libm.a(lib_a-cexp.o)
 .ARM.attributes
                0x00000000000001bc       0x2e /usr/lib/gcc/arm-none-eabi/10.3.1/../../../arm-none-eabi/lib/thumb/v7e-m/nofp/libm.a(lib_a-cimag.o)
 .ARM.attributes
                0x00000000000001ea       0x2e /usr/lib/gcc/arm-none-eabi/10.3.1/../../../arm-none-eabi/lib/thumb/v7e-m/nofp/libm.a(lib_a-creal.o)
 .ARM.attributes
                0x0000000000000218       0x2e /usr/lib/gcc/arm-none-eabi/10.3.1/../../../arm-none-eabi/lib/thumb/v7e-m/nofp/libm.a(lib_a-s_cos.o)
 .ARM.attributes
                0x0000000000000246       0x2e /usr/lib/gcc/arm-none-eabi/10.3.1/../../../arm-none-eabi/lib/thumb/v7e-m/nofp/libm.a(lib_a-s_round.o)
 .ARM.attributes
                0x0000000000000274       0x2e /usr/lib/gcc/arm-none-eabi/10.3.1/../../../arm-none-eabi/lib/thumb/v7e-m/nofp/libm.a(lib_a-s_sin.o)
 .ARM.attributes
                0x00000000000002a2       0x2e /usr/lib/gcc/arm-none-eabi/10.3.1/../../../arm-none-eabi/lib/thumb/v7e-m/nofp/libm.a(lib_a-w_exp.o)
 .ARM.attributes
                0x00000000000002d0       0x2e /usr/lib/gcc/arm-none-eabi/10.3.1/../../../arm-none-eabi/lib/thumb/v7e-m/nofp/libm.a(lib_a-w_log.o)
 .ARM.attributes
                0x00000000000002fe       0x2e /usr/lib/gcc/arm-none-eabi/10.3.1/../../../arm-none-eabi/lib/thumb/v7e-m/nofp/libm.a(lib_a-w_pow.o)
 .ARM.attributes
                0x000000000000032c       0x2e /usr/lib/gcc/arm-none-eabi/10.3.1/../../../arm-none-eabi/lib/thumb/v7e-m/nofp/libm.a(lib_a-e_exp.o)
 .ARM.attributes
                0x000000000000035a       0x2e /usr/lib/gcc/arm-none-eabi/10.3.1/../../../arm-none-eabi/lib/thumb/v7e-m/nofp/libm.a(lib_a-e_log.o)
 .ARM.attributes
                0x0000000000000388       0x2e /usr/lib/gcc/arm-none-eabi/10.3.1/../../../arm-none-eabi/lib/thumb/v7e-m/nofp/libm.a(lib_a-e_pow.o)
 .ARM.attributes
                0x00000000000003b6       0x2e /usr/lib/gcc/arm-none-eabi/10.3.1/../../../arm-none-eabi/lib/thumb/v7e-m/nofp/libm.a(lib_a-e_rem_pio2.o)
 .ARM.attributes
                0x00000000000003e4       0x2e /usr/lib/gcc/arm-none-eabi/10.3.1/../../../arm-none-eabi/lib/thumb/v7e-m/nofp/libm.a(lib_a-e_sqrt.o)
 .ARM.attributes
                0x0000000000000412       0x2e /usr/lib/gcc/arm-none-eabi/10.3.1/../../../arm-none-eabi/lib/thumb/v7e-m/nofp/libm.a(lib_a-k_cos.o)
 .ARM.attributes
                0x0000000000000440       0x2e /usr/lib/gcc/arm-none-eabi/10.3.1/../../../arm-none-eabi/lib/thumb/v7e-m/nofp/libm.a(lib_a-k_rem_pio2.o)
 .ARM.attributes
                0x000000000000046e       0x2e /usr/lib/gcc/arm-none-eabi/10.3.1/../../../arm-none-eabi/lib/thumb/v7e-m/nofp/libm.a(lib_a-k_sin.o)
 .ARM.attributes
                0x000000000000049c       0x2e /usr/lib/gcc/arm-none-eabi/10.3.1/../../../arm-none-eabi/lib/thumb/v7e-m/nofp/libm.a(lib_a-s_fabs.o)
 .ARM.attributes
                0x00000000000004ca       0x2e /usr/lib/gcc/arm-none-eabi/10.3.1/../../../arm-none-eabi/lib/thumb/v7e-m/nofp/libm.a(lib_a-s_finite.o)
 .ARM.attributes
                0x00000000000004f8       0x2e /usr/lib/gcc/arm-none-eabi/10.3.1/../../../arm-none-eabi/lib/thumb/v7e-m/nofp/libm.a(lib_a-s_floor.o)
 .ARM.attributes
                0x0000000000000526       0x2e /usr/lib/gcc/arm-none-eabi/10.3.1/../../../arm-none-eabi/lib/thumb/v7e-m/nofp/libm.a(lib_a-s_lib_ver.o)
 .ARM.attributes
                0x0000000000000554       0x2e /usr/lib/gcc/arm-none-eabi/10.3.1/../../../arm-none-eabi/lib/thumb/v7e-m/nofp/libm.a(lib_a-s_nan.o)
 .ARM.attributes
                0x0000000000000582       0x2e /usr/lib/gcc/arm-none-eabi/10.3.1/../../../arm-none-eabi/lib/thumb/v7e-m/nofp/libm.a(lib_a-s_rint.o)
 .ARM.attributes
                0x00000000000005b0       0x2e /usr/lib/gcc/arm-none-eabi/10.3.1/../../../arm-none-eabi/lib/thumb/v7e-m/nofp/libm.a(lib_a-s_scalbn.o)
 .ARM.attributes
                0x00000000000005de       0x1e /usr/lib/gcc/arm-none-eabi/10.3.1/thumb/v7e-m/nofp/libgcc.a(_arm_addsubdf3.o)
 .ARM.attributes
                0x00000000000005fc       0x1e /usr/lib/gcc/arm-none-eabi/10.3.1/thumb/v7e-m/nofp/libgcc.a(_arm_muldivdf3.o)
 .ARM.attributes
                0x000000000000061a       0x1e /usr/lib/gcc/arm-none-eabi/10.3.1/thumb/v7e-m/nofp/libgcc.a(_arm_cmpdf2.o)
 .ARM.attributes
                0x0000000000000638       0x1e /usr/lib/gcc/arm-none-eabi/10.3.1/thumb/v7e-m/nofp/libgcc.a(_arm_unorddf2.o)
 .ARM.attributes
                0x0000000000000656       0x1e /usr/lib/gcc/arm-none-eabi/10.3.1/thumb/v7e-m/nofp/libgcc.a(_arm_fixdfsi.o)
 .ARM.attributes
                0x0000000000000674       0x1e /usr/lib/gcc/arm-none-eabi/10.3.1/thumb/v7e-m/nofp/libgcc.a(_arm_truncdfsf2.o)
 .ARM.attributes
                0x0000000000000692       0x1e /usr/lib/gcc/arm-none-eabi/10.3.1/thumb/v7e-m/nofp/libgcc.a(_arm_addsubsf3.o)
 .ARM.attributes
                0x00000000000006b0       0x1e /usr/lib/gcc/arm-none-eabi/10.3.1/thumb/v7e-m/nofp/libgcc.a(_arm_muldivsf3.o)
 .ARM.attributes
                0x00000000000006ce       0x2e /usr/lib/gcc/arm-none-eabi/10.3.1/thumb/v7e-m/nofp/libgcc.a(_mulsc3.o)
 .ARM.attributes
                0x00000000000006fc       0x1e /usr/lib/gcc/arm-none-eabi/10.3.1/thumb/v7e-m/nofp/libgcc.a(_arm_cmpsf2.o)
 .ARM.attributes
                0x000000000000071a       0x1e /usr/lib/gcc/arm-none-eabi/10.3.1/thumb/v7e-m/nofp/libgcc.a(_arm_unordsf2.o)
 .ARM.attributes
                0x0000000000000738       0x2e /usr/lib/gcc/arm-none-eabi/10.3.1/../../../arm-none-eabi/lib/thumb/v7e-m/nofp/libg_nano.a(lib_a-errno.o)
 .ARM.attributes
                0x0000000000000766       0x2e /usr/lib/gcc/arm-none-eabi/10.3.1/../../../arm-none-eabi/lib/thumb/v7e-m/nofp/libg_nano.a(lib_a-impure.o)
 .ARM.attributes
                0x0000000000000794       0x2e /usr/lib/gcc/arm-none-eabi/10.3.1/../../../arm-none-eabi/lib/thumb/v7e-m/nofp/libg_nano.a(lib_a-init.o)
 .ARM.attributes
                0x00000000000007c2       0x2e /usr/lib/gcc/arm-none-eabi/10.3.1/../../../arm-none-eabi/lib/thumb/v7e-m/nofp/libg_nano.a(lib_a-malloc.o)
 .ARM.attributes
                0x00000000000007f0       0x1c /usr/lib/gcc/arm-none-eabi/10.3.1/../../../arm-none-eabi/lib/thumb/v7e-m/nofp/libg_nano.a(lib_a-memcpy.o)
 .ARM.attributes
                0x000000000000080c       0x2e /usr/lib/gcc/arm-none-eabi/10.3.1/../../../arm-none-eabi/lib/thumb/v7e-m/nofp/libg_nano.a(lib_a-memset.o)
 .ARM.attributes
                0x000000000000083a       0x2e /usr/lib/gcc/arm-none-eabi/10.3.1/../../../arm-none-eabi/lib/thumb/v7e-m/nofp/libg_nano.a(lib_a-nano-freer.o)
 .ARM.attributes
                0x0000000000000868       0x2e /usr/lib/gcc/arm-none-eabi/10.3.1/../../../arm-none-eabi/lib/thumb/v7e-m/nofp/libg_nano.a(lib_a-nano-mallocr.o)
 .ARM.attributes
                0x0000000000000896       0x2e /usr/lib/gcc/arm-none-eabi/10.3.1/../../../arm-none-eabi/lib/thumb/v7e-m/nofp/libg_nano.a(lib_a-sbrkr.o)
 .ARM.attributes
                0x00000000000008c4       0x2e /usr/lib/gcc/arm-none-eabi/10.3.1/../../../arm-none-eabi/lib/thumb/v7e-m/nofp/libg_nano.a(lib_a-sprintf.o)
 .ARM.attributes
                0x00000000000008f2       0x2e /usr/lib/gcc/arm-none-eabi/10.3.1/../../../arm-none-eabi/lib/thumb/v7e-m/nofp/libg_nano.a(lib_a-mlock.o)
 .ARM.attributes
                0x0000000000000920       0x2e /usr/lib/gcc/arm-none-eabi/10.3.1/../../../arm-none-eabi/lib/thumb/v7e-m/nofp/libg_nano.a(lib_a-nano-svfprintf.o)
 .ARM.attributes
                0x000000000000094e       0x2e /usr/lib/gcc/arm-none-eabi/10.3.1/../../../arm-none-eabi/lib/thumb/v7e-m/nofp/libg_nano.a(lib_a-nano-vfprintf_i.o)
 .ARM.attributes
                0x000000000000097c       0x2e /usr/lib/gcc/arm-none-eabi/10.3.1/../../../arm-none-eabi/lib/thumb/v7e-m/nofp/libg_nano.a(lib_a-reent.o)
 .ARM.attributes
                0x00000000000009aa       0x1c /usr/lib/gcc/arm-none-eabi/10.3.1/../../../arm-none-eabi/lib/thumb/v7e-m/nofp/libg_nano.a(lib_a-memchr.o)
 .ARM.attributes
                0x00000000000009c6       0x2e /usr/lib/gcc/arm-none-eabi/10.3.1/../../../arm-none-eabi/lib/thumb/v7e-m/nofp/libg_nano.a(lib_a-memmove.o)
 .ARM.attributes
                0x00000000000009f4       0x2e /usr/lib/gcc/arm-none-eabi/10.3.1/../../../arm-none-eabi/lib/thumb/v7e-m/nofp/libg_nano.a(lib_a-nano-reallocr.o)
 .ARM.attributes
                0x0000000000000a22       0x2e /usr/lib/gcc/arm-none-eabi/10.3.1/../../../arm-none-eabi/lib/thumb/v7e-m/nofp/libg_nano.a(lib_a-nano-msizer.o)
 .ARM.attributes
                0x0000000000000a50       0x2e /usr/lib/gcc/arm-none-eabi/10.3.1/../../../arm-none-eabi/lib/thumb/v7e-m/nofp/libnosys.a(sbrk.o)
 .ARM.attributes
                0x0000000000000a7e       0x2e /usr/lib/gcc/arm-none-eabi/10.3.1/thumb/v7e-m/nofp/crtend.o
 .ARM.attributes
                0x0000000000000aac       0x1e /usr/lib/gcc/arm-none-eabi/10.3.1/thumb/v7e-m/nofp/crtn.o

.comment        0x0000000000000000       0x33
 .comment       0x0000000000000000       0x33 /usr/lib/gcc/arm-none-eabi/10.3.1/thumb/v7e-m/nofp/crtbegin.o
                                         0x34 (size before relaxing)
 .comment       0x0000000000000033       0x34 objdir-CW308_SAM4S/Toeplitz_FFT.o
 .comment       0x0000000000000033       0x34 objdir-CW308_SAM4S/startup_sam4s.o
 .comment       0x0000000000000033       0x34 objdir-CW308_SAM4S/sam4s_hal.o
 .comment       0x0000000000000033       0x34 objdir-CW308_SAM4S/uart.o
 .comment       0x0000000000000033       0x34 objdir-CW308_SAM4S/pio.o
 .comment       0x0000000000000033       0x34 objdir-CW308_SAM4S/system_sam4s.o
 .comment       0x0000000000000033       0x34 objdir-CW308_SAM4S/pmc.o
 .comment       0x0000000000000033       0x34 /usr/lib/gcc/arm-none-eabi/10.3.1/../../../arm-none-eabi/lib/thumb/v7e-m/nofp/libm.a(lib_a-cexp.o)
 .comment       0x0000000000000033       0x34 /usr/lib/gcc/arm-none-eabi/10.3.1/../../../arm-none-eabi/lib/thumb/v7e-m/nofp/libm.a(lib_a-cimag.o)
 .comment       0x0000000000000033       0x34 /usr/lib/gcc/arm-none-eabi/10.3.1/../../../arm-none-eabi/lib/thumb/v7e-m/nofp/libm.a(lib_a-creal.o)
 .comment       0x0000000000000033       0x34 /usr/lib/gcc/arm-none-eabi/10.3.1/../../../arm-none-eabi/lib/thumb/v7e-m/nofp/libm.a(lib_a-s_cos.o)
 .comment       0x0000000000000033       0x34 /usr/lib/gcc/arm-none-eabi/10.3.1/../../../arm-none-eabi/lib/thumb/v7e-m/nofp/libm.a(lib_a-s_round.o)
 .comment       0x0000000000000033       0x34 /usr/lib/gcc/arm-none-eabi/10.3.1/../../../arm-none-eabi/lib/thumb/v7e-m/nofp/libm.a(lib_a-s_sin.o)
 .comment       0x0000000000000033       0x34 /usr/lib/gcc/arm-none-eabi/10.3.1/../../../arm-none-eabi/lib/thumb/v7e-m/nofp/libm.a(lib_a-w_exp.o)
 .comment       0x0000000000000033       0x34 /usr/lib/gcc/arm-none-eabi/10.3.1/../../../arm-none-eabi/lib/thumb/v7e-m/nofp/libm.a(lib_a-w_log.o)
 .comment       0x0000000000000033       0x34 /usr/lib/gcc/arm-none-eabi/10.3.1/../../../arm-none-eabi/lib/thumb/v7e-m/nofp/libm.a(lib_a-w_pow.o)
 .comment       0x0000000000000033       0x34 /usr/lib/gcc/arm-none-eabi/10.3.1/../../../arm-none-eabi/lib/thumb/v7e-m/nofp/libm.a(lib_a-e_exp.o)
 .comment       0x0000000000000033       0x34 /usr/lib/gcc/arm-none-eabi/10.3.1/../../../arm-none-eabi/lib/thumb/v7e-m/nofp/libm.a(lib_a-e_log.o)
 .comment       0x0000000000000033       0x34 /usr/lib/gcc/arm-none-eabi/10.3.1/../../../arm-none-eabi/lib/thumb/v7e-m/nofp/libm.a(lib_a-e_pow.o)
 .comment       0x0000000000000033       0x34 /usr/lib/gcc/arm-none-eabi/10.3.1/../../../arm-none-eabi/lib/thumb/v7e-m/nofp/libm.a(lib_a-e_rem_pio2.o)
 .comment       0x0000000000000033       0x34 /usr/lib/gcc/arm-none-eabi/10.3.1/../../../arm-none-eabi/lib/thumb/v7e-m/nofp/libm.a(lib_a-e_sqrt.o)
 .comment       0x0000000000000033       0x34 /usr/lib/gcc/arm-none-eabi/10.3.1/../../../arm-none-eabi/lib/thumb/v7e-m/nofp/libm.a(lib_a-k_cos.o)
 .comment       0x0000000000000033       0x34 /usr/lib/gcc/arm-none-eabi/10.3.1/../../../arm-none-eabi/lib/thumb/v7e-m/nofp/libm.a(lib_a-k_rem_pio2.o)
 .comment       0x0000000000000033       0x34 /usr/lib/gcc/arm-none-eabi/10.3.1/../../../arm-none-eabi/lib/thumb/v7e-m/nofp/libm.a(lib_a-k_sin.o)
 .comment       0x0000000000000033       0x34 /usr/lib/gcc/arm-none-eabi/10.3.1/../../../arm-none-eabi/lib/thumb/v7e-m/nofp/libm.a(lib_a-s_fabs.o)
 .comment       0x0000000000000033       0x34 /usr/lib/gcc/arm-none-eabi/10.3.1/../../../arm-none-eabi/lib/thumb/v7e-m/nofp/libm.a(lib_a-s_finite.o)
 .comment       0x0000000000000033       0x34 /usr/lib/gcc/arm-none-eabi/10.3.1/../../../arm-none-eabi/lib/thumb/v7e-m/nofp/libm.a(lib_a-s_floor.o)
 .comment       0x0000000000000033       0x34 /usr/lib/gcc/arm-none-eabi/10.3.1/../../../arm-none-eabi/lib/thumb/v7e-m/nofp/libm.a(lib_a-s_lib_ver.o)
 .comment       0x0000000000000033       0x34 /usr/lib/gcc/arm-none-eabi/10.3.1/../../../arm-none-eabi/lib/thumb/v7e-m/nofp/libm.a(lib_a-s_nan.o)
 .comment       0x0000000000000033       0x34 /usr/lib/gcc/arm-none-eabi/10.3.1/../../../arm-none-eabi/lib/thumb/v7e-m/nofp/libm.a(lib_a-s_rint.o)
 .comment       0x0000000000000033       0x34 /usr/lib/gcc/arm-none-eabi/10.3.1/../../../arm-none-eabi/lib/thumb/v7e-m/nofp/libm.a(lib_a-s_scalbn.o)
 .comment       0x0000000000000033       0x34 /usr/lib/gcc/arm-none-eabi/10.3.1/thumb/v7e-m/nofp/libgcc.a(_mulsc3.o)
 .comment       0x0000000000000033       0x34 /usr/lib/gcc/arm-none-eabi/10.3.1/../../../arm-none-eabi/lib/thumb/v7e-m/nofp/libg_nano.a(lib_a-errno.o)
 .comment       0x0000000000000033       0x34 /usr/lib/gcc/arm-none-eabi/10.3.1/../../../arm-none-eabi/lib/thumb/v7e-m/nofp/libg_nano.a(lib_a-impure.o)
 .comment       0x0000000000000033       0x34 /usr/lib/gcc/arm-none-eabi/10.3.1/../../../arm-none-eabi/lib/thumb/v7e-m/nofp/libg_nano.a(lib_a-init.o)
 .comment       0x0000000000000033       0x34 /usr/lib/gcc/arm-none-eabi/10.3.1/../../../arm-none-eabi/lib/thumb/v7e-m/nofp/libg_nano.a(lib_a-malloc.o)
 .comment       0x0000000000000033       0x34 /usr/lib/gcc/arm-none-eabi/10.3.1/../../../arm-none-eabi/lib/thumb/v7e-m/nofp/libg_nano.a(lib_a-memset.o)
 .comment       0x0000000000000033       0x34 /usr/lib/gcc/arm-none-eabi/10.3.1/../../../arm-none-eabi/lib/thumb/v7e-m/nofp/libg_nano.a(lib_a-nano-freer.o)
 .comment       0x0000000000000033       0x34 /usr/lib/gcc/arm-none-eabi/10.3.1/../../../arm-none-eabi/lib/thumb/v7e-m/nofp/libg_nano.a(lib_a-nano-mallocr.o)
 .comment       0x0000000000000033       0x34 /usr/lib/gcc/arm-none-eabi/10.3.1/../../../arm-none-eabi/lib/thumb/v7e-m/nofp/libg_nano.a(lib_a-sbrkr.o)
 .comment       0x0000000000000033       0x34 /usr/lib/gcc/arm-none-eabi/10.3.1/../../../arm-none-eabi/lib/thumb/v7e-m/nofp/libg_nano.a(lib_a-sprintf.o)
 .comment       0x0000000000000033       0x34 /usr/lib/gcc/arm-none-eabi/10.3.1/../../../arm-none-eabi/lib/thumb/v7e-m/nofp/libg_nano.a(lib_a-mlock.o)
 .comment       0x0000000000000033       0x34 /usr/lib/gcc/arm-none-eabi/10.3.1/../../../arm-none-eabi/lib/thumb/v7e-m/nofp/libg_nano.a(lib_a-nano-svfprintf.o)
 .comment       0x0000000000000033       0x34 /usr/lib/gcc/arm-none-eabi/10.3.1/../../../arm-none-eabi/lib/thumb/v7e-m/nofp/libg_nano.a(lib_a-nano-vfprintf_i.o)
 .comment       0x0000000000000033       0x34 /usr/lib/gcc/arm-none-eabi/10.3.1/../../../arm-none-eabi/lib/thumb/v7e-m/nofp/libg_nano.a(lib_a-reent.o)
 .comment       0x0000000000000033       0x34 /usr/lib/gcc/arm-none-eabi/10.3.1/../../../arm-none-eabi/lib/thumb/v7e-m/nofp/libg_nano.a(lib_a-memmove.o)
 .comment       0x0000000000000033       0x34 /usr/lib/gcc/arm-none-eabi/10.3.1/../../../arm-none-eabi/lib/thumb/v7e-m/nofp/libg_nano.a(lib_a-nano-reallocr.o)
 .comment       0x0000000000000033       0x34 /usr/lib/gcc/arm-none-eabi/10.3.1/../../../arm-none-eabi/lib/thumb/v7e-m/nofp/libg_nano.a(lib_a-nano-msizer.o)
 .comment       0x0000000000000033       0x34 /usr/lib/gcc/arm-none-eabi/10.3.1/../../../arm-none-eabi/lib/thumb/v7e-m/nofp/libnosys.a(sbrk.o)
 .comment       0x0000000000000033       0x34 /usr/lib/gcc/arm-none-eabi/10.3.1/thumb/v7e-m/nofp/crtend.o

.debug_info     0x0000000000000000    0x131a9
 .debug_info    0x0000000000000000     0x152e objdir-CW308_SAM4S/Toeplitz_FFT.o
 .debug_info    0x000000000000152e      0x714 objdir-CW308_SAM4S/startup_sam4s.o
 .debug_info    0x0000000000001c42      0x906 objdir-CW308_SAM4S/sam4s_hal.o
 .debug_info    0x0000000000002548      0x89b objdir-CW308_SAM4S/uart.o
 .debug_info    0x0000000000002de3     0x18ad objdir-CW308_SAM4S/pio.o
 .debug_info    0x0000000000004690      0x457 objdir-CW308_SAM4S/system_sam4s.o
 .debug_info    0x0000000000004ae7     0x124c objdir-CW308_SAM4S/pmc.o
 .debug_info    0x0000000000005d33      0x196 /usr/lib/gcc/arm-none-eabi/10.3.1/../../../arm-none-eabi/lib/thumb/v7e-m/nofp/libm.a(lib_a-cexp.o)
 .debug_info    0x0000000000005ec9      0x110 /usr/lib/gcc/arm-none-eabi/10.3.1/../../../arm-none-eabi/lib/thumb/v7e-m/nofp/libm.a(lib_a-cimag.o)
 .debug_info    0x0000000000005fd9      0x115 /usr/lib/gcc/arm-none-eabi/10.3.1/../../../arm-none-eabi/lib/thumb/v7e-m/nofp/libm.a(lib_a-creal.o)
 .debug_info    0x00000000000060ee      0x224 /usr/lib/gcc/arm-none-eabi/10.3.1/../../../arm-none-eabi/lib/thumb/v7e-m/nofp/libm.a(lib_a-s_cos.o)
 .debug_info    0x0000000000006312      0x1f5 /usr/lib/gcc/arm-none-eabi/10.3.1/../../../arm-none-eabi/lib/thumb/v7e-m/nofp/libm.a(lib_a-s_round.o)
 .debug_info    0x0000000000006507      0x22b /usr/lib/gcc/arm-none-eabi/10.3.1/../../../arm-none-eabi/lib/thumb/v7e-m/nofp/libm.a(lib_a-s_sin.o)
 .debug_info    0x0000000000006732      0x1a2 /usr/lib/gcc/arm-none-eabi/10.3.1/../../../arm-none-eabi/lib/thumb/v7e-m/nofp/libm.a(lib_a-w_exp.o)
 .debug_info    0x00000000000068d4      0x190 /usr/lib/gcc/arm-none-eabi/10.3.1/../../../arm-none-eabi/lib/thumb/v7e-m/nofp/libm.a(lib_a-w_log.o)
 .debug_info    0x0000000000006a64      0x24b /usr/lib/gcc/arm-none-eabi/10.3.1/../../../arm-none-eabi/lib/thumb/v7e-m/nofp/libm.a(lib_a-w_pow.o)
 .debug_info    0x0000000000006caf      0x5ba /usr/lib/gcc/arm-none-eabi/10.3.1/../../../arm-none-eabi/lib/thumb/v7e-m/nofp/libm.a(lib_a-e_exp.o)
 .debug_info    0x0000000000007269      0x5a9 /usr/lib/gcc/arm-none-eabi/10.3.1/../../../arm-none-eabi/lib/thumb/v7e-m/nofp/libm.a(lib_a-e_log.o)
 .debug_info    0x0000000000007812      0xc81 /usr/lib/gcc/arm-none-eabi/10.3.1/../../../arm-none-eabi/lib/thumb/v7e-m/nofp/libm.a(lib_a-e_pow.o)
 .debug_info    0x0000000000008493      0x657 /usr/lib/gcc/arm-none-eabi/10.3.1/../../../arm-none-eabi/lib/thumb/v7e-m/nofp/libm.a(lib_a-e_rem_pio2.o)
 .debug_info    0x0000000000008aea      0x2c6 /usr/lib/gcc/arm-none-eabi/10.3.1/../../../arm-none-eabi/lib/thumb/v7e-m/nofp/libm.a(lib_a-e_sqrt.o)
 .debug_info    0x0000000000008db0      0x3f4 /usr/lib/gcc/arm-none-eabi/10.3.1/../../../arm-none-eabi/lib/thumb/v7e-m/nofp/libm.a(lib_a-k_cos.o)
 .debug_info    0x00000000000091a4      0x5cb /usr/lib/gcc/arm-none-eabi/10.3.1/../../../arm-none-eabi/lib/thumb/v7e-m/nofp/libm.a(lib_a-k_rem_pio2.o)
 .debug_info    0x000000000000976f      0x333 /usr/lib/gcc/arm-none-eabi/10.3.1/../../../arm-none-eabi/lib/thumb/v7e-m/nofp/libm.a(lib_a-k_sin.o)
 .debug_info    0x0000000000009aa2      0x151 /usr/lib/gcc/arm-none-eabi/10.3.1/../../../arm-none-eabi/lib/thumb/v7e-m/nofp/libm.a(lib_a-s_fabs.o)
 .debug_info    0x0000000000009bf3      0x143 /usr/lib/gcc/arm-none-eabi/10.3.1/../../../arm-none-eabi/lib/thumb/v7e-m/nofp/libm.a(lib_a-s_finite.o)
 .debug_info    0x0000000000009d36      0x21e /usr/lib/gcc/arm-none-eabi/10.3.1/../../../arm-none-eabi/lib/thumb/v7e-m/nofp/libm.a(lib_a-s_floor.o)
 .debug_info    0x0000000000009f54       0xbb /usr/lib/gcc/arm-none-eabi/10.3.1/../../../arm-none-eabi/lib/thumb/v7e-m/nofp/libm.a(lib_a-s_lib_ver.o)
 .debug_info    0x000000000000a00f       0xd2 /usr/lib/gcc/arm-none-eabi/10.3.1/../../../arm-none-eabi/lib/thumb/v7e-m/nofp/libm.a(lib_a-s_nan.o)
 .debug_info    0x000000000000a0e1      0x2a2 /usr/lib/gcc/arm-none-eabi/10.3.1/../../../arm-none-eabi/lib/thumb/v7e-m/nofp/libm.a(lib_a-s_rint.o)
 .debug_info    0x000000000000a383      0x26d /usr/lib/gcc/arm-none-eabi/10.3.1/../../../arm-none-eabi/lib/thumb/v7e-m/nofp/libm.a(lib_a-s_scalbn.o)
 .debug_info    0x000000000000a5f0       0x26 /usr/lib/gcc/arm-none-eabi/10.3.1/thumb/v7e-m/nofp/libgcc.a(_arm_addsubdf3.o)
 .debug_info    0x000000000000a616       0x26 /usr/lib/gcc/arm-none-eabi/10.3.1/thumb/v7e-m/nofp/libgcc.a(_arm_muldivdf3.o)
 .debug_info    0x000000000000a63c       0x26 /usr/lib/gcc/arm-none-eabi/10.3.1/thumb/v7e-m/nofp/libgcc.a(_arm_cmpdf2.o)
 .debug_info    0x000000000000a662       0x26 /usr/lib/gcc/arm-none-eabi/10.3.1/thumb/v7e-m/nofp/libgcc.a(_arm_unorddf2.o)
 .debug_info    0x000000000000a688       0x26 /usr/lib/gcc/arm-none-eabi/10.3.1/thumb/v7e-m/nofp/libgcc.a(_arm_fixdfsi.o)
 .debug_info    0x000000000000a6ae       0x26 /usr/lib/gcc/arm-none-eabi/10.3.1/thumb/v7e-m/nofp/libgcc.a(_arm_truncdfsf2.o)
 .debug_info    0x000000000000a6d4       0x26 /usr/lib/gcc/arm-none-eabi/10.3.1/thumb/v7e-m/nofp/libgcc.a(_arm_addsubsf3.o)
 .debug_info    0x000000000000a6fa       0x26 /usr/lib/gcc/arm-none-eabi/10.3.1/thumb/v7e-m/nofp/libgcc.a(_arm_muldivsf3.o)
 .debug_info    0x000000000000a720      0x5cb /usr/lib/gcc/arm-none-eabi/10.3.1/thumb/v7e-m/nofp/libgcc.a(_mulsc3.o)
 .debug_info    0x000000000000aceb       0x26 /usr/lib/gcc/arm-none-eabi/10.3.1/thumb/v7e-m/nofp/libgcc.a(_arm_cmpsf2.o)
 .debug_info    0x000000000000ad11       0x26 /usr/lib/gcc/arm-none-eabi/10.3.1/thumb/v7e-m/nofp/libgcc.a(_arm_unordsf2.o)
 .debug_info    0x000000000000ad37      0x7ae /usr/lib/gcc/arm-none-eabi/10.3.1/../../../arm-none-eabi/lib/thumb/v7e-m/nofp/libg_nano.a(lib_a-errno.o)
 .debug_info    0x000000000000b4e5      0x863 /usr/lib/gcc/arm-none-eabi/10.3.1/../../../arm-none-eabi/lib/thumb/v7e-m/nofp/libg_nano.a(lib_a-impure.o)
 .debug_info    0x000000000000bd48      0x11a /usr/lib/gcc/arm-none-eabi/10.3.1/../../../arm-none-eabi/lib/thumb/v7e-m/nofp/libg_nano.a(lib_a-init.o)
 .debug_info    0x000000000000be62      0x832 /usr/lib/gcc/arm-none-eabi/10.3.1/../../../arm-none-eabi/lib/thumb/v7e-m/nofp/libg_nano.a(lib_a-malloc.o)
 .debug_info    0x000000000000c694       0x26 /usr/lib/gcc/arm-none-eabi/10.3.1/../../../arm-none-eabi/lib/thumb/v7e-m/nofp/libg_nano.a(lib_a-memcpy.o)
 .debug_info    0x000000000000c6ba      0x137 /usr/lib/gcc/arm-none-eabi/10.3.1/../../../arm-none-eabi/lib/thumb/v7e-m/nofp/libg_nano.a(lib_a-memset.o)
 .debug_info    0x000000000000c7f1      0x92b /usr/lib/gcc/arm-none-eabi/10.3.1/../../../arm-none-eabi/lib/thumb/v7e-m/nofp/libg_nano.a(lib_a-nano-freer.o)
 .debug_info    0x000000000000d11c      0xa0c /usr/lib/gcc/arm-none-eabi/10.3.1/../../../arm-none-eabi/lib/thumb/v7e-m/nofp/libg_nano.a(lib_a-nano-mallocr.o)
 .debug_info    0x000000000000db28      0x828 /usr/lib/gcc/arm-none-eabi/10.3.1/../../../arm-none-eabi/lib/thumb/v7e-m/nofp/libg_nano.a(lib_a-sbrkr.o)
 .debug_info    0x000000000000e350      0x926 /usr/lib/gcc/arm-none-eabi/10.3.1/../../../arm-none-eabi/lib/thumb/v7e-m/nofp/libg_nano.a(lib_a-sprintf.o)
 .debug_info    0x000000000000ec76      0x7dc /usr/lib/gcc/arm-none-eabi/10.3.1/../../../arm-none-eabi/lib/thumb/v7e-m/nofp/libg_nano.a(lib_a-mlock.o)
 .debug_info    0x000000000000f452     0x10d5 /usr/lib/gcc/arm-none-eabi/10.3.1/../../../arm-none-eabi/lib/thumb/v7e-m/nofp/libg_nano.a(lib_a-nano-svfprintf.o)
 .debug_info    0x0000000000010527      0xe9e /usr/lib/gcc/arm-none-eabi/10.3.1/../../../arm-none-eabi/lib/thumb/v7e-m/nofp/libg_nano.a(lib_a-nano-vfprintf_i.o)
 .debug_info    0x00000000000113c5      0xa7e /usr/lib/gcc/arm-none-eabi/10.3.1/../../../arm-none-eabi/lib/thumb/v7e-m/nofp/libg_nano.a(lib_a-reent.o)
 .debug_info    0x0000000000011e43       0x26 /usr/lib/gcc/arm-none-eabi/10.3.1/../../../arm-none-eabi/lib/thumb/v7e-m/nofp/libg_nano.a(lib_a-memchr.o)
 .debug_info    0x0000000000011e69      0x152 /usr/lib/gcc/arm-none-eabi/10.3.1/../../../arm-none-eabi/lib/thumb/v7e-m/nofp/libg_nano.a(lib_a-memmove.o)
 .debug_info    0x0000000000011fbb      0x911 /usr/lib/gcc/arm-none-eabi/10.3.1/../../../arm-none-eabi/lib/thumb/v7e-m/nofp/libg_nano.a(lib_a-nano-reallocr.o)
 .debug_info    0x00000000000128cc      0x840 /usr/lib/gcc/arm-none-eabi/10.3.1/../../../arm-none-eabi/lib/thumb/v7e-m/nofp/libg_nano.a(lib_a-nano-msizer.o)
 .debug_info    0x000000000001310c       0x9d /usr/lib/gcc/arm-none-eabi/10.3.1/../../../arm-none-eabi/lib/thumb/v7e-m/nofp/libnosys.a(sbrk.o)

.debug_abbrev   0x0000000000000000     0x4c13
 .debug_abbrev  0x0000000000000000      0x4d0 objdir-CW308_SAM4S/Toeplitz_FFT.o
 .debug_abbrev  0x00000000000004d0      0x1cb objdir-CW308_SAM4S/startup_sam4s.o
 .debug_abbrev  0x000000000000069b      0x277 objdir-CW308_SAM4S/sam4s_hal.o
 .debug_abbrev  0x0000000000000912      0x21f objdir-CW308_SAM4S/uart.o
 .debug_abbrev  0x0000000000000b31      0x357 objdir-CW308_SAM4S/pio.o
 .debug_abbrev  0x0000000000000e88      0x11f objdir-CW308_SAM4S/system_sam4s.o
 .debug_abbrev  0x0000000000000fa7      0x2a8 objdir-CW308_SAM4S/pmc.o
 .debug_abbrev  0x000000000000124f       0xba /usr/lib/gcc/arm-none-eabi/10.3.1/../../../arm-none-eabi/lib/thumb/v7e-m/nofp/libm.a(lib_a-cexp.o)
 .debug_abbrev  0x0000000000001309       0xb7 /usr/lib/gcc/arm-none-eabi/10.3.1/../../../arm-none-eabi/lib/thumb/v7e-m/nofp/libm.a(lib_a-cimag.o)
 .debug_abbrev  0x00000000000013c0       0xb4 /usr/lib/gcc/arm-none-eabi/10.3.1/../../../arm-none-eabi/lib/thumb/v7e-m/nofp/libm.a(lib_a-creal.o)
 .debug_abbrev  0x0000000000001474      0x16c /usr/lib/gcc/arm-none-eabi/10.3.1/../../../arm-none-eabi/lib/thumb/v7e-m/nofp/libm.a(lib_a-s_cos.o)
 .debug_abbrev  0x00000000000015e0      0x12a /usr/lib/gcc/arm-none-eabi/10.3.1/../../../arm-none-eabi/lib/thumb/v7e-m/nofp/libm.a(lib_a-s_round.o)
 .debug_abbrev  0x000000000000170a      0x169 /usr/lib/gcc/arm-none-eabi/10.3.1/../../../arm-none-eabi/lib/thumb/v7e-m/nofp/libm.a(lib_a-s_sin.o)
 .debug_abbrev  0x0000000000001873      0x106 /usr/lib/gcc/arm-none-eabi/10.3.1/../../../arm-none-eabi/lib/thumb/v7e-m/nofp/libm.a(lib_a-w_exp.o)
 .debug_abbrev  0x0000000000001979      0x10f /usr/lib/gcc/arm-none-eabi/10.3.1/../../../arm-none-eabi/lib/thumb/v7e-m/nofp/libm.a(lib_a-w_log.o)
 .debug_abbrev  0x0000000000001a88      0x101 /usr/lib/gcc/arm-none-eabi/10.3.1/../../../arm-none-eabi/lib/thumb/v7e-m/nofp/libm.a(lib_a-w_pow.o)
 .debug_abbrev  0x0000000000001b89      0x184 /usr/lib/gcc/arm-none-eabi/10.3.1/../../../arm-none-eabi/lib/thumb/v7e-m/nofp/libm.a(lib_a-e_exp.o)
 .debug_abbrev  0x0000000000001d0d      0x148 /usr/lib/gcc/arm-none-eabi/10.3.1/../../../arm-none-eabi/lib/thumb/v7e-m/nofp/libm.a(lib_a-e_log.o)
 .debug_abbrev  0x0000000000001e55      0x1f6 /usr/lib/gcc/arm-none-eabi/10.3.1/../../../arm-none-eabi/lib/thumb/v7e-m/nofp/libm.a(lib_a-e_pow.o)
 .debug_abbrev  0x000000000000204b      0x1b2 /usr/lib/gcc/arm-none-eabi/10.3.1/../../../arm-none-eabi/lib/thumb/v7e-m/nofp/libm.a(lib_a-e_rem_pio2.o)
 .debug_abbrev  0x00000000000021fd      0x155 /usr/lib/gcc/arm-none-eabi/10.3.1/../../../arm-none-eabi/lib/thumb/v7e-m/nofp/libm.a(lib_a-e_sqrt.o)
 .debug_abbrev  0x0000000000002352      0x133 /usr/lib/gcc/arm-none-eabi/10.3.1/../../../arm-none-eabi/lib/thumb/v7e-m/nofp/libm.a(lib_a-k_cos.o)
 .debug_abbrev  0x0000000000002485      0x173 /usr/lib/gcc/arm-none-eabi/10.3.1/../../../arm-none-eabi/lib/thumb/v7e-m/nofp/libm.a(lib_a-k_rem_pio2.o)
 .debug_abbrev  0x00000000000025f8      0x127 /usr/lib/gcc/arm-none-eabi/10.3.1/../../../arm-none-eabi/lib/thumb/v7e-m/nofp/libm.a(lib_a-k_sin.o)
 .debug_abbrev  0x000000000000271f       0xe6 /usr/lib/gcc/arm-none-eabi/10.3.1/../../../arm-none-eabi/lib/thumb/v7e-m/nofp/libm.a(lib_a-s_fabs.o)
 .debug_abbrev  0x0000000000002805       0xdd /usr/lib/gcc/arm-none-eabi/10.3.1/../../../arm-none-eabi/lib/thumb/v7e-m/nofp/libm.a(lib_a-s_finite.o)
 .debug_abbrev  0x00000000000028e2      0x11f /usr/lib/gcc/arm-none-eabi/10.3.1/../../../arm-none-eabi/lib/thumb/v7e-m/nofp/libm.a(lib_a-s_floor.o)
 .debug_abbrev  0x0000000000002a01       0x6f /usr/lib/gcc/arm-none-eabi/10.3.1/../../../arm-none-eabi/lib/thumb/v7e-m/nofp/libm.a(lib_a-s_lib_ver.o)
 .debug_abbrev  0x0000000000002a70       0x7b /usr/lib/gcc/arm-none-eabi/10.3.1/../../../arm-none-eabi/lib/thumb/v7e-m/nofp/libm.a(lib_a-s_nan.o)
 .debug_abbrev  0x0000000000002aeb      0x15d /usr/lib/gcc/arm-none-eabi/10.3.1/../../../arm-none-eabi/lib/thumb/v7e-m/nofp/libm.a(lib_a-s_rint.o)
 .debug_abbrev  0x0000000000002c48      0x142 /usr/lib/gcc/arm-none-eabi/10.3.1/../../../arm-none-eabi/lib/thumb/v7e-m/nofp/libm.a(lib_a-s_scalbn.o)
 .debug_abbrev  0x0000000000002d8a       0x14 /usr/lib/gcc/arm-none-eabi/10.3.1/thumb/v7e-m/nofp/libgcc.a(_arm_addsubdf3.o)
 .debug_abbrev  0x0000000000002d9e       0x14 /usr/lib/gcc/arm-none-eabi/10.3.1/thumb/v7e-m/nofp/libgcc.a(_arm_muldivdf3.o)
 .debug_abbrev  0x0000000000002db2       0x14 /usr/lib/gcc/arm-none-eabi/10.3.1/thumb/v7e-m/nofp/libgcc.a(_arm_cmpdf2.o)
 .debug_abbrev  0x0000000000002dc6       0x14 /usr/lib/gcc/arm-none-eabi/10.3.1/thumb/v7e-m/nofp/libgcc.a(_arm_unorddf2.o)
 .debug_abbrev  0x0000000000002dda       0x14 /usr/lib/gcc/arm-none-eabi/10.3.1/thumb/v7e-m/nofp/libgcc.a(_arm_fixdfsi.o)
 .debug_abbrev  0x0000000000002dee       0x14 /usr/lib/gcc/arm-none-eabi/10.3.1/thumb/v7e-m/nofp/libgcc.a(_arm_truncdfsf2.o)
 .debug_abbrev  0x0000000000002e02       0x14 /usr/lib/gcc/arm-none-eabi/10.3.1/thumb/v7e-m/nofp/libgcc.a(_arm_addsubsf3.o)
 .debug_abbrev  0x0000000000002e16       0x14 /usr/lib/gcc/arm-none-eabi/10.3.1/thumb/v7e-m/nofp/libgcc.a(_arm_muldivsf3.o)
 .debug_abbrev  0x0000000000002e2a      0x120 /usr/lib/gcc/arm-none-eabi/10.3.1/thumb/v7e-m/nofp/libgcc.a(_mulsc3.o)
 .debug_abbrev  0x0000000000002f4a       0x14 /usr/lib/gcc/arm-none-eabi/10.3.1/thumb/v7e-m/nofp/libgcc.a(_arm_cmpsf2.o)
 .debug_abbrev  0x0000000000002f5e       0x14 /usr/lib/gcc/arm-none-eabi/10.3.1/thumb/v7e-m/nofp/libgcc.a(_arm_unordsf2.o)
 .debug_abbrev  0x0000000000002f72      0x157 /usr/lib/gcc/arm-none-eabi/10.3.1/../../../arm-none-eabi/lib/thumb/v7e-m/nofp/libg_nano.a(lib_a-errno.o)
 .debug_abbrev  0x00000000000030c9      0x151 /usr/lib/gcc/arm-none-eabi/10.3.1/../../../arm-none-eabi/lib/thumb/v7e-m/nofp/libg_nano.a(lib_a-impure.o)
 .debug_abbrev  0x000000000000321a       0xcc /usr/lib/gcc/arm-none-eabi/10.3.1/../../../arm-none-eabi/lib/thumb/v7e-m/nofp/libg_nano.a(lib_a-init.o)
 .debug_abbrev  0x00000000000032e6      0x1b6 /usr/lib/gcc/arm-none-eabi/10.3.1/../../../arm-none-eabi/lib/thumb/v7e-m/nofp/libg_nano.a(lib_a-malloc.o)
 .debug_abbrev  0x000000000000349c       0x14 /usr/lib/gcc/arm-none-eabi/10.3.1/../../../arm-none-eabi/lib/thumb/v7e-m/nofp/libg_nano.a(lib_a-memcpy.o)
 .debug_abbrev  0x00000000000034b0       0xb4 /usr/lib/gcc/arm-none-eabi/10.3.1/../../../arm-none-eabi/lib/thumb/v7e-m/nofp/libg_nano.a(lib_a-memset.o)
 .debug_abbrev  0x0000000000003564      0x245 /usr/lib/gcc/arm-none-eabi/10.3.1/../../../arm-none-eabi/lib/thumb/v7e-m/nofp/libg_nano.a(lib_a-nano-freer.o)
 .debug_abbrev  0x00000000000037a9      0x290 /usr/lib/gcc/arm-none-eabi/10.3.1/../../../arm-none-eabi/lib/thumb/v7e-m/nofp/libg_nano.a(lib_a-nano-mallocr.o)
 .debug_abbrev  0x0000000000003a39      0x1d6 /usr/lib/gcc/arm-none-eabi/10.3.1/../../../arm-none-eabi/lib/thumb/v7e-m/nofp/libg_nano.a(lib_a-sbrkr.o)
 .debug_abbrev  0x0000000000003c0f      0x213 /usr/lib/gcc/arm-none-eabi/10.3.1/../../../arm-none-eabi/lib/thumb/v7e-m/nofp/libg_nano.a(lib_a-sprintf.o)
 .debug_abbrev  0x0000000000003e22      0x189 /usr/lib/gcc/arm-none-eabi/10.3.1/../../../arm-none-eabi/lib/thumb/v7e-m/nofp/libg_nano.a(lib_a-mlock.o)
 .debug_abbrev  0x0000000000003fab      0x2ca /usr/lib/gcc/arm-none-eabi/10.3.1/../../../arm-none-eabi/lib/thumb/v7e-m/nofp/libg_nano.a(lib_a-nano-svfprintf.o)
 .debug_abbrev  0x0000000000004275      0x25c /usr/lib/gcc/arm-none-eabi/10.3.1/../../../arm-none-eabi/lib/thumb/v7e-m/nofp/libg_nano.a(lib_a-nano-vfprintf_i.o)
 .debug_abbrev  0x00000000000044d1      0x265 /usr/lib/gcc/arm-none-eabi/10.3.1/../../../arm-none-eabi/lib/thumb/v7e-m/nofp/libg_nano.a(lib_a-reent.o)
 .debug_abbrev  0x0000000000004736       0x14 /usr/lib/gcc/arm-none-eabi/10.3.1/../../../arm-none-eabi/lib/thumb/v7e-m/nofp/libg_nano.a(lib_a-memchr.o)
 .debug_abbrev  0x000000000000474a       0xc0 /usr/lib/gcc/arm-none-eabi/10.3.1/../../../arm-none-eabi/lib/thumb/v7e-m/nofp/libg_nano.a(lib_a-memmove.o)
 .debug_abbrev  0x000000000000480a      0x1d6 /usr/lib/gcc/arm-none-eabi/10.3.1/../../../arm-none-eabi/lib/thumb/v7e-m/nofp/libg_nano.a(lib_a-nano-reallocr.o)
 .debug_abbrev  0x00000000000049e0      0x191 /usr/lib/gcc/arm-none-eabi/10.3.1/../../../arm-none-eabi/lib/thumb/v7e-m/nofp/libg_nano.a(lib_a-nano-msizer.o)
 .debug_abbrev  0x0000000000004b71       0xa2 /usr/lib/gcc/arm-none-eabi/10.3.1/../../../arm-none-eabi/lib/thumb/v7e-m/nofp/libnosys.a(sbrk.o)

.debug_loc      0x0000000000000000     0x9eb2
 .debug_loc     0x0000000000000000     0x14dc objdir-CW308_SAM4S/Toeplitz_FFT.o
 .debug_loc     0x00000000000014dc       0x51 objdir-CW308_SAM4S/startup_sam4s.o
 .debug_loc     0x000000000000152d      0x1fd objdir-CW308_SAM4S/sam4s_hal.o
 .debug_loc     0x000000000000172a      0x246 objdir-CW308_SAM4S/uart.o
 .debug_loc     0x0000000000001970      0xe03 objdir-CW308_SAM4S/pio.o
 .debug_loc     0x0000000000002773       0x20 objdir-CW308_SAM4S/system_sam4s.o
 .debug_loc     0x0000000000002793      0xa89 objdir-CW308_SAM4S/pmc.o
 .debug_loc     0x000000000000321c       0x4e /usr/lib/gcc/arm-none-eabi/10.3.1/../../../arm-none-eabi/lib/thumb/v7e-m/nofp/libm.a(lib_a-cexp.o)
 .debug_loc     0x000000000000326a       0x20 /usr/lib/gcc/arm-none-eabi/10.3.1/../../../arm-none-eabi/lib/thumb/v7e-m/nofp/libm.a(lib_a-cimag.o)
 .debug_loc     0x000000000000328a      0x116 /usr/lib/gcc/arm-none-eabi/10.3.1/../../../arm-none-eabi/lib/thumb/v7e-m/nofp/libm.a(lib_a-s_cos.o)
 .debug_loc     0x00000000000033a0      0x21d /usr/lib/gcc/arm-none-eabi/10.3.1/../../../arm-none-eabi/lib/thumb/v7e-m/nofp/libm.a(lib_a-s_round.o)
 .debug_loc     0x00000000000035bd       0xef /usr/lib/gcc/arm-none-eabi/10.3.1/../../../arm-none-eabi/lib/thumb/v7e-m/nofp/libm.a(lib_a-s_sin.o)
 .debug_loc     0x00000000000036ac       0x6a /usr/lib/gcc/arm-none-eabi/10.3.1/../../../arm-none-eabi/lib/thumb/v7e-m/nofp/libm.a(lib_a-w_exp.o)
 .debug_loc     0x0000000000003716       0x58 /usr/lib/gcc/arm-none-eabi/10.3.1/../../../arm-none-eabi/lib/thumb/v7e-m/nofp/libm.a(lib_a-w_log.o)
 .debug_loc     0x000000000000376e       0xcc /usr/lib/gcc/arm-none-eabi/10.3.1/../../../arm-none-eabi/lib/thumb/v7e-m/nofp/libm.a(lib_a-w_pow.o)
 .debug_loc     0x000000000000383a      0x474 /usr/lib/gcc/arm-none-eabi/10.3.1/../../../arm-none-eabi/lib/thumb/v7e-m/nofp/libm.a(lib_a-e_exp.o)
 .debug_loc     0x0000000000003cae      0x7dd /usr/lib/gcc/arm-none-eabi/10.3.1/../../../arm-none-eabi/lib/thumb/v7e-m/nofp/libm.a(lib_a-e_log.o)
 .debug_loc     0x000000000000448b     0x1142 /usr/lib/gcc/arm-none-eabi/10.3.1/../../../arm-none-eabi/lib/thumb/v7e-m/nofp/libm.a(lib_a-e_pow.o)
 .debug_loc     0x00000000000055cd      0x54f /usr/lib/gcc/arm-none-eabi/10.3.1/../../../arm-none-eabi/lib/thumb/v7e-m/nofp/libm.a(lib_a-e_rem_pio2.o)
 .debug_loc     0x0000000000005b1c      0x55a /usr/lib/gcc/arm-none-eabi/10.3.1/../../../arm-none-eabi/lib/thumb/v7e-m/nofp/libm.a(lib_a-e_sqrt.o)
 .debug_loc     0x0000000000006076      0x28f /usr/lib/gcc/arm-none-eabi/10.3.1/../../../arm-none-eabi/lib/thumb/v7e-m/nofp/libm.a(lib_a-k_cos.o)
 .debug_loc     0x0000000000006305      0xeb4 /usr/lib/gcc/arm-none-eabi/10.3.1/../../../arm-none-eabi/lib/thumb/v7e-m/nofp/libm.a(lib_a-k_rem_pio2.o)
 .debug_loc     0x00000000000071b9      0x166 /usr/lib/gcc/arm-none-eabi/10.3.1/../../../arm-none-eabi/lib/thumb/v7e-m/nofp/libm.a(lib_a-k_sin.o)
 .debug_loc     0x000000000000731f       0x1a /usr/lib/gcc/arm-none-eabi/10.3.1/../../../arm-none-eabi/lib/thumb/v7e-m/nofp/libm.a(lib_a-s_fabs.o)
 .debug_loc     0x0000000000007339       0x2c /usr/lib/gcc/arm-none-eabi/10.3.1/../../../arm-none-eabi/lib/thumb/v7e-m/nofp/libm.a(lib_a-s_finite.o)
 .debug_loc     0x0000000000007365      0x1fc /usr/lib/gcc/arm-none-eabi/10.3.1/../../../arm-none-eabi/lib/thumb/v7e-m/nofp/libm.a(lib_a-s_floor.o)
 .debug_loc     0x0000000000007561       0x25 /usr/lib/gcc/arm-none-eabi/10.3.1/../../../arm-none-eabi/lib/thumb/v7e-m/nofp/libm.a(lib_a-s_nan.o)
 .debug_loc     0x0000000000007586      0x344 /usr/lib/gcc/arm-none-eabi/10.3.1/../../../arm-none-eabi/lib/thumb/v7e-m/nofp/libm.a(lib_a-s_rint.o)
 .debug_loc     0x00000000000078ca      0x234 /usr/lib/gcc/arm-none-eabi/10.3.1/../../../arm-none-eabi/lib/thumb/v7e-m/nofp/libm.a(lib_a-s_scalbn.o)
 .debug_loc     0x0000000000007afe      0x31b /usr/lib/gcc/arm-none-eabi/10.3.1/thumb/v7e-m/nofp/libgcc.a(_mulsc3.o)
 .debug_loc     0x0000000000007e19       0xba /usr/lib/gcc/arm-none-eabi/10.3.1/../../../arm-none-eabi/lib/thumb/v7e-m/nofp/libg_nano.a(lib_a-init.o)
 .debug_loc     0x0000000000007ed3       0x64 /usr/lib/gcc/arm-none-eabi/10.3.1/../../../arm-none-eabi/lib/thumb/v7e-m/nofp/libg_nano.a(lib_a-malloc.o)
 .debug_loc     0x0000000000007f37      0x22c /usr/lib/gcc/arm-none-eabi/10.3.1/../../../arm-none-eabi/lib/thumb/v7e-m/nofp/libg_nano.a(lib_a-memset.o)
 .debug_loc     0x0000000000008163      0x23a /usr/lib/gcc/arm-none-eabi/10.3.1/../../../arm-none-eabi/lib/thumb/v7e-m/nofp/libg_nano.a(lib_a-nano-freer.o)
 .debug_loc     0x000000000000839d      0x3cd /usr/lib/gcc/arm-none-eabi/10.3.1/../../../arm-none-eabi/lib/thumb/v7e-m/nofp/libg_nano.a(lib_a-nano-mallocr.o)
 .debug_loc     0x000000000000876a       0x6c /usr/lib/gcc/arm-none-eabi/10.3.1/../../../arm-none-eabi/lib/thumb/v7e-m/nofp/libg_nano.a(lib_a-sbrkr.o)
 .debug_loc     0x00000000000087d6       0xb7 /usr/lib/gcc/arm-none-eabi/10.3.1/../../../arm-none-eabi/lib/thumb/v7e-m/nofp/libg_nano.a(lib_a-sprintf.o)
 .debug_loc     0x000000000000888d      0x83b /usr/lib/gcc/arm-none-eabi/10.3.1/../../../arm-none-eabi/lib/thumb/v7e-m/nofp/libg_nano.a(lib_a-nano-svfprintf.o)
 .debug_loc     0x00000000000090c8      0x6d7 /usr/lib/gcc/arm-none-eabi/10.3.1/../../../arm-none-eabi/lib/thumb/v7e-m/nofp/libg_nano.a(lib_a-nano-vfprintf_i.o)
 .debug_loc     0x000000000000979f      0x1cd /usr/lib/gcc/arm-none-eabi/10.3.1/../../../arm-none-eabi/lib/thumb/v7e-m/nofp/libg_nano.a(lib_a-reent.o)
 .debug_loc     0x000000000000996c      0x34f /usr/lib/gcc/arm-none-eabi/10.3.1/../../../arm-none-eabi/lib/thumb/v7e-m/nofp/libg_nano.a(lib_a-memmove.o)
 .debug_loc     0x0000000000009cbb      0x133 /usr/lib/gcc/arm-none-eabi/10.3.1/../../../arm-none-eabi/lib/thumb/v7e-m/nofp/libg_nano.a(lib_a-nano-reallocr.o)
 .debug_loc     0x0000000000009dee       0x86 /usr/lib/gcc/arm-none-eabi/10.3.1/../../../arm-none-eabi/lib/thumb/v7e-m/nofp/libg_nano.a(lib_a-nano-msizer.o)
 .debug_loc     0x0000000000009e74       0x3e /usr/lib/gcc/arm-none-eabi/10.3.1/../../../arm-none-eabi/lib/thumb/v7e-m/nofp/libnosys.a(sbrk.o)

.debug_aranges  0x0000000000000000      0xc90
 .debug_aranges
                0x0000000000000000       0xc0 objdir-CW308_SAM4S/Toeplitz_FFT.o
 .debug_aranges
                0x00000000000000c0       0x28 objdir-CW308_SAM4S/startup_sam4s.o
 .debug_aranges
                0x00000000000000e8       0x50 objdir-CW308_SAM4S/sam4s_hal.o
 .debug_aranges
                0x0000000000000138       0xe0 objdir-CW308_SAM4S/uart.o
 .debug_aranges
                0x0000000000000218      0x190 objdir-CW308_SAM4S/pio.o
 .debug_aranges
                0x00000000000003a8       0x30 objdir-CW308_SAM4S/system_sam4s.o
 .debug_aranges
                0x00000000000003d8      0x208 objdir-CW308_SAM4S/pmc.o
 .debug_aranges
                0x00000000000005e0       0x20 /usr/lib/gcc/arm-none-eabi/10.3.1/../../../arm-none-eabi/lib/thumb/v7e-m/nofp/libm.a(lib_a-cexp.o)
 .debug_aranges
                0x0000000000000600       0x20 /usr/lib/gcc/arm-none-eabi/10.3.1/../../../arm-none-eabi/lib/thumb/v7e-m/nofp/libm.a(lib_a-cimag.o)
 .debug_aranges
                0x0000000000000620       0x20 /usr/lib/gcc/arm-none-eabi/10.3.1/../../../arm-none-eabi/lib/thumb/v7e-m/nofp/libm.a(lib_a-creal.o)
 .debug_aranges
                0x0000000000000640       0x20 /usr/lib/gcc/arm-none-eabi/10.3.1/../../../arm-none-eabi/lib/thumb/v7e-m/nofp/libm.a(lib_a-s_cos.o)
 .debug_aranges
                0x0000000000000660       0x20 /usr/lib/gcc/arm-none-eabi/10.3.1/../../../arm-none-eabi/lib/thumb/v7e-m/nofp/libm.a(lib_a-s_round.o)
 .debug_aranges
                0x0000000000000680       0x20 /usr/lib/gcc/arm-none-eabi/10.3.1/../../../arm-none-eabi/lib/thumb/v7e-m/nofp/libm.a(lib_a-s_sin.o)
 .debug_aranges
                0x00000000000006a0       0x20 /usr/lib/gcc/arm-none-eabi/10.3.1/../../../arm-none-eabi/lib/thumb/v7e-m/nofp/libm.a(lib_a-w_exp.o)
 .debug_aranges
                0x00000000000006c0       0x20 /usr/lib/gcc/arm-none-eabi/10.3.1/../../../arm-none-eabi/lib/thumb/v7e-m/nofp/libm.a(lib_a-w_log.o)
 .debug_aranges
                0x00000000000006e0       0x20 /usr/lib/gcc/arm-none-eabi/10.3.1/../../../arm-none-eabi/lib/thumb/v7e-m/nofp/libm.a(lib_a-w_pow.o)
 .debug_aranges
                0x0000000000000700       0x20 /usr/lib/gcc/arm-none-eabi/10.3.1/../../../arm-none-eabi/lib/thumb/v7e-m/nofp/libm.a(lib_a-e_exp.o)
 .debug_aranges
                0x0000000000000720       0x20 /usr/lib/gcc/arm-none-eabi/10.3.1/../../../arm-none-eabi/lib/thumb/v7e-m/nofp/libm.a(lib_a-e_log.o)
 .debug_aranges
                0x0000000000000740       0x20 /usr/lib/gcc/arm-none-eabi/10.3.1/../../../arm-none-eabi/lib/thumb/v7e-m/nofp/libm.a(lib_a-e_pow.o)
 .debug_aranges
                0x0000000000000760       0x20 /usr/lib/gcc/arm-none-eabi/10.3.1/../../../arm-none-eabi/lib/thumb/v7e-m/nofp/libm.a(lib_a-e_rem_pio2.o)
 .debug_aranges
                0x0000000000000780       0x20 /usr/lib/gcc/arm-none-eabi/10.3.1/../../../arm-none-eabi/lib/thumb/v7e-m/nofp/libm.a(lib_a-e_sqrt.o)
 .debug_aranges
                0x00000000000007a0       0x20 /usr/lib/gcc/arm-none-eabi/10.3.1/../../../arm-none-eabi/lib/thumb/v7e-m/nofp/libm.a(lib_a-k_cos.o)
 .debug_aranges
                0x00000000000007c0       0x20 /usr/lib/gcc/arm-none-eabi/10.3.1/../../../arm-none-eabi/lib/thumb/v7e-m/nofp/libm.a(lib_a-k_rem_pio2.o)
 .debug_aranges
                0x00000000000007e0       0x20 /usr/lib/gcc/arm-none-eabi/10.3.1/../../../arm-none-eabi/lib/thumb/v7e-m/nofp/libm.a(lib_a-k_sin.o)
 .debug_aranges
                0x0000000000000800       0x20 /usr/lib/gcc/arm-none-eabi/10.3.1/../../../arm-none-eabi/lib/thumb/v7e-m/nofp/libm.a(lib_a-s_fabs.o)
 .debug_aranges
                0x0000000000000820       0x20 /usr/lib/gcc/arm-none-eabi/10.3.1/../../../arm-none-eabi/lib/thumb/v7e-m/nofp/libm.a(lib_a-s_finite.o)
 .debug_aranges
                0x0000000000000840       0x20 /usr/lib/gcc/arm-none-eabi/10.3.1/../../../arm-none-eabi/lib/thumb/v7e-m/nofp/libm.a(lib_a-s_floor.o)
 .debug_aranges
                0x0000000000000860       0x18 /usr/lib/gcc/arm-none-eabi/10.3.1/../../../arm-none-eabi/lib/thumb/v7e-m/nofp/libm.a(lib_a-s_lib_ver.o)
 .debug_aranges
                0x0000000000000878       0x20 /usr/lib/gcc/arm-none-eabi/10.3.1/../../../arm-none-eabi/lib/thumb/v7e-m/nofp/libm.a(lib_a-s_nan.o)
 .debug_aranges
                0x0000000000000898       0x20 /usr/lib/gcc/arm-none-eabi/10.3.1/../../../arm-none-eabi/lib/thumb/v7e-m/nofp/libm.a(lib_a-s_rint.o)
 .debug_aranges
                0x00000000000008b8       0x20 /usr/lib/gcc/arm-none-eabi/10.3.1/../../../arm-none-eabi/lib/thumb/v7e-m/nofp/libm.a(lib_a-s_scalbn.o)
 .debug_aranges
                0x00000000000008d8       0x20 /usr/lib/gcc/arm-none-eabi/10.3.1/thumb/v7e-m/nofp/libgcc.a(_arm_addsubdf3.o)
 .debug_aranges
                0x00000000000008f8       0x20 /usr/lib/gcc/arm-none-eabi/10.3.1/thumb/v7e-m/nofp/libgcc.a(_arm_muldivdf3.o)
 .debug_aranges
                0x0000000000000918       0x20 /usr/lib/gcc/arm-none-eabi/10.3.1/thumb/v7e-m/nofp/libgcc.a(_arm_cmpdf2.o)
 .debug_aranges
                0x0000000000000938       0x20 /usr/lib/gcc/arm-none-eabi/10.3.1/thumb/v7e-m/nofp/libgcc.a(_arm_unorddf2.o)
 .debug_aranges
                0x0000000000000958       0x20 /usr/lib/gcc/arm-none-eabi/10.3.1/thumb/v7e-m/nofp/libgcc.a(_arm_fixdfsi.o)
 .debug_aranges
                0x0000000000000978       0x20 /usr/lib/gcc/arm-none-eabi/10.3.1/thumb/v7e-m/nofp/libgcc.a(_arm_truncdfsf2.o)
 .debug_aranges
                0x0000000000000998       0x20 /usr/lib/gcc/arm-none-eabi/10.3.1/thumb/v7e-m/nofp/libgcc.a(_arm_addsubsf3.o)
 .debug_aranges
                0x00000000000009b8       0x20 /usr/lib/gcc/arm-none-eabi/10.3.1/thumb/v7e-m/nofp/libgcc.a(_arm_muldivsf3.o)
 .debug_aranges
                0x00000000000009d8       0x20 /usr/lib/gcc/arm-none-eabi/10.3.1/thumb/v7e-m/nofp/libgcc.a(_mulsc3.o)
 .debug_aranges
                0x00000000000009f8       0x20 /usr/lib/gcc/arm-none-eabi/10.3.1/thumb/v7e-m/nofp/libgcc.a(_arm_cmpsf2.o)
 .debug_aranges
                0x0000000000000a18       0x20 /usr/lib/gcc/arm-none-eabi/10.3.1/thumb/v7e-m/nofp/libgcc.a(_arm_unordsf2.o)
 .debug_aranges
                0x0000000000000a38       0x20 /usr/lib/gcc/arm-none-eabi/10.3.1/../../../arm-none-eabi/lib/thumb/v7e-m/nofp/libg_nano.a(lib_a-errno.o)
 .debug_aranges
                0x0000000000000a58       0x18 /usr/lib/gcc/arm-none-eabi/10.3.1/../../../arm-none-eabi/lib/thumb/v7e-m/nofp/libg_nano.a(lib_a-impure.o)
 .debug_aranges
                0x0000000000000a70       0x20 /usr/lib/gcc/arm-none-eabi/10.3.1/../../../arm-none-eabi/lib/thumb/v7e-m/nofp/libg_nano.a(lib_a-init.o)
 .debug_aranges
                0x0000000000000a90       0x20 /usr/lib/gcc/arm-none-eabi/10.3.1/../../../arm-none-eabi/lib/thumb/v7e-m/nofp/libg_nano.a(lib_a-malloc.o)
 .debug_aranges
                0x0000000000000ab0       0x20 /usr/lib/gcc/arm-none-eabi/10.3.1/../../../arm-none-eabi/lib/thumb/v7e-m/nofp/libg_nano.a(lib_a-memcpy.o)
 .debug_aranges
                0x0000000000000ad0       0x20 /usr/lib/gcc/arm-none-eabi/10.3.1/../../../arm-none-eabi/lib/thumb/v7e-m/nofp/libg_nano.a(lib_a-memset.o)
 .debug_aranges
                0x0000000000000af0       0x20 /usr/lib/gcc/arm-none-eabi/10.3.1/../../../arm-none-eabi/lib/thumb/v7e-m/nofp/libg_nano.a(lib_a-nano-freer.o)
 .debug_aranges
                0x0000000000000b10       0x20 /usr/lib/gcc/arm-none-eabi/10.3.1/../../../arm-none-eabi/lib/thumb/v7e-m/nofp/libg_nano.a(lib_a-nano-mallocr.o)
 .debug_aranges
                0x0000000000000b30       0x20 /usr/lib/gcc/arm-none-eabi/10.3.1/../../../arm-none-eabi/lib/thumb/v7e-m/nofp/libg_nano.a(lib_a-sbrkr.o)
 .debug_aranges
                0x0000000000000b50       0x20 /usr/lib/gcc/arm-none-eabi/10.3.1/../../../arm-none-eabi/lib/thumb/v7e-m/nofp/libg_nano.a(lib_a-sprintf.o)
 .debug_aranges
                0x0000000000000b70       0x20 /usr/lib/gcc/arm-none-eabi/10.3.1/../../../arm-none-eabi/lib/thumb/v7e-m/nofp/libg_nano.a(lib_a-mlock.o)
 .debug_aranges
                0x0000000000000b90       0x20 /usr/lib/gcc/arm-none-eabi/10.3.1/../../../arm-none-eabi/lib/thumb/v7e-m/nofp/libg_nano.a(lib_a-nano-svfprintf.o)
 .debug_aranges
                0x0000000000000bb0       0x20 /usr/lib/gcc/arm-none-eabi/10.3.1/../../../arm-none-eabi/lib/thumb/v7e-m/nofp/libg_nano.a(lib_a-nano-vfprintf_i.o)
 .debug_aranges
                0x0000000000000bd0       0x20 /usr/lib/gcc/arm-none-eabi/10.3.1/../../../arm-none-eabi/lib/thumb/v7e-m/nofp/libg_nano.a(lib_a-reent.o)
 .debug_aranges
                0x0000000000000bf0       0x20 /usr/lib/gcc/arm-none-eabi/10.3.1/../../../arm-none-eabi/lib/thumb/v7e-m/nofp/libg_nano.a(lib_a-memchr.o)
 .debug_aranges
                0x0000000000000c10       0x20 /usr/lib/gcc/arm-none-eabi/10.3.1/../../../arm-none-eabi/lib/thumb/v7e-m/nofp/libg_nano.a(lib_a-memmove.o)
 .debug_aranges
                0x0000000000000c30       0x20 /usr/lib/gcc/arm-none-eabi/10.3.1/../../../arm-none-eabi/lib/thumb/v7e-m/nofp/libg_nano.a(lib_a-nano-reallocr.o)
 .debug_aranges
                0x0000000000000c50       0x20 /usr/lib/gcc/arm-none-eabi/10.3.1/../../../arm-none-eabi/lib/thumb/v7e-m/nofp/libg_nano.a(lib_a-nano-msizer.o)
 .debug_aranges
                0x0000000000000c70       0x20 /usr/lib/gcc/arm-none-eabi/10.3.1/../../../arm-none-eabi/lib/thumb/v7e-m/nofp/libnosys.a(sbrk.o)

.debug_ranges   0x0000000000000000      0xfb0
 .debug_ranges  0x0000000000000000      0x4e8 objdir-CW308_SAM4S/Toeplitz_FFT.o
 .debug_ranges  0x00000000000004e8       0x18 objdir-CW308_SAM4S/startup_sam4s.o
 .debug_ranges  0x0000000000000500       0xa8 objdir-CW308_SAM4S/sam4s_hal.o
 .debug_ranges  0x00000000000005a8       0xd0 objdir-CW308_SAM4S/uart.o
 .debug_ranges  0x0000000000000678      0x210 objdir-CW308_SAM4S/pio.o
 .debug_ranges  0x0000000000000888       0x20 objdir-CW308_SAM4S/system_sam4s.o
 .debug_ranges  0x00000000000008a8      0x240 objdir-CW308_SAM4S/pmc.o
 .debug_ranges  0x0000000000000ae8       0x18 /usr/lib/gcc/arm-none-eabi/10.3.1/../../../arm-none-eabi/lib/thumb/v7e-m/nofp/libm.a(lib_a-s_round.o)
 .debug_ranges  0x0000000000000b00       0x70 /usr/lib/gcc/arm-none-eabi/10.3.1/../../../arm-none-eabi/lib/thumb/v7e-m/nofp/libm.a(lib_a-e_exp.o)
 .debug_ranges  0x0000000000000b70       0x48 /usr/lib/gcc/arm-none-eabi/10.3.1/../../../arm-none-eabi/lib/thumb/v7e-m/nofp/libm.a(lib_a-e_log.o)
 .debug_ranges  0x0000000000000bb8      0x1a0 /usr/lib/gcc/arm-none-eabi/10.3.1/../../../arm-none-eabi/lib/thumb/v7e-m/nofp/libm.a(lib_a-e_pow.o)
 .debug_ranges  0x0000000000000d58       0x38 /usr/lib/gcc/arm-none-eabi/10.3.1/../../../arm-none-eabi/lib/thumb/v7e-m/nofp/libm.a(lib_a-e_rem_pio2.o)
 .debug_ranges  0x0000000000000d90       0x18 /usr/lib/gcc/arm-none-eabi/10.3.1/../../../arm-none-eabi/lib/thumb/v7e-m/nofp/libm.a(lib_a-e_sqrt.o)
 .debug_ranges  0x0000000000000da8       0x18 /usr/lib/gcc/arm-none-eabi/10.3.1/../../../arm-none-eabi/lib/thumb/v7e-m/nofp/libm.a(lib_a-k_cos.o)
 .debug_ranges  0x0000000000000dc0       0x18 /usr/lib/gcc/arm-none-eabi/10.3.1/../../../arm-none-eabi/lib/thumb/v7e-m/nofp/libm.a(lib_a-s_floor.o)
 .debug_ranges  0x0000000000000dd8       0x58 /usr/lib/gcc/arm-none-eabi/10.3.1/../../../arm-none-eabi/lib/thumb/v7e-m/nofp/libm.a(lib_a-s_rint.o)
 .debug_ranges  0x0000000000000e30       0x50 /usr/lib/gcc/arm-none-eabi/10.3.1/../../../arm-none-eabi/lib/thumb/v7e-m/nofp/libm.a(lib_a-s_scalbn.o)
 .debug_ranges  0x0000000000000e80       0x18 /usr/lib/gcc/arm-none-eabi/10.3.1/../../../arm-none-eabi/lib/thumb/v7e-m/nofp/libg_nano.a(lib_a-nano-freer.o)
 .debug_ranges  0x0000000000000e98       0x38 /usr/lib/gcc/arm-none-eabi/10.3.1/../../../arm-none-eabi/lib/thumb/v7e-m/nofp/libg_nano.a(lib_a-nano-mallocr.o)
 .debug_ranges  0x0000000000000ed0       0x40 /usr/lib/gcc/arm-none-eabi/10.3.1/../../../arm-none-eabi/lib/thumb/v7e-m/nofp/libg_nano.a(lib_a-nano-svfprintf.o)
 .debug_ranges  0x0000000000000f10       0xa0 /usr/lib/gcc/arm-none-eabi/10.3.1/../../../arm-none-eabi/lib/thumb/v7e-m/nofp/libg_nano.a(lib_a-nano-vfprintf_i.o)

.debug_macro    0x0000000000000000     0xfe4b
 .debug_macro   0x0000000000000000      0x244 objdir-CW308_SAM4S/Toeplitz_FFT.o
 .debug_macro   0x0000000000000244      0xac0 objdir-CW308_SAM4S/Toeplitz_FFT.o
 .debug_macro   0x0000000000000d04      0x34e objdir-CW308_SAM4S/Toeplitz_FFT.o
 .debug_macro   0x0000000000001052      0x17e objdir-CW308_SAM4S/Toeplitz_FFT.o
 .debug_macro   0x00000000000011d0       0x18 objdir-CW308_SAM4S/Toeplitz_FFT.o
 .debug_macro   0x00000000000011e8       0x22 objdir-CW308_SAM4S/Toeplitz_FFT.o
 .debug_macro   0x000000000000120a       0x52 objdir-CW308_SAM4S/Toeplitz_FFT.o
 .debug_macro   0x000000000000125c       0x94 objdir-CW308_SAM4S/Toeplitz_FFT.o
 .debug_macro   0x00000000000012f0       0x35 objdir-CW308_SAM4S/Toeplitz_FFT.o
 .debug_macro   0x0000000000001325       0x34 objdir-CW308_SAM4S/Toeplitz_FFT.o
 .debug_macro   0x0000000000001359       0x16 objdir-CW308_SAM4S/Toeplitz_FFT.o
 .debug_macro   0x000000000000136f      0x10e objdir-CW308_SAM4S/Toeplitz_FFT.o
 .debug_macro   0x000000000000147d       0x86 objdir-CW308_SAM4S/Toeplitz_FFT.o
 .debug_macro   0x0000000000001503       0x16 objdir-CW308_SAM4S/Toeplitz_FFT.o
 .debug_macro   0x0000000000001519       0x43 objdir-CW308_SAM4S/Toeplitz_FFT.o
 .debug_macro   0x000000000000155c       0x57 objdir-CW308_SAM4S/Toeplitz_FFT.o
 .debug_macro   0x00000000000015b3       0x34 objdir-CW308_SAM4S/Toeplitz_FFT.o
 .debug_macro   0x00000000000015e7       0x10 objdir-CW308_SAM4S/Toeplitz_FFT.o
 .debug_macro   0x00000000000015f7       0x52 objdir-CW308_SAM4S/Toeplitz_FFT.o
 .debug_macro   0x0000000000001649      0x182 objdir-CW308_SAM4S/Toeplitz_FFT.o
 .debug_macro   0x00000000000017cb      0x356 objdir-CW308_SAM4S/Toeplitz_FFT.o
 .debug_macro   0x0000000000001b21       0x16 objdir-CW308_SAM4S/Toeplitz_FFT.o
 .debug_macro   0x0000000000001b37       0x29 objdir-CW308_SAM4S/Toeplitz_FFT.o
 .debug_macro   0x0000000000001b60       0x1c objdir-CW308_SAM4S/Toeplitz_FFT.o
 .debug_macro   0x0000000000001b7c       0x35 objdir-CW308_SAM4S/Toeplitz_FFT.o
 .debug_macro   0x0000000000001bb1       0x10 objdir-CW308_SAM4S/Toeplitz_FFT.o
 .debug_macro   0x0000000000001bc1       0x10 objdir-CW308_SAM4S/Toeplitz_FFT.o
 .debug_macro   0x0000000000001bd1       0x6a objdir-CW308_SAM4S/Toeplitz_FFT.o
 .debug_macro   0x0000000000001c3b       0x1c objdir-CW308_SAM4S/Toeplitz_FFT.o
 .debug_macro   0x0000000000001c57       0x52 objdir-CW308_SAM4S/Toeplitz_FFT.o
 .debug_macro   0x0000000000001ca9       0x22 objdir-CW308_SAM4S/Toeplitz_FFT.o
 .debug_macro   0x0000000000001ccb       0x10 objdir-CW308_SAM4S/Toeplitz_FFT.o
 .debug_macro   0x0000000000001cdb       0x40 objdir-CW308_SAM4S/Toeplitz_FFT.o
 .debug_macro   0x0000000000001d1b       0xd5 objdir-CW308_SAM4S/Toeplitz_FFT.o
 .debug_macro   0x0000000000001df0       0x1c objdir-CW308_SAM4S/Toeplitz_FFT.o
 .debug_macro   0x0000000000001e0c       0x3d objdir-CW308_SAM4S/Toeplitz_FFT.o
 .debug_macro   0x0000000000001e49       0x16 objdir-CW308_SAM4S/Toeplitz_FFT.o
 .debug_macro   0x0000000000001e5f      0x16f objdir-CW308_SAM4S/Toeplitz_FFT.o
 .debug_macro   0x0000000000001fce      0x1a9 objdir-CW308_SAM4S/Toeplitz_FFT.o
 .debug_macro   0x0000000000002177       0x1c objdir-CW308_SAM4S/Toeplitz_FFT.o
 .debug_macro   0x0000000000002193       0x16 objdir-CW308_SAM4S/Toeplitz_FFT.o
 .debug_macro   0x00000000000021a9       0x10 objdir-CW308_SAM4S/Toeplitz_FFT.o
 .debug_macro   0x00000000000021b9       0x10 objdir-CW308_SAM4S/Toeplitz_FFT.o
 .debug_macro   0x00000000000021c9       0x35 objdir-CW308_SAM4S/Toeplitz_FFT.o
 .debug_macro   0x00000000000021fe      0x296 objdir-CW308_SAM4S/startup_sam4s.o
 .debug_macro   0x0000000000002494       0x27 objdir-CW308_SAM4S/startup_sam4s.o
 .debug_macro   0x00000000000024bb       0x3b objdir-CW308_SAM4S/startup_sam4s.o
 .debug_macro   0x00000000000024f6       0x2d objdir-CW308_SAM4S/startup_sam4s.o
 .debug_macro   0x0000000000002523       0x26 objdir-CW308_SAM4S/startup_sam4s.o
 .debug_macro   0x0000000000002549      0xbbf objdir-CW308_SAM4S/startup_sam4s.o
 .debug_macro   0x0000000000003108      0x154 objdir-CW308_SAM4S/startup_sam4s.o
 .debug_macro   0x000000000000325c      0xaa5 objdir-CW308_SAM4S/startup_sam4s.o
 .debug_macro   0x0000000000003d01      0x1b4 objdir-CW308_SAM4S/startup_sam4s.o
 .debug_macro   0x0000000000003eb5       0xac objdir-CW308_SAM4S/startup_sam4s.o
 .debug_macro   0x0000000000003f61      0x3f7 objdir-CW308_SAM4S/startup_sam4s.o
 .debug_macro   0x0000000000004358      0x106 objdir-CW308_SAM4S/startup_sam4s.o
 .debug_macro   0x000000000000445e       0x1c objdir-CW308_SAM4S/startup_sam4s.o
 .debug_macro   0x000000000000447a      0x72f objdir-CW308_SAM4S/startup_sam4s.o
 .debug_macro   0x0000000000004ba9      0x2c9 objdir-CW308_SAM4S/startup_sam4s.o
 .debug_macro   0x0000000000004e72       0xbe objdir-CW308_SAM4S/startup_sam4s.o
 .debug_macro   0x0000000000004f30     0x2807 objdir-CW308_SAM4S/startup_sam4s.o
 .debug_macro   0x0000000000007737      0x76e objdir-CW308_SAM4S/startup_sam4s.o
 .debug_macro   0x0000000000007ea5      0xa84 objdir-CW308_SAM4S/startup_sam4s.o
 .debug_macro   0x0000000000008929       0x9a objdir-CW308_SAM4S/startup_sam4s.o
 .debug_macro   0x00000000000089c3      0x3cf objdir-CW308_SAM4S/startup_sam4s.o
 .debug_macro   0x0000000000008d92       0x64 objdir-CW308_SAM4S/startup_sam4s.o
 .debug_macro   0x0000000000008df6      0x37c objdir-CW308_SAM4S/startup_sam4s.o
 .debug_macro   0x0000000000009172      0x61b objdir-CW308_SAM4S/startup_sam4s.o
 .debug_macro   0x000000000000978d      0x686 objdir-CW308_SAM4S/startup_sam4s.o
 .debug_macro   0x0000000000009e13      0x595 objdir-CW308_SAM4S/startup_sam4s.o
 .debug_macro   0x000000000000a3a8      0x344 objdir-CW308_SAM4S/startup_sam4s.o
 .debug_macro   0x000000000000a6ec      0x283 objdir-CW308_SAM4S/startup_sam4s.o
 .debug_macro   0x000000000000a96f      0x2cd objdir-CW308_SAM4S/startup_sam4s.o
 .debug_macro   0x000000000000ac3c      0x6cf objdir-CW308_SAM4S/startup_sam4s.o
 .debug_macro   0x000000000000b30b       0x76 objdir-CW308_SAM4S/startup_sam4s.o
 .debug_macro   0x000000000000b381       0xb8 objdir-CW308_SAM4S/startup_sam4s.o
 .debug_macro   0x000000000000b439       0xb2 objdir-CW308_SAM4S/startup_sam4s.o
 .debug_macro   0x000000000000b4eb       0x88 objdir-CW308_SAM4S/startup_sam4s.o
 .debug_macro   0x000000000000b573      0x100 objdir-CW308_SAM4S/startup_sam4s.o
 .debug_macro   0x000000000000b673       0x88 objdir-CW308_SAM4S/startup_sam4s.o
 .debug_macro   0x000000000000b6fb       0x88 objdir-CW308_SAM4S/startup_sam4s.o
 .debug_macro   0x000000000000b783      0x2cd objdir-CW308_SAM4S/startup_sam4s.o
 .debug_macro   0x000000000000ba50       0xb2 objdir-CW308_SAM4S/startup_sam4s.o
 .debug_macro   0x000000000000bb02       0xb2 objdir-CW308_SAM4S/startup_sam4s.o
 .debug_macro   0x000000000000bbb4       0x52 objdir-CW308_SAM4S/startup_sam4s.o
 .debug_macro   0x000000000000bc06       0xac objdir-CW308_SAM4S/startup_sam4s.o
 .debug_macro   0x000000000000bcb2       0x7c objdir-CW308_SAM4S/startup_sam4s.o
 .debug_macro   0x000000000000bd2e       0x40 objdir-CW308_SAM4S/startup_sam4s.o
 .debug_macro   0x000000000000bd6e       0x64 objdir-CW308_SAM4S/startup_sam4s.o
 .debug_macro   0x000000000000bdd2       0x4c objdir-CW308_SAM4S/startup_sam4s.o
 .debug_macro   0x000000000000be1e       0xa6 objdir-CW308_SAM4S/startup_sam4s.o
 .debug_macro   0x000000000000bec4       0x7c objdir-CW308_SAM4S/startup_sam4s.o
 .debug_macro   0x000000000000bf40       0x16 objdir-CW308_SAM4S/startup_sam4s.o
 .debug_macro   0x000000000000bf56       0x7c objdir-CW308_SAM4S/startup_sam4s.o
 .debug_macro   0x000000000000bfd2       0x22 objdir-CW308_SAM4S/startup_sam4s.o
 .debug_macro   0x000000000000bff4      0x18b objdir-CW308_SAM4S/startup_sam4s.o
 .debug_macro   0x000000000000c17f      0x15b objdir-CW308_SAM4S/startup_sam4s.o
 .debug_macro   0x000000000000c2da       0x1c objdir-CW308_SAM4S/startup_sam4s.o