Archive member included to satisfy reference by file (symbol)

/usr/lib/gcc/arm-none-eabi/10.3.1/thumb/v7e-m/nofp/libgcc.a(_arm_mulsf3.o)
                              objdir-CW308_STM32F3/floating_point_multiply_test.o (__aeabi_fmul)
/usr/lib/gcc/arm-none-eabi/10.3.1/thumb/v7e-m/nofp/libgcc.a(_arm_addsubdf3.o)
                              objdir-CW308_STM32F3/floating_point_multiply_test.o (__aeabi_f2d)
/usr/lib/gcc/arm-none-eabi/10.3.1/../../../arm-none-eabi/lib/thumb/v7e-m/nofp/libg_nano.a(lib_a-atexit.o)
                              /usr/lib/gcc/arm-none-eabi/10.3.1/../../../arm-none-eabi/lib/thumb/v7e-m/nofp/crt0.o (atexit)
/usr/lib/gcc/arm-none-eabi/10.3.1/../../../arm-none-eabi/lib/thumb/v7e-m/nofp/libg_nano.a(lib_a-errno.o)
                              objdir-CW308_STM32F3/stm32f3_sysmem.o (__errno)
/usr/lib/gcc/arm-none-eabi/10.3.1/../../../arm-none-eabi/lib/thumb/v7e-m/nofp/libg_nano.a(lib_a-exit.o)
                              /usr/lib/gcc/arm-none-eabi/10.3.1/../../../arm-none-eabi/lib/thumb/v7e-m/nofp/crt0.o (exit)
/usr/lib/gcc/arm-none-eabi/10.3.1/../../../arm-none-eabi/lib/thumb/v7e-m/nofp/libg_nano.a(lib_a-fflush.o)
                              objdir-CW308_STM32F3/floating_point_multiply_test.o (fflush)
/usr/lib/gcc/arm-none-eabi/10.3.1/../../../arm-none-eabi/lib/thumb/v7e-m/nofp/libg_nano.a(lib_a-findfp.o)
                              /usr/lib/gcc/arm-none-eabi/10.3.1/../../../arm-none-eabi/lib/thumb/v7e-m/nofp/libg_nano.a(lib_a-fflush.o) (__sinit)
/usr/lib/gcc/arm-none-eabi/10.3.1/../../../arm-none-eabi/lib/thumb/v7e-m/nofp/libg_nano.a(lib_a-fini.o)
                              /usr/lib/gcc/arm-none-eabi/10.3.1/../../../arm-none-eabi/lib/thumb/v7e-m/nofp/crt0.o (__libc_fini_array)
/usr/lib/gcc/arm-none-eabi/10.3.1/../../../arm-none-eabi/lib/thumb/v7e-m/nofp/libg_nano.a(lib_a-fwalk.o)
                              /usr/lib/gcc/arm-none-eabi/10.3.1/../../../arm-none-eabi/lib/thumb/v7e-m/nofp/libg_nano.a(lib_a-findfp.o) (_fwalk)
/usr/lib/gcc/arm-none-eabi/10.3.1/../../../arm-none-eabi/lib/thumb/v7e-m/nofp/libg_nano.a(lib_a-getchar.o)
                              objdir-CW308_STM32F3/floating_point_multiply_test.o (getchar)
/usr/lib/gcc/arm-none-eabi/10.3.1/../../../arm-none-eabi/lib/thumb/v7e-m/nofp/libg_nano.a(lib_a-impure.o)
                              /usr/lib/gcc/arm-none-eabi/10.3.1/../../../arm-none-eabi/lib/thumb/v7e-m/nofp/libg_nano.a(lib_a-exit.o) (_global_impure_ptr)
/usr/lib/gcc/arm-none-eabi/10.3.1/../../../arm-none-eabi/lib/thumb/v7e-m/nofp/libg_nano.a(lib_a-init.o)
                              /usr/lib/gcc/arm-none-eabi/10.3.1/../../../arm-none-eabi/lib/thumb/v7e-m/nofp/crt0.o (__libc_init_array)
/usr/lib/gcc/arm-none-eabi/10.3.1/../../../arm-none-eabi/lib/thumb/v7e-m/nofp/libg_nano.a(lib_a-memset.o)
                              /usr/lib/gcc/arm-none-eabi/10.3.1/../../../arm-none-eabi/lib/thumb/v7e-m/nofp/crt0.o (memset)
/usr/lib/gcc/arm-none-eabi/10.3.1/../../../arm-none-eabi/lib/thumb/v7e-m/nofp/libg_nano.a(lib_a-nano-freer.o)
                              /usr/lib/gcc/arm-none-eabi/10.3.1/../../../arm-none-eabi/lib/thumb/v7e-m/nofp/libg_nano.a(lib_a-fflush.o) (_free_r)
/usr/lib/gcc/arm-none-eabi/10.3.1/../../../arm-none-eabi/lib/thumb/v7e-m/nofp/libg_nano.a(lib_a-nano-mallocr.o)
                              /usr/lib/gcc/arm-none-eabi/10.3.1/../../../arm-none-eabi/lib/thumb/v7e-m/nofp/libg_nano.a(lib_a-findfp.o) (_malloc_r)
/usr/lib/gcc/arm-none-eabi/10.3.1/../../../arm-none-eabi/lib/thumb/v7e-m/nofp/libg_nano.a(lib_a-printf.o)
                              objdir-CW308_STM32F3/floating_point_multiply_test.o (printf)
/usr/lib/gcc/arm-none-eabi/10.3.1/../../../arm-none-eabi/lib/thumb/v7e-m/nofp/libg_nano.a(lib_a-puts.o)
                              objdir-CW308_STM32F3/floating_point_multiply_test.o (puts)
/usr/lib/gcc/arm-none-eabi/10.3.1/../../../arm-none-eabi/lib/thumb/v7e-m/nofp/libg_nano.a(lib_a-sbrkr.o)
                              /usr/lib/gcc/arm-none-eabi/10.3.1/../../../arm-none-eabi/lib/thumb/v7e-m/nofp/libg_nano.a(lib_a-nano-mallocr.o) (_sbrk_r)
/usr/lib/gcc/arm-none-eabi/10.3.1/../../../arm-none-eabi/lib/thumb/v7e-m/nofp/libg_nano.a(lib_a-sscanf.o)
                              objdir-CW308_STM32F3/floating_point_multiply_test.o (sscanf)
/usr/lib/gcc/arm-none-eabi/10.3.1/../../../arm-none-eabi/lib/thumb/v7e-m/nofp/libg_nano.a(lib_a-stdio.o)
                              /usr/lib/gcc/arm-none-eabi/10.3.1/../../../arm-none-eabi/lib/thumb/v7e-m/nofp/libg_nano.a(lib_a-findfp.o) (__sread)
/usr/lib/gcc/arm-none-eabi/10.3.1/../../../arm-none-eabi/lib/thumb/v7e-m/nofp/libg_nano.a(lib_a-strlen.o)
                              /usr/lib/gcc/arm-none-eabi/10.3.1/../../../arm-none-eabi/lib/thumb/v7e-m/nofp/libg_nano.a(lib_a-sscanf.o) (strlen)
/usr/lib/gcc/arm-none-eabi/10.3.1/../../../arm-none-eabi/lib/thumb/v7e-m/nofp/libg_nano.a(lib_a-wbuf.o)
[...]
Memory Configuration

Name             Origin             Length             Attributes
RAM              0x0000000020000000 0x000000000000a000 xrw
ROM              0x0000000008000000 0x0000000000040000 xr
*default*        0x0000000000000000 0xffffffffffffffff

Linker script and memory map

LOAD /usr/lib/gcc/arm-none-eabi/10.3.1/thumb/v7e-m/nofp/crti.o
LOAD /usr/lib/gcc/arm-none-eabi/10.3.1/thumb/v7e-m/nofp/crtbegin.o
LOAD /usr/lib/gcc/arm-none-eabi/10.3.1/../../../arm-none-eabi/lib/thumb/v7e-m/nofp/crt0.o
LOAD objdir-CW308_STM32F3/floating_point_multiply_test.o
LOAD objdir-CW308_STM32F3/simpleserial.o
LOAD objdir-CW308_STM32F3/stm32f3_hal.o
LOAD objdir-CW308_STM32F3/stm32f3_hal_lowlevel.o
LOAD objdir-CW308_STM32F3/stm32f3_sysmem.o
LOAD objdir-CW308_STM32F3/stm32f3_startup.o
LOAD /usr/lib/gcc/arm-none-eabi/10.3.1/../../../arm-none-eabi/lib/thumb/v7e-m/nofp/libm.a
LOAD /usr/lib/gcc/arm-none-eabi/10.3.1/../../../arm-none-eabi/lib/thumb/v7e-m/nofp/libm.a
START GROUP
LOAD /usr/lib/gcc/arm-none-eabi/10.3.1/thumb/v7e-m/nofp/libgcc.a
LOAD /usr/lib/gcc/arm-none-eabi/10.3.1/../../../arm-none-eabi/lib/thumb/v7e-m/nofp/libg_nano.a
LOAD /usr/lib/gcc/arm-none-eabi/10.3.1/../../../arm-none-eabi/lib/thumb/v7e-m/nofp/libc_nano.a
END GROUP
START GROUP
LOAD /usr/lib/gcc/arm-none-eabi/10.3.1/thumb/v7e-m/nofp/libgcc.a
LOAD /usr/lib/gcc/arm-none-eabi/10.3.1/../../../arm-none-eabi/lib/thumb/v7e-m/nofp/libc_nano.a
LOAD /usr/lib/gcc/arm-none-eabi/10.3.1/../../../arm-none-eabi/lib/thumb/v7e-m/nofp/libnosys.a
END GROUP
START GROUP
LOAD /usr/lib/gcc/arm-none-eabi/10.3.1/thumb/v7e-m/nofp/libgcc.a
LOAD /usr/lib/gcc/arm-none-eabi/10.3.1/../../../arm-none-eabi/lib/thumb/v7e-m/nofp/libc_nano.a
LOAD /usr/lib/gcc/arm-none-eabi/10.3.1/../../../arm-none-eabi/lib/thumb/v7e-m/nofp/libnosys.a
END GROUP
LOAD /usr/lib/gcc/arm-none-eabi/10.3.1/thumb/v7e-m/nofp/crtend.o
LOAD /usr/lib/gcc/arm-none-eabi/10.3.1/thumb/v7e-m/nofp/crtn.o
                0x000000002000a000                _estack = 0x2000a000
                0x0000000000000000                _Min_Heap_Size = 0x0
                0x0000000000000400                _Min_Stack_Size = 0x400

.isr_vector     0x0000000008000000      0x188
                0x0000000008000000                . = ALIGN (0x4)
 *(.isr_vector)
 .isr_vector    0x0000000008000000      0x188 objdir-CW308_STM32F3/stm32f3_startup.o
                0x0000000008000000                g_pfnVectors
                0x0000000008000188                . = ALIGN (0x4)

.text           0x00000000080001c0     0x3df8
                0x00000000080001c0                . = ALIGN (0x4)
 *(.text)
 .text          0x00000000080001c0       0x88 /usr/lib/gcc/arm-none-eabi/10.3.1/thumb/v7e-m/nofp/crtbegin.o
 .text          0x0000000008000248      0x168 /usr/lib/gcc/arm-none-eabi/10.3.1/thumb/v7e-m/nofp/libgcc.a(_arm_mulsf3.o)
                0x0000000008000248                __mulsf3
                0x0000000008000248                __aeabi_fmul
 .text          0x00000000080003b0      0x378 /usr/lib/gcc/arm-none-eabi/10.3.1/thumb/v7e-m/nofp/libgcc.a(_arm_addsubdf3.o)
                0x00000000080003b0                __aeabi_drsub
                0x00000000080003b8                __aeabi_dsub
                0x00000000080003b8                __subdf3
                0x00000000080003bc                __adddf3
                0x00000000080003bc                __aeabi_dadd
                0x0000000008000634                __aeabi_ui2d
                0x0000000008000634                __floatunsidf
                0x0000000008000654                __floatsidf
                0x0000000008000654                __aeabi_i2d
                0x0000000008000678                __extendsfdf2
                0x0000000008000678                __aeabi_f2d
                0x00000000080006bc                __aeabi_ul2d
                0x00000000080006bc                __floatundidf
                0x00000000080006cc                __floatdidf
                0x00000000080006cc                __aeabi_l2d
 .text          0x0000000008000728        0xc /usr/lib/gcc/arm-none-eabi/10.3.1/../../../arm-none-eabi/lib/thumb/v7e-m/nofp/libg_nano.a(lib_a-errno.o)
                0x0000000008000728                __errno
 .text          0x0000000008000734      0x1d8 /usr/lib/gcc/arm-none-eabi/10.3.1/../../../arm-none-eabi/lib/thumb/v7e-m/nofp/libg_nano.a(lib_a-fflush.o)
                0x0000000008000734                __sflush_r
                0x0000000008000838                _fflush_r
                0x000000000800088c                fflush
 .text          0x000000000800090c      0x238 /usr/lib/gcc/arm-none-eabi/10.3.1/../../../arm-none-eabi/lib/thumb/v7e-m/nofp/libg_nano.a(lib_a-findfp.o)
                0x0000000008000910                _cleanup_r
                0x0000000008000920                __sfmoreglue
                0x0000000008000950                __sfp
                0x0000000008000af0                _cleanup
                0x0000000008000b04                __sinit
                0x0000000008000b0c                __sfp_lock_acquire
                0x0000000008000b10                __sfp_lock_release
                0x0000000008000b14                __sinit_lock_acquire
                0x0000000008000b18                __sinit_lock_release
                0x0000000008000b1c                __fp_lock_all
                0x0000000008000b30                __fp_unlock_all
 .text          0x0000000008000b44       0x88 /usr/lib/gcc/arm-none-eabi/10.3.1/../../../arm-none-eabi/lib/thumb/v7e-m/nofp/libg_nano.a(lib_a-fwalk.o)
                0x0000000008000b44                _fwalk
                0x0000000008000b84                _fwalk_reent
 .text          0x0000000008000bcc       0x58 /usr/lib/gcc/arm-none-eabi/10.3.1/../../../arm-none-eabi/lib/thumb/v7e-m/nofp/libg_nano.a(lib_a-getchar.o)
                0x0000000008000bcc                _getchar_r
                0x0000000008000bf4                getchar
 .text          0x0000000008000c24       0x48 /usr/lib/gcc/arm-none-eabi/10.3.1/../../../arm-none-eabi/lib/thumb/v7e-m/nofp/libg_nano.a(lib_a-init.o)
                0x0000000008000c24                __libc_init_array
 .text          0x0000000008000c6c       0xa4 /usr/lib/gcc/arm-none-eabi/10.3.1/../../../arm-none-eabi/lib/thumb/v7e-m/nofp/libg_nano.a(lib_a-memset.o)
                0x0000000008000c6c                memset
 .text          0x0000000008000d10       0xbc /usr/lib/gcc/arm-none-eabi/10.3.1/../../../arm-none-eabi/lib/thumb/v7e-m/nofp/libg_nano.a(lib_a-nano-freer.o)
                0x0000000008000d10                _free_r
 .text          0x0000000008000dcc       0xb4 /usr/lib/gcc/arm-none-eabi/10.3.1/../../../arm-none-eabi/lib/thumb/v7e-m/nofp/libg_nano.a(lib_a-nano-mallocr.o)
                0x0000000008000dcc                _malloc_r
 .text          0x0000000008000e80       0x60 /usr/lib/gcc/arm-none-eabi/10.3.1/../../../arm-none-eabi/lib/thumb/v7e-m/nofp/libg_nano.a(lib_a-printf.o)
                0x0000000008000e80                _printf_r
                0x0000000008000e80                _iprintf_r
                0x0000000008000eac                printf
                0x0000000008000eac                iprintf
 .text          0x0000000008000ee0       0xe4 /usr/lib/gcc/arm-none-eabi/10.3.1/../../../arm-none-eabi/lib/thumb/v7e-m/nofp/libg_nano.a(lib_a-puts.o)
                0x0000000008000ee0                _puts_r
                0x0000000008000fb4                puts
 .text          0x0000000008000fc4       0x24 /usr/lib/gcc/arm-none-eabi/10.3.1/../../../arm-none-eabi/lib/thumb/v7e-m/nofp/libg_nano.a(lib_a-sbrkr.o)
                0x0000000008000fc4                _sbrk_r
 .text          0x0000000008000fe8       0xa8 /usr/lib/gcc/arm-none-eabi/10.3.1/../../../arm-none-eabi/lib/thumb/v7e-m/nofp/libg_nano.a(lib_a-sscanf.o)
                0x0000000008000fe8                sscanf
                0x0000000008000fe8                siscanf
                0x000000000800103c                _siscanf_r
                0x000000000800103c                _sscanf_r
 .text          0x0000000008001090       0x90 /usr/lib/gcc/arm-none-eabi/10.3.1/../../../arm-none-eabi/lib/thumb/v7e-m/nofp/libg_nano.a(lib_a-stdio.o)
                0x0000000008001090                __sread
                0x00000000080010b4                __seofread
                0x00000000080010b8                __swrite
                0x00000000080010f8                __sseek
                0x0000000008001118                __sclose
 *fill*         0x0000000008001120       0x20 
 .text          0x0000000008001140       0xdc /usr/lib/gcc/arm-none-eabi/10.3.1/../../../arm-none-eabi/lib/thumb/v7e-m/nofp/libg_nano.a(lib_a-strlen.o)
                0x0000000008001140                strlen
 .text          0x000000000800121c       0xc8 /usr/lib/gcc/arm-none-eabi/10.3.1/../../../arm-none-eabi/lib/thumb/v7e-m/nofp/libg_nano.a(lib_a-wbuf.o)
                0x000000000800121c                __swbuf_r
                0x00000000080012cc                __swbuf
 .text          0x00000000080012e4       0x2c /usr/lib/gcc/arm-none-eabi/10.3.1/../../../arm-none-eabi/lib/thumb/v7e-m/nofp/libg_nano.a(lib_a-writer.o)
                0x00000000080012e4                _write_r
 .text          0x0000000008001310      0x104 /usr/lib/gcc/arm-none-eabi/10.3.1/../../../arm-none-eabi/lib/thumb/v7e-m/nofp/libg_nano.a(lib_a-wsetup.o)
                0x0000000008001310                __swsetup_r
 .text          0x0000000008001414       0x24 /usr/lib/gcc/arm-none-eabi/10.3.1/../../../arm-none-eabi/lib/thumb/v7e-m/nofp/libg_nano.a(lib_a-closer.o)
                0x0000000008001414                _close_r
 .text          0x0000000008001438       0xd8 /usr/lib/gcc/arm-none-eabi/10.3.1/../../../arm-none-eabi/lib/thumb/v7e-m/nofp/libg_nano.a(lib_a-getc.o)
                0x0000000008001438                _getc_r
                0x00000000080014a0                getc
 .text          0x0000000008001510       0x2c /usr/lib/gcc/arm-none-eabi/10.3.1/../../../arm-none-eabi/lib/thumb/v7e-m/nofp/libg_nano.a(lib_a-lseekr.o)
                0x0000000008001510                _lseek_r
 .text          0x000000000800153c      0x11c /usr/lib/gcc/arm-none-eabi/10.3.1/../../../arm-none-eabi/lib/thumb/v7e-m/nofp/libg_nano.a(lib_a-makebuf.o)
                0x000000000800153c                __smakebuf_r
                0x00000000080015fc                __swhatbuf_r
 .text          0x0000000008001658        0x8 /usr/lib/gcc/arm-none-eabi/10.3.1/../../../arm-none-eabi/lib/thumb/v7e-m/nofp/libg_nano.a(lib_a-mlock.o)
                0x0000000008001658                __malloc_lock
                0x000000000800165c                __malloc_unlock
 .text          0x0000000008001660      0x43c /usr/lib/gcc/arm-none-eabi/10.3.1/../../../arm-none-eabi/lib/thumb/v7e-m/nofp/libg_nano.a(lib_a-nano-svfscanf.o)
                0x0000000008001660                _sungetc_r
                0x00000000080016e0                __ssrefill_r
                0x000000000800171c                __ssvfscanf_r
                0x000000000800171c                __ssvfiscanf_r
 .text          0x0000000008001a9c      0x310 /usr/lib/gcc/arm-none-eabi/10.3.1/../../../arm-none-eabi/lib/thumb/v7e-m/nofp/libg_nano.a(lib_a-nano-vfprintf.o)
                0x0000000008001ac4                __sfputs_r
                0x0000000008001af4                __sprint_r
                0x0000000008001b10                _vfiprintf_r
                0x0000000008001b10                _vfprintf_r
                0x0000000008001d94                vfiprintf
                0x0000000008001d94                vfprintf
 .text          0x0000000008001dac      0x3dc /usr/lib/gcc/arm-none-eabi/10.3.1/../../../arm-none-eabi/lib/thumb/v7e-m/nofp/libg_nano.a(lib_a-nano-vfprintf_i.o)
                0x0000000008001dac                _printf_common
                0x0000000008001ed8                _printf_i
 .text          0x0000000008002188      0x2b0 /usr/lib/gcc/arm-none-eabi/10.3.1/../../../arm-none-eabi/lib/thumb/v7e-m/nofp/libg_nano.a(lib_a-nano-vfscanf_i.o)
                0x0000000008002188                _scanf_chars
                0x000000000800224c                _scanf_i
 .text          0x0000000008002438       0x2c /usr/lib/gcc/arm-none-eabi/10.3.1/../../../arm-none-eabi/lib/thumb/v7e-m/nofp/libg_nano.a(lib_a-readr.o)
                0x0000000008002438                _read_r
 .text          0x0000000008002464       0xc8 /usr/lib/gcc/arm-none-eabi/10.3.1/../../../arm-none-eabi/lib/thumb/v7e-m/nofp/libg_nano.a(lib_a-rget.o)
                0x0000000008002464                __srget_r
                0x00000000080024c4                __srget
 .text          0x000000000800252c       0x8c /usr/lib/gcc/arm-none-eabi/10.3.1/../../../arm-none-eabi/lib/thumb/v7e-m/nofp/libg_nano.a(lib_a-sccl.o)
                0x000000000800252c                __sccl
 .text          0x00000000080025b8      0x188 /usr/lib/gcc/arm-none-eabi/10.3.1/../../../arm-none-eabi/lib/thumb/v7e-m/nofp/libg_nano.a(lib_a-strtol.o)
                0x00000000080026d8                _strtol_r
                0x00000000080026f0                strtol_l
                0x0000000008002718                strtol
 .text          0x0000000008002740      0x170 /usr/lib/gcc/arm-none-eabi/10.3.1/../../../arm-none-eabi/lib/thumb/v7e-m/nofp/libg_nano.a(lib_a-strtoul.o)
                0x000000000800287c                _strtoul_r
                0x0000000008002880                strtoul_l
                0x0000000008002898                strtoul
 .text          0x00000000080028b0      0x180 /usr/lib/gcc/arm-none-eabi/10.3.1/../../../arm-none-eabi/lib/thumb/v7e-m/nofp/libg_nano.a(lib_a-ungetc.o)
                0x00000000080028b0                __submore
                0x0000000008002928                _ungetc_r
                0x0000000008002a18                ungetc
 .text          0x0000000008002a30       0x2c /usr/lib/gcc/arm-none-eabi/10.3.1/../../../arm-none-eabi/lib/thumb/v7e-m/nofp/libg_nano.a(lib_a-fstatr.o)
                0x0000000008002a30                _fstat_r
 .text          0x0000000008002a5c      0x2e8 /usr/lib/gcc/arm-none-eabi/10.3.1/../../../arm-none-eabi/lib/thumb/v7e-m/nofp/libg_nano.a(lib_a-fvwrite.o)
                0x0000000008002a5c                __sfvwrite_r
 .text          0x0000000008002d44       0x24 /usr/lib/gcc/arm-none-eabi/10.3.1/../../../arm-none-eabi/lib/thumb/v7e-m/nofp/libg_nano.a(lib_a-isattyr.o)
                0x0000000008002d44                _isatty_r
 *fill*         0x0000000008002d68        0x8 
 .text          0x0000000008002d70       0xa0 /usr/lib/gcc/arm-none-eabi/10.3.1/../../../arm-none-eabi/lib/thumb/v7e-m/nofp/libg_nano.a(lib_a-memchr.o)
                0x0000000008002d70                memchr
 .text          0x0000000008002e10      0x134 /usr/lib/gcc/arm-none-eabi/10.3.1/../../../arm-none-eabi/lib/thumb/v7e-m/nofp/libg_nano.a(lib_a-memcpy.o)
                0x0000000008002e10                memcpy
 .text          0x0000000008002f44       0xf8 /usr/lib/gcc/arm-none-eabi/10.3.1/../../../arm-none-eabi/lib/thumb/v7e-m/nofp/libg_nano.a(lib_a-memmove.o)
                0x0000000008002f44                memmove
 .text          0x000000000800303c       0x50 /usr/lib/gcc/arm-none-eabi/10.3.1/../../../arm-none-eabi/lib/thumb/v7e-m/nofp/libg_nano.a(lib_a-nano-reallocr.o)
                0x000000000800303c                _realloc_r
 .text          0x000000000800308c      0x140 /usr/lib/gcc/arm-none-eabi/10.3.1/../../../arm-none-eabi/lib/thumb/v7e-m/nofp/libg_nano.a(lib_a-refill.o)
                0x00000000080030a0                __srefill_r
 .text          0x00000000080031cc       0x14 /usr/lib/gcc/arm-none-eabi/10.3.1/../../../arm-none-eabi/lib/thumb/v7e-m/nofp/libg_nano.a(lib_a-nano-msizer.o)
                0x00000000080031cc                _malloc_usable_size_r
 .text          0x00000000080031e0       0x10 /usr/lib/gcc/arm-none-eabi/10.3.1/../../../arm-none-eabi/lib/thumb/v7e-m/nofp/libnosys.a(close.o)
                0x00000000080031e0                _close
 .text          0x00000000080031f0       0x10 /usr/lib/gcc/arm-none-eabi/10.3.1/../../../arm-none-eabi/lib/thumb/v7e-m/nofp/libnosys.a(fstat.o)
                0x00000000080031f0                _fstat
 .text          0x0000000008003200       0x10 /usr/lib/gcc/arm-none-eabi/10.3.1/../../../arm-none-eabi/lib/thumb/v7e-m/nofp/libnosys.a(isatty.o)
                0x0000000008003200                _isatty
 .text          0x0000000008003210       0x10 /usr/lib/gcc/arm-none-eabi/10.3.1/../../../arm-none-eabi/lib/thumb/v7e-m/nofp/libnosys.a(lseek.o)
                0x0000000008003210                _lseek
 .text          0x0000000008003220       0x10 /usr/lib/gcc/arm-none-eabi/10.3.1/../../../arm-none-eabi/lib/thumb/v7e-m/nofp/libnosys.a(read.o)
                0x0000000008003220                _read
 .text          0x0000000008003230       0x10 /usr/lib/gcc/arm-none-eabi/10.3.1/../../../arm-none-eabi/lib/thumb/v7e-m/nofp/libnosys.a(write.o)
                0x0000000008003230                _write
 *(.text*)
 .text.startup.main
                0x0000000008003240       0xc0 objdir-CW308_STM32F3/floating_point_multiply_test.o
                0x0000000008003240                main
 .text.platform_init
                0x0000000008003300       0x80 objdir-CW308_STM32F3/stm32f3_hal.o
                0x0000000008003300                platform_init
 .text.init_uart
                0x0000000008003380       0x7c objdir-CW308_STM32F3/stm32f3_hal.o
                0x0000000008003380                init_uart
 .text.trigger_setup
                0x00000000080033fc       0x48 objdir-CW308_STM32F3/stm32f3_hal.o
                0x00000000080033fc                trigger_setup
 .text.trigger_high
                0x0000000008003444        0xe objdir-CW308_STM32F3/stm32f3_hal.o
                0x0000000008003444                trigger_high
 .text.trigger_low
                0x0000000008003452        0xe objdir-CW308_STM32F3/stm32f3_hal.o
                0x0000000008003452                trigger_low
 .text.HAL_GetTick
                0x0000000008003460       0x10 objdir-CW308_STM32F3/stm32f3_hal_lowlevel.o
                0x0000000008003460                HAL_GetTick
 .text.HAL_RCC_OscConfig
                0x0000000008003470      0x4dc objdir-CW308_STM32F3/stm32f3_hal_lowlevel.o
                0x0000000008003470                HAL_RCC_OscConfig
 .text.HAL_RCC_ClockConfig
                0x000000000800394c      0x14c objdir-CW308_STM32F3/stm32f3_hal_lowlevel.o
                0x000000000800394c                HAL_RCC_ClockConfig
 .text.HAL_GPIO_Init
                0x0000000008003a98      0x188 objdir-CW308_STM32F3/stm32f3_hal_lowlevel.o
                0x0000000008003a98                HAL_GPIO_Init
 .text.HAL_GPIO_WritePin
                0x0000000008003c20        0xa objdir-CW308_STM32F3/stm32f3_hal_lowlevel.o
                0x0000000008003c20                HAL_GPIO_WritePin
 *fill*         0x0000000008003c2a        0x2 
 .text.UART_SetConfig
                0x0000000008003c2c      0x1e0 objdir-CW308_STM32F3/stm32f3_hal_lowlevel.o
                0x0000000008003c2c                UART_SetConfig
 .text.UART_WaitOnFlagUntilTimeout
                0x0000000008003e0c       0x58 objdir-CW308_STM32F3/stm32f3_hal_lowlevel.o
                0x0000000008003e0c                UART_WaitOnFlagUntilTimeout
 .text.UART_CheckIdleState
                0x0000000008003e64       0x64 objdir-CW308_STM32F3/stm32f3_hal_lowlevel.o
                0x0000000008003e64                UART_CheckIdleState
 .text.HAL_UART_Init
                0x0000000008003ec8       0x56 objdir-CW308_STM32F3/stm32f3_hal_lowlevel.o
                0x0000000008003ec8                HAL_UART_Init
 *fill*         0x0000000008003f1e        0x2 
 .text._sbrk    0x0000000008003f20       0x34 objdir-CW308_STM32F3/stm32f3_sysmem.o
                0x0000000008003f20                _sbrk
 .text.Reset_Handler
                0x0000000008003f54       0x48 objdir-CW308_STM32F3/stm32f3_startup.o
                0x0000000008003f54                Reset_Handler
 .text.Default_Handler
                0x0000000008003f9c        0x2 objdir-CW308_STM32F3/stm32f3_startup.o
                0x0000000008003f9c                DebugMon_Handler
                0x0000000008003f9c                HardFault_Handler
                0x0000000008003f9c                SysTick_Handler
                0x0000000008003f9c                PendSV_Handler
                0x0000000008003f9c                NMI_Handler
                0x0000000008003f9c                UsageFault_Handler
                0x0000000008003f9c                Default_Handler
                0x0000000008003f9c                MemManage_Handler
                0x0000000008003f9c                SVC_Handler
                0x0000000008003f9c                BusFault_Handler
 *(.glue_7)
 .glue_7        0x0000000008003f9e        0x0 linker stubs
 *(.glue_7t)
 .glue_7t       0x0000000008003f9e        0x0 linker stubs
 *(.eh_frame)
 *fill*         0x0000000008003f9e        0x2 
 .eh_frame      0x0000000008003fa0        0x0 /usr/lib/gcc/arm-none-eabi/10.3.1/thumb/v7e-m/nofp/crtbegin.o
 *(.init)
 .init          0x0000000008003fa0        0x4 /usr/lib/gcc/arm-none-eabi/10.3.1/thumb/v7e-m/nofp/crti.o
                0x0000000008003fa0                _init
 .init          0x0000000008003fa4        0x8 /usr/lib/gcc/arm-none-eabi/10.3.1/thumb/v7e-m/nofp/crtn.o
 *(.fini)
 .fini          0x0000000008003fac        0x4 /usr/lib/gcc/arm-none-eabi/10.3.1/thumb/v7e-m/nofp/crti.o
                0x0000000008003fac                _fini
 .fini          0x0000000008003fb0        0x8 /usr/lib/gcc/arm-none-eabi/10.3.1/thumb/v7e-m/nofp/crtn.o
                0x0000000008003fb8                . = ALIGN (0x4)
                0x0000000008003fb8                _etext = .

.vfp11_veneer   0x0000000008003fb8        0x0
 .vfp11_veneer  0x0000000008003fb8        0x0 linker stubs

.v4_bx          0x0000000008003fb8        0x0
 .v4_bx         0x0000000008003fb8        0x0 linker stubs

.iplt           0x0000000008003fb8        0x0
 .iplt          0x0000000008003fb8        0x0 /usr/lib/gcc/arm-none-eabi/10.3.1/thumb/v7e-m/nofp/crtbegin.o

.rodata         0x0000000008003fb8      0x1fc
                0x0000000008003fb8                . = ALIGN (0x4)
 *(.rodata)
 .rodata        0x0000000008003fb8        0x3 objdir-CW308_STM32F3/stm32f3_hal_lowlevel.o
 *fill*         0x0000000008003fbb        0x1 
 .rodata        0x0000000008003fbc       0x60 /usr/lib/gcc/arm-none-eabi/10.3.1/../../../arm-none-eabi/lib/thumb/v7e-m/nofp/libg_nano.a(lib_a-findfp.o)
                0x0000000008003fbc                __sf_fake_stderr
                0x0000000008003fdc                __sf_fake_stdout
                0x0000000008003ffc                __sf_fake_stdin
 .rodata        0x000000000800401c        0x4 /usr/lib/gcc/arm-none-eabi/10.3.1/../../../arm-none-eabi/lib/thumb/v7e-m/nofp/libg_nano.a(lib_a-impure.o)
                0x000000000800401c                _global_impure_ptr
 .rodata        0x0000000008004020        0xc /usr/lib/gcc/arm-none-eabi/10.3.1/../../../arm-none-eabi/lib/thumb/v7e-m/nofp/libg_nano.a(lib_a-nano-vfscanf_i.o)
 .rodata        0x000000000800402c      0x101 /usr/lib/gcc/arm-none-eabi/10.3.1/../../../arm-none-eabi/lib/thumb/v7e-m/nofp/libg_nano.a(lib_a-ctype_.o)
                0x000000000800402c                _ctype_
 *(.rodata*)
 .rodata.str1.1
                0x000000000800412d       0x2a objdir-CW308_STM32F3/floating_point_multiply_test.o
 *fill*         0x0000000008004157        0x1 
 .rodata.str1.4
                0x0000000008004158        0x4 /usr/lib/gcc/arm-none-eabi/10.3.1/../../../arm-none-eabi/lib/thumb/v7e-m/nofp/libg_nano.a(lib_a-nano-svfscanf.o)
 .rodata.str1.4
                0x000000000800415c        0xf /usr/lib/gcc/arm-none-eabi/10.3.1/../../../arm-none-eabi/lib/thumb/v7e-m/nofp/libg_nano.a(lib_a-nano-vfprintf.o)
                                         0x13 (size before relaxing)
 *fill*         0x000000000800416b        0x1 
 .rodata.str1.4
                0x000000000800416c       0x25 /usr/lib/gcc/arm-none-eabi/10.3.1/../../../arm-none-eabi/lib/thumb/v7e-m/nofp/libg_nano.a(lib_a-nano-vfprintf_i.o)
 *fill*         0x0000000008004191        0x3 
 .rodata.str1.4
                0x0000000008004194       0x1e /usr/lib/gcc/arm-none-eabi/10.3.1/../../../arm-none-eabi/lib/thumb/v7e-m/nofp/libg_nano.a(lib_a-nano-vfscanf_i.o)
                0x00000000080041b4                . = ALIGN (0x4)
 *fill*         0x00000000080041b2        0x2 

.rel.dyn        0x00000000080041b4        0x0
 .rel.iplt      0x00000000080041b4        0x0 /usr/lib/gcc/arm-none-eabi/10.3.1/thumb/v7e-m/nofp/crtbegin.o

.ARM.extab      0x00000000080041b4        0x0
                0x00000000080041b4                . = ALIGN (0x4)
 *(.ARM.extab* .gnu.linkonce.armextab.*)
                0x00000000080041b4                . = ALIGN (0x4)

.ARM            0x00000000080041b4        0x0
                0x00000000080041b4                . = ALIGN (0x4)
                0x00000000080041b4                __exidx_start = .
 *(.ARM.exidx*)
                0x00000000080041b4                __exidx_end = .
                0x00000000080041b4                . = ALIGN (0x4)

.preinit_array  0x00000000080041b4        0x0
                0x00000000080041b4                . = ALIGN (0x4)
                0x00000000080041b4                PROVIDE (__preinit_array_start = .)
 *(.preinit_array*)
                0x00000000080041b4                PROVIDE (__preinit_array_end = .)
                0x00000000080041b4                . = ALIGN (0x4)

.init_array     0x00000000080041b4        0x4
                0x00000000080041b4                . = ALIGN (0x4)
                0x00000000080041b4                PROVIDE (__init_array_start = .)
 *(SORT_BY_NAME(.init_array.*))
 *(.init_array*)
 .init_array    0x00000000080041b4        0x4 /usr/lib/gcc/arm-none-eabi/10.3.1/thumb/v7e-m/nofp/crtbegin.o
                0x00000000080041b8                PROVIDE (__init_array_end = .)
                0x00000000080041b8                . = ALIGN (0x4)

.fini_array     0x00000000080041b8        0x4
                0x00000000080041b8                . = ALIGN (0x4)
                0x00000000080041b8                PROVIDE (__fini_array_start = .)
 *(SORT_BY_NAME(.fini_array.*))
 *(.fini_array*)
 .fini_array    0x00000000080041b8        0x4 /usr/lib/gcc/arm-none-eabi/10.3.1/thumb/v7e-m/nofp/crtbegin.o
                0x00000000080041bc                PROVIDE (__fini_array_end = .)
                0x00000000080041bc                . = ALIGN (0x4)
                0x00000000080041bc                _sidata = LOADADDR (.data)

.data           0x0000000020000000       0x64 load address 0x00000000080041bc
                0x0000000020000000                . = ALIGN (0x4)
                0x0000000020000000                _sdata = .
 *(.data)
 .data          0x0000000020000000       0x64 /usr/lib/gcc/arm-none-eabi/10.3.1/../../../arm-none-eabi/lib/thumb/v7e-m/nofp/libg_nano.a(lib_a-impure.o)
                0x0000000020000000                _impure_ptr
 *(.data*)
                0x0000000020000064                . = ALIGN (0x4)
                0x0000000020000064                _edata = .

.tm_clone_table
                0x0000000020000064        0x0 load address 0x0000000008004220
 .tm_clone_table
                0x0000000020000064        0x0 /usr/lib/gcc/arm-none-eabi/10.3.1/thumb/v7e-m/nofp/crtbegin.o
 .tm_clone_table
                0x0000000020000064        0x0 /usr/lib/gcc/arm-none-eabi/10.3.1/thumb/v7e-m/nofp/crtend.o

.igot.plt       0x0000000020000064        0x0 load address 0x0000000008004220
 .igot.plt      0x0000000020000064        0x0 /usr/lib/gcc/arm-none-eabi/10.3.1/thumb/v7e-m/nofp/crtbegin.o
                0x0000000020000064                . = ALIGN (0x4)

.bss            0x0000000020000064       0xa8 load address 0x0000000008004220
                0x0000000020000064                _sbss = .
                0x0000000020000064                __bss_start__ = _sbss
 *(.bss)
 .bss           0x0000000020000064       0x1c /usr/lib/gcc/arm-none-eabi/10.3.1/thumb/v7e-m/nofp/crtbegin.o
 .bss           0x0000000020000080        0x4 objdir-CW308_STM32F3/floating_point_multiply_test.o
 .bss           0x0000000020000084       0x70 objdir-CW308_STM32F3/stm32f3_hal.o
                0x0000000020000084                UartHandle
 .bss           0x00000000200000f4        0x8 objdir-CW308_STM32F3/stm32f3_hal_lowlevel.o
                0x00000000200000f4                hal_sys_tick
                0x00000000200000f8                uwTick
 .bss           0x00000000200000fc        0x4 objdir-CW308_STM32F3/stm32f3_sysmem.o
 .bss           0x0000000020000100        0x8 /usr/lib/gcc/arm-none-eabi/10.3.1/../../../arm-none-eabi/lib/thumb/v7e-m/nofp/libg_nano.a(lib_a-nano-mallocr.o)
                0x0000000020000100                __malloc_free_list
                0x0000000020000104                __malloc_sbrk_start
 .bss           0x0000000020000108        0x4 /usr/lib/gcc/arm-none-eabi/10.3.1/../../../arm-none-eabi/lib/thumb/v7e-m/nofp/libg_nano.a(lib_a-reent.o)
                0x0000000020000108                errno
 *(.bss*)
 *(COMMON)
                0x000000002000010c                . = ALIGN (0x4)
                0x000000002000010c                _ebss = .
                0x000000002000010c                __bss_end__ = _ebss

._user_heap_stack
                0x000000002000010c      0x404 load address 0x0000000008004220
                0x0000000020000110                . = ALIGN (0x8)
 *fill*         0x000000002000010c        0x4 
                0x0000000020000110                PROVIDE (end = .)
                [!provide]                        PROVIDE (_end = .)
                0x0000000020000110                . = (. + _Min_Heap_Size)
                0x0000000020000510                . = (. + _Min_Stack_Size)
 *fill*         0x0000000020000110      0x400 
                0x0000000020000510                . = ALIGN (0x8)

/DISCARD/
 libc.a(*)
 libm.a(*)
 libgcc.a(*)

.ARM.attributes
                0x0000000000000000       0x2a
 *(.ARM.attributes)
 .ARM.attributes
                0x0000000000000000       0x1e /usr/lib/gcc/arm-none-eabi/10.3.1/thumb/v7e-m/nofp/crti.o
 .ARM.attributes
                0x000000000000001e       0x2e /usr/lib/gcc/arm-none-eabi/10.3.1/thumb/v7e-m/nofp/crtbegin.o
 .ARM.attributes
                0x000000000000004c       0x2e objdir-CW308_STM32F3/floating_point_multiply_test.o
 .ARM.attributes
                0x000000000000007a       0x2e objdir-CW308_STM32F3/stm32f3_hal.o
 .ARM.attributes
                0x00000000000000a8       0x2e objdir-CW308_STM32F3/stm32f3_hal_lowlevel.o
 .ARM.attributes
                0x00000000000000d6       0x2e objdir-CW308_STM32F3/stm32f3_sysmem.o
 .ARM.attributes
                0x0000000000000104       0x21 objdir-CW308_STM32F3/stm32f3_startup.o
 .ARM.attributes
                0x0000000000000125       0x1e /usr/lib/gcc/arm-none-eabi/10.3.1/thumb/v7e-m/nofp/libgcc.a(_arm_mulsf3.o)
 .ARM.attributes
                0x0000000000000143       0x1e /usr/lib/gcc/arm-none-eabi/10.3.1/thumb/v7e-m/nofp/libgcc.a(_arm_addsubdf3.o)
 .ARM.attributes
                0x0000000000000161       0x2e /usr/lib/gcc/arm-none-eabi/10.3.1/../../../arm-none-eabi/lib/thumb/v7e-m/nofp/libg_nano.a(lib_a-errno.o)
 .ARM.attributes
                0x000000000000018f       0x2e /usr/lib/gcc/arm-none-eabi/10.3.1/../../../arm-none-eabi/lib/thumb/v7e-m/nofp/libg_nano.a(lib_a-fflush.o)
 .ARM.attributes
                0x00000000000001bd       0x2e /usr/lib/gcc/arm-none-eabi/10.3.1/../../../arm-none-eabi/lib/thumb/v7e-m/nofp/libg_nano.a(lib_a-findfp.o)
 .ARM.attributes
                0x00000000000001eb       0x2e /usr/lib/gcc/arm-none-eabi/10.3.1/../../../arm-none-eabi/lib/thumb/v7e-m/nofp/libg_nano.a(lib_a-fwalk.o)
 .ARM.attributes
                0x0000000000000219       0x2e /usr/lib/gcc/arm-none-eabi/10.3.1/../../../arm-none-eabi/lib/thumb/v7e-m/nofp/libg_nano.a(lib_a-getchar.o)
 .ARM.attributes
                0x0000000000000247       0x2e /usr/lib/gcc/arm-none-eabi/10.3.1/../../../arm-none-eabi/lib/thumb/v7e-m/nofp/libg_nano.a(lib_a-impure.o)
 .ARM.attributes
                0x0000000000000275       0x2e /usr/lib/gcc/arm-none-eabi/10.3.1/../../../arm-none-eabi/lib/thumb/v7e-m/nofp/libg_nano.a(lib_a-init.o)
 .ARM.attributes
                0x00000000000002a3       0x2e /usr/lib/gcc/arm-none-eabi/10.3.1/../../../arm-none-eabi/lib/thumb/v7e-m/nofp/libg_nano.a(lib_a-memset.o)
 .ARM.attributes
                0x00000000000002d1       0x2e /usr/lib/gcc/arm-none-eabi/10.3.1/../../../arm-none-eabi/lib/thumb/v7e-m/nofp/libg_nano.a(lib_a-nano-freer.o)
 .ARM.attributes
                0x00000000000002ff       0x2e /usr/lib/gcc/arm-none-eabi/10.3.1/../../../arm-none-eabi/lib/thumb/v7e-m/nofp/libg_nano.a(lib_a-nano-mallocr.o)
 .ARM.attributes
                0x000000000000032d       0x2e /usr/lib/gcc/arm-none-eabi/10.3.1/../../../arm-none-eabi/lib/thumb/v7e-m/nofp/libg_nano.a(lib_a-printf.o)
 .ARM.attributes
                0x000000000000035b       0x2e /usr/lib/gcc/arm-none-eabi/10.3.1/../../../arm-none-eabi/lib/thumb/v7e-m/nofp/libg_nano.a(lib_a-puts.o)
 .ARM.attributes
                0x0000000000000389       0x2e /usr/lib/gcc/arm-none-eabi/10.3.1/../../../arm-none-eabi/lib/thumb/v7e-m/nofp/libg_nano.a(lib_a-sbrkr.o)
 .ARM.attributes
                0x00000000000003b7       0x2e /usr/lib/gcc/arm-none-eabi/10.3.1/../../../arm-none-eabi/lib/thumb/v7e-m/nofp/libg_nano.a(lib_a-sscanf.o)
 .ARM.attributes
                0x00000000000003e5       0x2e /usr/lib/gcc/arm-none-eabi/10.3.1/../../../arm-none-eabi/lib/thumb/v7e-m/nofp/libg_nano.a(lib_a-stdio.o)
 .ARM.attributes
                0x0000000000000413       0x1c /usr/lib/gcc/arm-none-eabi/10.3.1/../../../arm-none-eabi/lib/thumb/v7e-m/nofp/libg_nano.a(lib_a-strlen.o)
 .ARM.attributes
                0x000000000000042f       0x2e /usr/lib/gcc/arm-none-eabi/10.3.1/../../../arm-none-eabi/lib/thumb/v7e-m/nofp/libg_nano.a(lib_a-wbuf.o)
 .ARM.attributes
                0x000000000000045d       0x2e /usr/lib/gcc/arm-none-eabi/10.3.1/../../../arm-none-eabi/lib/thumb/v7e-m/nofp/libg_nano.a(lib_a-writer.o)
 .ARM.attributes
                0x000000000000048b       0x2e /usr/lib/gcc/arm-none-eabi/10.3.1/../../../arm-none-eabi/lib/thumb/v7e-m/nofp/libg_nano.a(lib_a-wsetup.o)
 .ARM.attributes
                0x00000000000004b9       0x2e /usr/lib/gcc/arm-none-eabi/10.3.1/../../../arm-none-eabi/lib/thumb/v7e-m/nofp/libg_nano.a(lib_a-closer.o)
 .ARM.attributes
                0x00000000000004e7       0x2e /usr/lib/gcc/arm-none-eabi/10.3.1/../../../arm-none-eabi/lib/thumb/v7e-m/nofp/libg_nano.a(lib_a-getc.o)
 .ARM.attributes
                0x0000000000000515       0x2e /usr/lib/gcc/arm-none-eabi/10.3.1/../../../arm-none-eabi/lib/thumb/v7e-m/nofp/libg_nano.a(lib_a-lseekr.o)
 .ARM.attributes
                0x0000000000000543       0x2e /usr/lib/gcc/arm-none-eabi/10.3.1/../../../arm-none-eabi/lib/thumb/v7e-m/nofp/libg_nano.a(lib_a-makebuf.o)
 .ARM.attributes
                0x0000000000000571       0x2e /usr/lib/gcc/arm-none-eabi/10.3.1/../../../arm-none-eabi/lib/thumb/v7e-m/nofp/libg_nano.a(lib_a-mlock.o)
 .ARM.attributes
                0x000000000000059f       0x2e /usr/lib/gcc/arm-none-eabi/10.3.1/../../../arm-none-eabi/lib/thumb/v7e-m/nofp/libg_nano.a(lib_a-nano-svfscanf.o)
 .ARM.attributes
                0x00000000000005cd       0x2e /usr/lib/gcc/arm-none-eabi/10.3.1/../../../arm-none-eabi/lib/thumb/v7e-m/nofp/libg_nano.a(lib_a-nano-vfprintf.o)
 .ARM.attributes
                0x00000000000005fb       0x2e /usr/lib/gcc/arm-none-eabi/10.3.1/../../../arm-none-eabi/lib/thumb/v7e-m/nofp/libg_nano.a(lib_a-nano-vfprintf_i.o)
 .ARM.attributes
                0x0000000000000629       0x2e /usr/lib/gcc/arm-none-eabi/10.3.1/../../../arm-none-eabi/lib/thumb/v7e-m/nofp/libg_nano.a(lib_a-nano-vfscanf_i.o)
 .ARM.attributes
                0x0000000000000657       0x2e /usr/lib/gcc/arm-none-eabi/10.3.1/../../../arm-none-eabi/lib/thumb/v7e-m/nofp/libg_nano.a(lib_a-readr.o)
 .ARM.attributes
                0x0000000000000685       0x2e /usr/lib/gcc/arm-none-eabi/10.3.1/../../../arm-none-eabi/lib/thumb/v7e-m/nofp/libg_nano.a(lib_a-reent.o)
 .ARM.attributes
                0x00000000000006b3       0x2e /usr/lib/gcc/arm-none-eabi/10.3.1/../../../arm-none-eabi/lib/thumb/v7e-m/nofp/libg_nano.a(lib_a-rget.o)
 .ARM.attributes
                0x00000000000006e1       0x2e /usr/lib/gcc/arm-none-eabi/10.3.1/../../../arm-none-eabi/lib/thumb/v7e-m/nofp/libg_nano.a(lib_a-sccl.o)
 .ARM.attributes
                0x000000000000070f       0x2e /usr/lib/gcc/arm-none-eabi/10.3.1/../../../arm-none-eabi/lib/thumb/v7e-m/nofp/libg_nano.a(lib_a-strtol.o)
 .ARM.attributes
                0x000000000000073d       0x2e /usr/lib/gcc/arm-none-eabi/10.3.1/../../../arm-none-eabi/lib/thumb/v7e-m/nofp/libg_nano.a(lib_a-strtoul.o)
 .ARM.attributes
                0x000000000000076b       0x2e /usr/lib/gcc/arm-none-eabi/10.3.1/../../../arm-none-eabi/lib/thumb/v7e-m/nofp/libg_nano.a(lib_a-ungetc.o)
 .ARM.attributes
                0x0000000000000799       0x2e /usr/lib/gcc/arm-none-eabi/10.3.1/../../../arm-none-eabi/lib/thumb/v7e-m/nofp/libg_nano.a(lib_a-ctype_.o)
 .ARM.attributes
                0x00000000000007c7       0x2e /usr/lib/gcc/arm-none-eabi/10.3.1/../../../arm-none-eabi/lib/thumb/v7e-m/nofp/libg_nano.a(lib_a-fstatr.o)
 .ARM.attributes
                0x00000000000007f5       0x2e /usr/lib/gcc/arm-none-eabi/10.3.1/../../../arm-none-eabi/lib/thumb/v7e-m/nofp/libg_nano.a(lib_a-fvwrite.o)
 .ARM.attributes
                0x0000000000000823       0x2e /usr/lib/gcc/arm-none-eabi/10.3.1/../../../arm-none-eabi/lib/thumb/v7e-m/nofp/libg_nano.a(lib_a-isattyr.o)
 .ARM.attributes
                0x0000000000000851       0x1c /usr/lib/gcc/arm-none-eabi/10.3.1/../../../arm-none-eabi/lib/thumb/v7e-m/nofp/libg_nano.a(lib_a-memchr.o)
 .ARM.attributes
                0x000000000000086d       0x1c /usr/lib/gcc/arm-none-eabi/10.3.1/../../../arm-none-eabi/lib/thumb/v7e-m/nofp/libg_nano.a(lib_a-memcpy.o)
 .ARM.attributes
                0x0000000000000889       0x2e /usr/lib/gcc/arm-none-eabi/10.3.1/../../../arm-none-eabi/lib/thumb/v7e-m/nofp/libg_nano.a(lib_a-memmove.o)
 .ARM.attributes
                0x00000000000008b7       0x2e /usr/lib/gcc/arm-none-eabi/10.3.1/../../../arm-none-eabi/lib/thumb/v7e-m/nofp/libg_nano.a(lib_a-nano-reallocr.o)
 .ARM.attributes
                0x00000000000008e5       0x2e /usr/lib/gcc/arm-none-eabi/10.3.1/../../../arm-none-eabi/lib/thumb/v7e-m/nofp/libg_nano.a(lib_a-refill.o)
 .ARM.attributes
                0x0000000000000913       0x2e /usr/lib/gcc/arm-none-eabi/10.3.1/../../../arm-none-eabi/lib/thumb/v7e-m/nofp/libg_nano.a(lib_a-nano-msizer.o)
 .ARM.attributes
                0x0000000000000941       0x2e /usr/lib/gcc/arm-none-eabi/10.3.1/../../../arm-none-eabi/lib/thumb/v7e-m/nofp/libnosys.a(close.o)
 .ARM.attributes
                0x000000000000096f       0x2e /usr/lib/gcc/arm-none-eabi/10.3.1/../../../arm-none-eabi/lib/thumb/v7e-m/nofp/libnosys.a(fstat.o)
 .ARM.attributes
                0x000000000000099d       0x2e /usr/lib/gcc/arm-none-eabi/10.3.1/../../../arm-none-eabi/lib/thumb/v7e-m/nofp/libnosys.a(isatty.o)
 .ARM.attributes
                0x00000000000009cb       0x2e /usr/lib/gcc/arm-none-eabi/10.3.1/../../../arm-none-eabi/lib/thumb/v7e-m/nofp/libnosys.a(lseek.o)
 .ARM.attributes
                0x00000000000009f9       0x2e /usr/lib/gcc/arm-none-eabi/10.3.1/../../../arm-none-eabi/lib/thumb/v7e-m/nofp/libnosys.a(read.o)
 .ARM.attributes
                0x0000000000000a27       0x2e /usr/lib/gcc/arm-none-eabi/10.3.1/../../../arm-none-eabi/lib/thumb/v7e-m/nofp/libnosys.a(write.o)
 .ARM.attributes
                0x0000000000000a55       0x2e /usr/lib/gcc/arm-none-eabi/10.3.1/thumb/v7e-m/nofp/crtend.o
 .ARM.attributes
                0x0000000000000a83       0x1e /usr/lib/gcc/arm-none-eabi/10.3.1/thumb/v7e-m/nofp/crtn.o
OUTPUT(floating_point_multiply_test-CW308_STM32F3.elf elf32-littlearm)
LOAD linker stubs
LOAD /usr/lib/gcc/arm-none-eabi/10.3.1/../../../arm-none-eabi/lib/thumb/v7e-m/nofp/libc.a
LOAD /usr/lib/gcc/arm-none-eabi/10.3.1/../../../arm-none-eabi/lib/thumb/v7e-m/nofp/libm.a
LOAD /usr/lib/gcc/arm-none-eabi/10.3.1/thumb/v7e-m/nofp/libgcc.a

.comment        0x0000000000000000       0x33
 .comment       0x0000000000000000       0x33 /usr/lib/gcc/arm-none-eabi/10.3.1/thumb/v7e-m/nofp/crtbegin.o
                                         0x34 (size before relaxing)
 .comment       0x0000000000000033       0x34 objdir-CW308_STM32F3/floating_point_multiply_test.o
 .comment       0x0000000000000033       0x34 objdir-CW308_STM32F3/stm32f3_hal.o
 .comment       0x0000000000000033       0x34 objdir-CW308_STM32F3/stm32f3_hal_lowlevel.o
 .comment       0x0000000000000033       0x34 objdir-CW308_STM32F3/stm32f3_sysmem.o
 .comment       0x0000000000000033       0x34 /usr/lib/gcc/arm-none-eabi/10.3.1/../../../arm-none-eabi/lib/thumb/v7e-m/nofp/libg_nano.a(lib_a-errno.o)
 .comment       0x0000000000000033       0x34 /usr/lib/gcc/arm-none-eabi/10.3.1/../../../arm-none-eabi/lib/thumb/v7e-m/nofp/libg_nano.a(lib_a-fflush.o)
 .comment       0x0000000000000033       0x34 /usr/lib/gcc/arm-none-eabi/10.3.1/../../../arm-none-eabi/lib/thumb/v7e-m/nofp/libg_nano.a(lib_a-findfp.o)
 .comment       0x0000000000000033       0x34 /usr/lib/gcc/arm-none-eabi/10.3.1/../../../arm-none-eabi/lib/thumb/v7e-m/nofp/libg_nano.a(lib_a-fwalk.o)
 .comment       0x0000000000000033       0x34 /usr/lib/gcc/arm-none-eabi/10.3.1/../../../arm-none-eabi/lib/thumb/v7e-m/nofp/libg_nano.a(lib_a-getchar.o)
 .comment       0x0000000000000033       0x34 /usr/lib/gcc/arm-none-eabi/10.3.1/../../../arm-none-eabi/lib/thumb/v7e-m/nofp/libg_nano.a(lib_a-impure.o)
 .comment       0x0000000000000033       0x34 /usr/lib/gcc/arm-none-eabi/10.3.1/../../../arm-none-eabi/lib/thumb/v7e-m/nofp/libg_nano.a(lib_a-init.o)
 .comment       0x0000000000000033       0x34 /usr/lib/gcc/arm-none-eabi/10.3.1/../../../arm-none-eabi/lib/thumb/v7e-m/nofp/libg_nano.a(lib_a-memset.o)
 .comment       0x0000000000000033       0x34 /usr/lib/gcc/arm-none-eabi/10.3.1/../../../arm-none-eabi/lib/thumb/v7e-m/nofp/libg_nano.a(lib_a-nano-freer.o)
 .comment       0x0000000000000033       0x34 /usr/lib/gcc/arm-none-eabi/10.3.1/../../../arm-none-eabi/lib/thumb/v7e-m/nofp/libg_nano.a(lib_a-nano-mallocr.o)
 .comment       0x0000000000000033       0x34 /usr/lib/gcc/arm-none-eabi/10.3.1/../../../arm-none-eabi/lib/thumb/v7e-m/nofp/libg_nano.a(lib_a-printf.o)
 .comment       0x0000000000000033       0x34 /usr/lib/gcc/arm-none-eabi/10.3.1/../../../arm-none-eabi/lib/thumb/v7e-m/nofp/libg_nano.a(lib_a-puts.o)
 .comment       0x0000000000000033       0x34 /usr/lib/gcc/arm-none-eabi/10.3.1/../../../arm-none-eabi/lib/thumb/v7e-m/nofp/libg_nano.a(lib_a-sbrkr.o)
 .comment       0x0000000000000033       0x34 /usr/lib/gcc/arm-none-eabi/10.3.1/../../../arm-none-eabi/lib/thumb/v7e-m/nofp/libg_nano.a(lib_a-sscanf.o)
 .comment       0x0000000000000033       0x34 /usr/lib/gcc/arm-none-eabi/10.3.1/../../../arm-none-eabi/lib/thumb/v7e-m/nofp/libg_nano.a(lib_a-stdio.o)
 .comment       0x0000000000000033       0x34 /usr/lib/gcc/arm-none-eabi/10.3.1/../../../arm-none-eabi/lib/thumb/v7e-m/nofp/libg_nano.a(lib_a-wbuf.o)
 .comment       0x0000000000000033       0x34 /usr/lib/gcc/arm-none-eabi/10.3.1/../../../arm-none-eabi/lib/thumb/v7e-m/nofp/libg_nano.a(lib_a-writer.o)
 .comment       0x0000000000000033       0x34 /usr/lib/gcc/arm-none-eabi/10.3.1/../../../arm-none-eabi/lib/thumb/v7e-m/nofp/libg_nano.a(lib_a-wsetup.o)
 .comment       0x0000000000000033       0x34 /usr/lib/gcc/arm-none-eabi/10.3.1/../../../arm-none-eabi/lib/thumb/v7e-m/nofp/libg_nano.a(lib_a-closer.o)
 .comment       0x0000000000000033       0x34 /usr/lib/gcc/arm-none-eabi/10.3.1/../../../arm-none-eabi/lib/thumb/v7e-m/nofp/libg_nano.a(lib_a-getc.o)
 .comment       0x0000000000000033       0x34 /usr/lib/gcc/arm-none-eabi/10.3.1/../../../arm-none-eabi/lib/thumb/v7e-m/nofp/libg_nano.a(lib_a-lseekr.o)
 .comment       0x0000000000000033       0x34 /usr/lib/gcc/arm-none-eabi/10.3.1/../../../arm-none-eabi/lib/thumb/v7e-m/nofp/libg_nano.a(lib_a-makebuf.o)
 .comment       0x0000000000000033       0x34 /usr/lib/gcc/arm-none-eabi/10.3.1/../../../arm-none-eabi/lib/thumb/v7e-m/nofp/libg_nano.a(lib_a-mlock.o)
 .comment       0x0000000000000033       0x34 /usr/lib/gcc/arm-none-eabi/10.3.1/../../../arm-none-eabi/lib/thumb/v7e-m/nofp/libg_nano.a(lib_a-nano-svfscanf.o)
 .comment       0x0000000000000033       0x34 /usr/lib/gcc/arm-none-eabi/10.3.1/../../../arm-none-eabi/lib/thumb/v7e-m/nofp/libg_nano.a(lib_a-nano-vfprintf.o)
 .comment       0x0000000000000033       0x34 /usr/lib/gcc/arm-none-eabi/10.3.1/../../../arm-none-eabi/lib/thumb/v7e-m/nofp/libg_nano.a(lib_a-nano-vfprintf_i.o)
 .comment       0x0000000000000033       0x34 /usr/lib/gcc/arm-none-eabi/10.3.1/../../../arm-none-eabi/lib/thumb/v7e-m/nofp/libg_nano.a(lib_a-nano-vfscanf_i.o)
 .comment       0x0000000000000033       0x34 /usr/lib/gcc/arm-none-eabi/10.3.1/../../../arm-none-eabi/lib/thumb/v7e-m/nofp/libg_nano.a(lib_a-readr.o)
 .comment       0x0000000000000033       0x34 /usr/lib/gcc/arm-none-eabi/10.3.1/../../../arm-none-eabi/lib/thumb/v7e-m/nofp/libg_nano.a(lib_a-reent.o)
 .comment       0x0000000000000033       0x34 /usr/lib/gcc/arm-none-eabi/10.3.1/../../../arm-none-eabi/lib/thumb/v7e-m/nofp/libg_nano.a(lib_a-rget.o)
 .comment       0x0000000000000033       0x34 /usr/lib/gcc/arm-none-eabi/10.3.1/../../../arm-none-eabi/lib/thumb/v7e-m/nofp/libg_nano.a(lib_a-sccl.o)
 .comment       0x0000000000000033       0x34 /usr/lib/gcc/arm-none-eabi/10.3.1/../../../arm-none-eabi/lib/thumb/v7e-m/nofp/libg_nano.a(lib_a-strtol.o)
 .comment       0x0000000000000033       0x34 /usr/lib/gcc/arm-none-eabi/10.3.1/../../../arm-none-eabi/lib/thumb/v7e-m/nofp/libg_nano.a(lib_a-strtoul.o)
 .comment       0x0000000000000033       0x34 /usr/lib/gcc/arm-none-eabi/10.3.1/../../../arm-none-eabi/lib/thumb/v7e-m/nofp/libg_nano.a(lib_a-ungetc.o)
 .comment       0x0000000000000033       0x34 /usr/lib/gcc/arm-none-eabi/10.3.1/../../../arm-none-eabi/lib/thumb/v7e-m/nofp/libg_nano.a(lib_a-ctype_.o)
 .comment       0x0000000000000033       0x34 /usr/lib/gcc/arm-none-eabi/10.3.1/../../../arm-none-eabi/lib/thumb/v7e-m/nofp/libg_nano.a(lib_a-fstatr.o)
 .comment       0x0000000000000033       0x34 /usr/lib/gcc/arm-none-eabi/10.3.1/../../../arm-none-eabi/lib/thumb/v7e-m/nofp/libg_nano.a(lib_a-fvwrite.o)
 .comment       0x0000000000000033       0x34 /usr/lib/gcc/arm-none-eabi/10.3.1/../../../arm-none-eabi/lib/thumb/v7e-m/nofp/libg_nano.a(lib_a-isattyr.o)
 .comment       0x0000000000000033       0x34 /usr/lib/gcc/arm-none-eabi/10.3.1/../../../arm-none-eabi/lib/thumb/v7e-m/nofp/libg_nano.a(lib_a-memmove.o)
 .comment       0x0000000000000033       0x34 /usr/lib/gcc/arm-none-eabi/10.3.1/../../../arm-none-eabi/lib/thumb/v7e-m/nofp/libg_nano.a(lib_a-nano-reallocr.o)
 .comment       0x0000000000000033       0x34 /usr/lib/gcc/arm-none-eabi/10.3.1/../../../arm-none-eabi/lib/thumb/v7e-m/nofp/libg_nano.a(lib_a-refill.o)
 .comment       0x0000000000000033       0x34 /usr/lib/gcc/arm-none-eabi/10.3.1/../../../arm-none-eabi/lib/thumb/v7e-m/nofp/libg_nano.a(lib_a-nano-msizer.o)
 .comment       0x0000000000000033       0x34 /usr/lib/gcc/arm-none-eabi/10.3.1/../../../arm-none-eabi/lib/thumb/v7e-m/nofp/libnosys.a(close.o)
 .comment       0x0000000000000033       0x34 /usr/lib/gcc/arm-none-eabi/10.3.1/../../../arm-none-eabi/lib/thumb/v7e-m/nofp/libnosys.a(fstat.o)
 .comment       0x0000000000000033       0x34 /usr/lib/gcc/arm-none-eabi/10.3.1/../../../arm-none-eabi/lib/thumb/v7e-m/nofp/libnosys.a(isatty.o)
 .comment       0x0000000000000033       0x34 /usr/lib/gcc/arm-none-eabi/10.3.1/../../../arm-none-eabi/lib/thumb/v7e-m/nofp/libnosys.a(lseek.o)
 .comment       0x0000000000000033       0x34 /usr/lib/gcc/arm-none-eabi/10.3.1/../../../arm-none-eabi/lib/thumb/v7e-m/nofp/libnosys.a(read.o)
 .comment       0x0000000000000033       0x34 /usr/lib/gcc/arm-none-eabi/10.3.1/../../../arm-none-eabi/lib/thumb/v7e-m/nofp/libnosys.a(write.o)
 .comment       0x0000000000000033       0x34 /usr/lib/gcc/arm-none-eabi/10.3.1/thumb/v7e-m/nofp/crtend.o

.debug_info     0x0000000000000000    0x1cf4b
 .debug_info    0x0000000000000000      0xcc9 objdir-CW308_STM32F3/floating_point_multiply_test.o
 .debug_info    0x0000000000000cc9      0xe64 objdir-CW308_STM32F3/stm32f3_hal.o
 .debug_info    0x0000000000001b2d     0x258f objdir-CW308_STM32F3/stm32f3_hal_lowlevel.o
 .debug_info    0x00000000000040bc      0x10d objdir-CW308_STM32F3/stm32f3_sysmem.o
 .debug_info    0x00000000000041c9       0x26 /usr/lib/gcc/arm-none-eabi/10.3.1/thumb/v7e-m/nofp/libgcc.a(_arm_mulsf3.o)
 .debug_info    0x00000000000041ef       0x26 /usr/lib/gcc/arm-none-eabi/10.3.1/thumb/v7e-m/nofp/libgcc.a(_arm_addsubdf3.o)
 .debug_info    0x0000000000004215      0x7ae /usr/lib/gcc/arm-none-eabi/10.3.1/../../../arm-none-eabi/lib/thumb/v7e-m/nofp/libg_nano.a(lib_a-errno.o)
 .debug_info    0x00000000000049c3      0xb0a /usr/lib/gcc/arm-none-eabi/10.3.1/../../../arm-none-eabi/lib/thumb/v7e-m/nofp/libg_nano.a(lib_a-fflush.o)
 .debug_info    0x00000000000054cd      0xfae /usr/lib/gcc/arm-none-eabi/10.3.1/../../../arm-none-eabi/lib/thumb/v7e-m/nofp/libg_nano.a(lib_a-findfp.o)
 .debug_info    0x000000000000647b      0x900 /usr/lib/gcc/arm-none-eabi/10.3.1/../../../arm-none-eabi/lib/thumb/v7e-m/nofp/libg_nano.a(lib_a-fwalk.o)
 .debug_info    0x0000000000006d7b      0x85f /usr/lib/gcc/arm-none-eabi/10.3.1/../../../arm-none-eabi/lib/thumb/v7e-m/nofp/libg_nano.a(lib_a-getchar.o)
 .debug_info    0x00000000000075da      0x863 /usr/lib/gcc/arm-none-eabi/10.3.1/../../../arm-none-eabi/lib/thumb/v7e-m/nofp/libg_nano.a(lib_a-impure.o)
 .debug_info    0x0000000000007e3d      0x11a /usr/lib/gcc/arm-none-eabi/10.3.1/../../../arm-none-eabi/lib/thumb/v7e-m/nofp/libg_nano.a(lib_a-init.o)
 .debug_info    0x0000000000007f57      0x137 /usr/lib/gcc/arm-none-eabi/10.3.1/../../../arm-none-eabi/lib/thumb/v7e-m/nofp/libg_nano.a(lib_a-memset.o)
 .debug_info    0x000000000000808e      0x92b /usr/lib/gcc/arm-none-eabi/10.3.1/../../../arm-none-eabi/lib/thumb/v7e-m/nofp/libg_nano.a(lib_a-nano-freer.o)
 .debug_info    0x00000000000089b9      0xa0c /usr/lib/gcc/arm-none-eabi/10.3.1/../../../arm-none-eabi/lib/thumb/v7e-m/nofp/libg_nano.a(lib_a-nano-mallocr.o)
 .debug_info    0x00000000000093c5      0x8fd /usr/lib/gcc/arm-none-eabi/10.3.1/../../../arm-none-eabi/lib/thumb/v7e-m/nofp/libg_nano.a(lib_a-printf.o)
 .debug_info    0x0000000000009cc2      0xa41 /usr/lib/gcc/arm-none-eabi/10.3.1/../../../arm-none-eabi/lib/thumb/v7e-m/nofp/libg_nano.a(lib_a-puts.o)
 .debug_info    0x000000000000a703      0x828 /usr/lib/gcc/arm-none-eabi/10.3.1/../../../arm-none-eabi/lib/thumb/v7e-m/nofp/libg_nano.a(lib_a-sbrkr.o)
 .debug_info    0x000000000000af2b      0x954 /usr/lib/gcc/arm-none-eabi/10.3.1/../../../arm-none-eabi/lib/thumb/v7e-m/nofp/libg_nano.a(lib_a-sscanf.o)
 .debug_info    0x000000000000b87f      0xabc /usr/lib/gcc/arm-none-eabi/10.3.1/../../../arm-none-eabi/lib/thumb/v7e-m/nofp/libg_nano.a(lib_a-stdio.o)
 .debug_info    0x000000000000c33b       0x26 /usr/lib/gcc/arm-none-eabi/10.3.1/../../../arm-none-eabi/lib/thumb/v7e-m/nofp/libg_nano.a(lib_a-strlen.o)
 .debug_info    0x000000000000c361      0x998 /usr/lib/gcc/arm-none-eabi/10.3.1/../../../arm-none-eabi/lib/thumb/v7e-m/nofp/libg_nano.a(lib_a-wbuf.o)
 .debug_info    0x000000000000ccf9      0x85a /usr/lib/gcc/arm-none-eabi/10.3.1/../../../arm-none-eabi/lib/thumb/v7e-m/nofp/libg_nano.a(lib_a-writer.o)
 .debug_info    0x000000000000d553      0x902 /usr/lib/gcc/arm-none-eabi/10.3.1/../../../arm-none-eabi/lib/thumb/v7e-m/nofp/libg_nano.a(lib_a-wsetup.o)
 .debug_info    0x000000000000de55      0x805 /usr/lib/gcc/arm-none-eabi/10.3.1/../../../arm-none-eabi/lib/thumb/v7e-m/nofp/libg_nano.a(lib_a-closer.o)
 .debug_info    0x000000000000e65a      0x978 /usr/lib/gcc/arm-none-eabi/10.3.1/../../../arm-none-eabi/lib/thumb/v7e-m/nofp/libg_nano.a(lib_a-getc.o)
 .debug_info    0x000000000000efd2      0x83b /usr/lib/gcc/arm-none-eabi/10.3.1/../../../arm-none-eabi/lib/thumb/v7e-m/nofp/libg_nano.a(lib_a-lseekr.o)
 .debug_info    0x000000000000f80d      0xc8a /usr/lib/gcc/arm-none-eabi/10.3.1/../../../arm-none-eabi/lib/thumb/v7e-m/nofp/libg_nano.a(lib_a-makebuf.o)
 .debug_info    0x0000000000010497      0x7dc /usr/lib/gcc/arm-none-eabi/10.3.1/../../../arm-none-eabi/lib/thumb/v7e-m/nofp/libg_nano.a(lib_a-mlock.o)
 .debug_info    0x0000000000010c73      0xf29 /usr/lib/gcc/arm-none-eabi/10.3.1/../../../arm-none-eabi/lib/thumb/v7e-m/nofp/libg_nano.a(lib_a-nano-svfscanf.o)
 .debug_info    0x0000000000011b9c     0x115f /usr/lib/gcc/arm-none-eabi/10.3.1/../../../arm-none-eabi/lib/thumb/v7e-m/nofp/libg_nano.a(lib_a-nano-vfprintf.o)
 .debug_info    0x0000000000012cfb      0xe9e /usr/lib/gcc/arm-none-eabi/10.3.1/../../../arm-none-eabi/lib/thumb/v7e-m/nofp/libg_nano.a(lib_a-nano-vfprintf_i.o)
 .debug_info    0x0000000000013b99      0xdee /usr/lib/gcc/arm-none-eabi/10.3.1/../../../arm-none-eabi/lib/thumb/v7e-m/nofp/libg_nano.a(lib_a-nano-vfscanf_i.o)
 .debug_info    0x0000000000014987      0x853 /usr/lib/gcc/arm-none-eabi/10.3.1/../../../arm-none-eabi/lib/thumb/v7e-m/nofp/libg_nano.a(lib_a-readr.o)
 .debug_info    0x00000000000151da      0xa7e /usr/lib/gcc/arm-none-eabi/10.3.1/../../../arm-none-eabi/lib/thumb/v7e-m/nofp/libg_nano.a(lib_a-reent.o)
 .debug_info    0x0000000000015c58      0x996 /usr/lib/gcc/arm-none-eabi/10.3.1/../../../arm-none-eabi/lib/thumb/v7e-m/nofp/libg_nano.a(lib_a-rget.o)
 .debug_info    0x00000000000165ee      0x117 /usr/lib/gcc/arm-none-eabi/10.3.1/../../../arm-none-eabi/lib/thumb/v7e-m/nofp/libg_nano.a(lib_a-sccl.o)
 .debug_info    0x0000000000016705      0xf00 /usr/lib/gcc/arm-none-eabi/10.3.1/../../../arm-none-eabi/lib/thumb/v7e-m/nofp/libg_nano.a(lib_a-strtol.o)
 .debug_info    0x0000000000017605      0xd4d /usr/lib/gcc/arm-none-eabi/10.3.1/../../../arm-none-eabi/lib/thumb/v7e-m/nofp/libg_nano.a(lib_a-strtoul.o)
 .debug_info    0x0000000000018352      0xa44 /usr/lib/gcc/arm-none-eabi/10.3.1/../../../arm-none-eabi/lib/thumb/v7e-m/nofp/libg_nano.a(lib_a-ungetc.o)
 .debug_info    0x0000000000018d96       0xb8 /usr/lib/gcc/arm-none-eabi/10.3.1/../../../arm-none-eabi/lib/thumb/v7e-m/nofp/libg_nano.a(lib_a-ctype_.o)
 .debug_info    0x0000000000018e4e      0xa1d /usr/lib/gcc/arm-none-eabi/10.3.1/../../../arm-none-eabi/lib/thumb/v7e-m/nofp/libg_nano.a(lib_a-fstatr.o)
 .debug_info    0x000000000001986b      0xb55 /usr/lib/gcc/arm-none-eabi/10.3.1/../../../arm-none-eabi/lib/thumb/v7e-m/nofp/libg_nano.a(lib_a-fvwrite.o)
 .debug_info    0x000000000001a3c0      0x805 /usr/lib/gcc/arm-none-eabi/10.3.1/../../../arm-none-eabi/lib/thumb/v7e-m/nofp/libg_nano.a(lib_a-isattyr.o)
 .debug_info    0x000000000001abc5       0x26 /usr/lib/gcc/arm-none-eabi/10.3.1/../../../arm-none-eabi/lib/thumb/v7e-m/nofp/libg_nano.a(lib_a-memchr.o)
 .debug_info    0x000000000001abeb       0x26 /usr/lib/gcc/arm-none-eabi/10.3.1/../../../arm-none-eabi/lib/thumb/v7e-m/nofp/libg_nano.a(lib_a-memcpy.o)
 .debug_info    0x000000000001ac11      0x152 /usr/lib/gcc/arm-none-eabi/10.3.1/../../../arm-none-eabi/lib/thumb/v7e-m/nofp/libg_nano.a(lib_a-memmove.o)
 .debug_info    0x000000000001ad63      0x911 /usr/lib/gcc/arm-none-eabi/10.3.1/../../../arm-none-eabi/lib/thumb/v7e-m/nofp/libg_nano.a(lib_a-nano-reallocr.o)
 .debug_info    0x000000000001b674      0x9e4 /usr/lib/gcc/arm-none-eabi/10.3.1/../../../arm-none-eabi/lib/thumb/v7e-m/nofp/libg_nano.a(lib_a-refill.o)
 .debug_info    0x000000000001c058      0x840 /usr/lib/gcc/arm-none-eabi/10.3.1/../../../arm-none-eabi/lib/thumb/v7e-m/nofp/libg_nano.a(lib_a-nano-msizer.o)
 .debug_info    0x000000000001c898       0xb1 /usr/lib/gcc/arm-none-eabi/10.3.1/../../../arm-none-eabi/lib/thumb/v7e-m/nofp/libnosys.a(close.o)
 .debug_info    0x000000000001c949      0x2cc /usr/lib/gcc/arm-none-eabi/10.3.1/../../../arm-none-eabi/lib/thumb/v7e-m/nofp/libnosys.a(fstat.o)
 .debug_info    0x000000000001cc15       0xb1 /usr/lib/gcc/arm-none-eabi/10.3.1/../../../arm-none-eabi/lib/thumb/v7e-m/nofp/libnosys.a(isatty.o)
 .debug_info    0x000000000001ccc6       0xd3 /usr/lib/gcc/arm-none-eabi/10.3.1/../../../arm-none-eabi/lib/thumb/v7e-m/nofp/libnosys.a(lseek.o)
 .debug_info    0x000000000001cd99       0xd9 /usr/lib/gcc/arm-none-eabi/10.3.1/../../../arm-none-eabi/lib/thumb/v7e-m/nofp/libnosys.a(read.o)
 .debug_info    0x000000000001ce72       0xd9 /usr/lib/gcc/arm-none-eabi/10.3.1/../../../arm-none-eabi/lib/thumb/v7e-m/nofp/libnosys.a(write.o)

.debug_abbrev   0x0000000000000000     0x612a
 .debug_abbrev  0x0000000000000000      0x2fe objdir-CW308_STM32F3/floating_point_multiply_test.o
 .debug_abbrev  0x00000000000002fe      0x225 objdir-CW308_STM32F3/stm32f3_hal.o
 .debug_abbrev  0x0000000000000523      0x4af objdir-CW308_STM32F3/stm32f3_hal_lowlevel.o
 .debug_abbrev  0x00000000000009d2       0xd2 objdir-CW308_STM32F3/stm32f3_sysmem.o
 .debug_abbrev  0x0000000000000aa4       0x14 /usr/lib/gcc/arm-none-eabi/10.3.1/thumb/v7e-m/nofp/libgcc.a(_arm_mulsf3.o)
 .debug_abbrev  0x0000000000000ab8       0x14 /usr/lib/gcc/arm-none-eabi/10.3.1/thumb/v7e-m/nofp/libgcc.a(_arm_addsubdf3.o)
 .debug_abbrev  0x0000000000000acc      0x157 /usr/lib/gcc/arm-none-eabi/10.3.1/../../../arm-none-eabi/lib/thumb/v7e-m/nofp/libg_nano.a(lib_a-errno.o)
 .debug_abbrev  0x0000000000000c23      0x2da /usr/lib/gcc/arm-none-eabi/10.3.1/../../../arm-none-eabi/lib/thumb/v7e-m/nofp/libg_nano.a(lib_a-fflush.o)
 .debug_abbrev  0x0000000000000efd      0x3cd /usr/lib/gcc/arm-none-eabi/10.3.1/../../../arm-none-eabi/lib/thumb/v7e-m/nofp/libg_nano.a(lib_a-findfp.o)
 .debug_abbrev  0x00000000000012ca      0x197 /usr/lib/gcc/arm-none-eabi/10.3.1/../../../arm-none-eabi/lib/thumb/v7e-m/nofp/libg_nano.a(lib_a-fwalk.o)
 .debug_abbrev  0x0000000000001461      0x215 /usr/lib/gcc/arm-none-eabi/10.3.1/../../../arm-none-eabi/lib/thumb/v7e-m/nofp/libg_nano.a(lib_a-getchar.o)
 .debug_abbrev  0x0000000000001676      0x151 /usr/lib/gcc/arm-none-eabi/10.3.1/../../../arm-none-eabi/lib/thumb/v7e-m/nofp/libg_nano.a(lib_a-impure.o)
 .debug_abbrev  0x00000000000017c7       0xcc /usr/lib/gcc/arm-none-eabi/10.3.1/../../../arm-none-eabi/lib/thumb/v7e-m/nofp/libg_nano.a(lib_a-init.o)
 .debug_abbrev  0x0000000000001893       0xb4 /usr/lib/gcc/arm-none-eabi/10.3.1/../../../arm-none-eabi/lib/thumb/v7e-m/nofp/libg_nano.a(lib_a-memset.o)
 .debug_abbrev  0x0000000000001947      0x245 /usr/lib/gcc/arm-none-eabi/10.3.1/../../../arm-none-eabi/lib/thumb/v7e-m/nofp/libg_nano.a(lib_a-nano-freer.o)
 .debug_abbrev  0x0000000000001b8c      0x290 /usr/lib/gcc/arm-none-eabi/10.3.1/../../../arm-none-eabi/lib/thumb/v7e-m/nofp/libg_nano.a(lib_a-nano-mallocr.o)
 .debug_abbrev  0x0000000000001e1c      0x23e /usr/lib/gcc/arm-none-eabi/10.3.1/../../../arm-none-eabi/lib/thumb/v7e-m/nofp/libg_nano.a(lib_a-printf.o)
 .debug_abbrev  0x000000000000205a      0x28e /usr/lib/gcc/arm-none-eabi/10.3.1/../../../arm-none-eabi/lib/thumb/v7e-m/nofp/libg_nano.a(lib_a-puts.o)
 .debug_abbrev  0x00000000000022e8      0x1d6 /usr/lib/gcc/arm-none-eabi/10.3.1/../../../arm-none-eabi/lib/thumb/v7e-m/nofp/libg_nano.a(lib_a-sbrkr.o)
 .debug_abbrev  0x00000000000024be      0x220 /usr/lib/gcc/arm-none-eabi/10.3.1/../../../arm-none-eabi/lib/thumb/v7e-m/nofp/libg_nano.a(lib_a-sscanf.o)
 .debug_abbrev  0x00000000000026de      0x1fb /usr/lib/gcc/arm-none-eabi/10.3.1/../../../arm-none-eabi/lib/thumb/v7e-m/nofp/libg_nano.a(lib_a-stdio.o)
 .debug_abbrev  0x00000000000028d9       0x14 /usr/lib/gcc/arm-none-eabi/10.3.1/../../../arm-none-eabi/lib/thumb/v7e-m/nofp/libg_nano.a(lib_a-strlen.o)
 .debug_abbrev  0x00000000000028ed      0x21f /usr/lib/gcc/arm-none-eabi/10.3.1/../../../arm-none-eabi/lib/thumb/v7e-m/nofp/libg_nano.a(lib_a-wbuf.o)
 .debug_abbrev  0x0000000000002b0c      0x1b0 /usr/lib/gcc/arm-none-eabi/10.3.1/../../../arm-none-eabi/lib/thumb/v7e-m/nofp/libg_nano.a(lib_a-writer.o)
 .debug_abbrev  0x0000000000002cbc      0x1d4 /usr/lib/gcc/arm-none-eabi/10.3.1/../../../arm-none-eabi/lib/thumb/v7e-m/nofp/libg_nano.a(lib_a-wsetup.o)
 .debug_abbrev  0x0000000000002e90      0x1ab /usr/lib/gcc/arm-none-eabi/10.3.1/../../../arm-none-eabi/lib/thumb/v7e-m/nofp/libg_nano.a(lib_a-closer.o)
 .debug_abbrev  0x000000000000303b      0x20c /usr/lib/gcc/arm-none-eabi/10.3.1/../../../arm-none-eabi/lib/thumb/v7e-m/nofp/libg_nano.a(lib_a-getc.o)
 .debug_abbrev  0x0000000000003247      0x1bf /usr/lib/gcc/arm-none-eabi/10.3.1/../../../arm-none-eabi/lib/thumb/v7e-m/nofp/libg_nano.a(lib_a-lseekr.o)
 .debug_abbrev  0x0000000000003406      0x278 /usr/lib/gcc/arm-none-eabi/10.3.1/../../../arm-none-eabi/lib/thumb/v7e-m/nofp/libg_nano.a(lib_a-makebuf.o)
 .debug_abbrev  0x000000000000367e      0x189 /usr/lib/gcc/arm-none-eabi/10.3.1/../../../arm-none-eabi/lib/thumb/v7e-m/nofp/libg_nano.a(lib_a-mlock.o)
 .debug_abbrev  0x0000000000003807      0x2fe /usr/lib/gcc/arm-none-eabi/10.3.1/../../../arm-none-eabi/lib/thumb/v7e-m/nofp/libg_nano.a(lib_a-nano-svfscanf.o)
 .debug_abbrev  0x0000000000003b05      0x358 /usr/lib/gcc/arm-none-eabi/10.3.1/../../../arm-none-eabi/lib/thumb/v7e-m/nofp/libg_nano.a(lib_a-nano-vfprintf.o)
 .debug_abbrev  0x0000000000003e5d      0x25c /usr/lib/gcc/arm-none-eabi/10.3.1/../../../arm-none-eabi/lib/thumb/v7e-m/nofp/libg_nano.a(lib_a-nano-vfprintf_i.o)
 .debug_abbrev  0x00000000000040b9      0x26c /usr/lib/gcc/arm-none-eabi/10.3.1/../../../arm-none-eabi/lib/thumb/v7e-m/nofp/libg_nano.a(lib_a-nano-vfscanf_i.o)
 .debug_abbrev  0x0000000000004325      0x1ab /usr/lib/gcc/arm-none-eabi/10.3.1/../../../arm-none-eabi/lib/thumb/v7e-m/nofp/libg_nano.a(lib_a-readr.o)
 .debug_abbrev  0x00000000000044d0      0x265 /usr/lib/gcc/arm-none-eabi/10.3.1/../../../arm-none-eabi/lib/thumb/v7e-m/nofp/libg_nano.a(lib_a-reent.o)
 .debug_abbrev  0x0000000000004735      0x225 /usr/lib/gcc/arm-none-eabi/10.3.1/../../../arm-none-eabi/lib/thumb/v7e-m/nofp/libg_nano.a(lib_a-rget.o)
 .debug_abbrev  0x000000000000495a       0x97 /usr/lib/gcc/arm-none-eabi/10.3.1/../../../arm-none-eabi/lib/thumb/v7e-m/nofp/libg_nano.a(lib_a-sccl.o)
 .debug_abbrev  0x00000000000049f1      0x2cf /usr/lib/gcc/arm-none-eabi/10.3.1/../../../arm-none-eabi/lib/thumb/v7e-m/nofp/libg_nano.a(lib_a-strtol.o)
 .debug_abbrev  0x0000000000004cc0      0x298 /usr/lib/gcc/arm-none-eabi/10.3.1/../../../arm-none-eabi/lib/thumb/v7e-m/nofp/libg_nano.a(lib_a-strtoul.o)
 .debug_abbrev  0x0000000000004f58      0x233 /usr/lib/gcc/arm-none-eabi/10.3.1/../../../arm-none-eabi/lib/thumb/v7e-m/nofp/libg_nano.a(lib_a-ungetc.o)
 .debug_abbrev  0x000000000000518b       0x62 /usr/lib/gcc/arm-none-eabi/10.3.1/../../../arm-none-eabi/lib/thumb/v7e-m/nofp/libg_nano.a(lib_a-ctype_.o)
 .debug_abbrev  0x00000000000051ed      0x1bf /usr/lib/gcc/arm-none-eabi/10.3.1/../../../arm-none-eabi/lib/thumb/v7e-m/nofp/libg_nano.a(lib_a-fstatr.o)
 .debug_abbrev  0x00000000000053ac      0x1f4 /usr/lib/gcc/arm-none-eabi/10.3.1/../../../arm-none-eabi/lib/thumb/v7e-m/nofp/libg_nano.a(lib_a-fvwrite.o)
 .debug_abbrev  0x00000000000055a0      0x1ab /usr/lib/gcc/arm-none-eabi/10.3.1/../../../arm-none-eabi/lib/thumb/v7e-m/nofp/libg_nano.a(lib_a-isattyr.o)
 .debug_abbrev  0x000000000000574b       0x14 /usr/lib/gcc/arm-none-eabi/10.3.1/../../../arm-none-eabi/lib/thumb/v7e-m/nofp/libg_nano.a(lib_a-memchr.o)
 .debug_abbrev  0x000000000000575f       0x14 /usr/lib/gcc/arm-none-eabi/10.3.1/../../../arm-none-eabi/lib/thumb/v7e-m/nofp/libg_nano.a(lib_a-memcpy.o)
 .debug_abbrev  0x0000000000005773       0xc0 /usr/lib/gcc/arm-none-eabi/10.3.1/../../../arm-none-eabi/lib/thumb/v7e-m/nofp/libg_nano.a(lib_a-memmove.o)
 .debug_abbrev  0x0000000000005833      0x1d6 /usr/lib/gcc/arm-none-eabi/10.3.1/../../../arm-none-eabi/lib/thumb/v7e-m/nofp/libg_nano.a(lib_a-nano-reallocr.o)
 .debug_abbrev  0x0000000000005a09      0x222 /usr/lib/gcc/arm-none-eabi/10.3.1/../../../arm-none-eabi/lib/thumb/v7e-m/nofp/libg_nano.a(lib_a-refill.o)
 .debug_abbrev  0x0000000000005c2b      0x191 /usr/lib/gcc/arm-none-eabi/10.3.1/../../../arm-none-eabi/lib/thumb/v7e-m/nofp/libg_nano.a(lib_a-nano-msizer.o)
 .debug_abbrev  0x0000000000005dbc       0x6d /usr/lib/gcc/arm-none-eabi/10.3.1/../../../arm-none-eabi/lib/thumb/v7e-m/nofp/libnosys.a(close.o)
 .debug_abbrev  0x0000000000005e29       0xcc /usr/lib/gcc/arm-none-eabi/10.3.1/../../../arm-none-eabi/lib/thumb/v7e-m/nofp/libnosys.a(fstat.o)
 .debug_abbrev  0x0000000000005ef5       0x6d /usr/lib/gcc/arm-none-eabi/10.3.1/../../../arm-none-eabi/lib/thumb/v7e-m/nofp/libnosys.a(isatty.o)
 .debug_abbrev  0x0000000000005f62       0x92 /usr/lib/gcc/arm-none-eabi/10.3.1/../../../arm-none-eabi/lib/thumb/v7e-m/nofp/libnosys.a(lseek.o)
 .debug_abbrev  0x0000000000005ff4       0x9b /usr/lib/gcc/arm-none-eabi/10.3.1/../../../arm-none-eabi/lib/thumb/v7e-m/nofp/libnosys.a(read.o)
 .debug_abbrev  0x000000000000608f       0x9b /usr/lib/gcc/arm-none-eabi/10.3.1/../../../arm-none-eabi/lib/thumb/v7e-m/nofp/libnosys.a(write.o)

.debug_loc      0x0000000000000000     0x8041
 .debug_loc     0x0000000000000000       0xe0 objdir-CW308_STM32F3/floating_point_multiply_test.o
 .debug_loc     0x00000000000000e0      0x1a4 objdir-CW308_STM32F3/stm32f3_hal.o
 .debug_loc     0x0000000000000284     0x1671 objdir-CW308_STM32F3/stm32f3_hal_lowlevel.o
 .debug_loc     0x00000000000018f5       0x74 objdir-CW308_STM32F3/stm32f3_sysmem.o
 .debug_loc     0x0000000000001969      0x4ba /usr/lib/gcc/arm-none-eabi/10.3.1/../../../arm-none-eabi/lib/thumb/v7e-m/nofp/libg_nano.a(lib_a-fflush.o)
 .debug_loc     0x0000000000001e23      0x3d9 /usr/lib/gcc/arm-none-eabi/10.3.1/../../../arm-none-eabi/lib/thumb/v7e-m/nofp/libg_nano.a(lib_a-findfp.o)
 .debug_loc     0x00000000000021fc      0x1bf /usr/lib/gcc/arm-none-eabi/10.3.1/../../../arm-none-eabi/lib/thumb/v7e-m/nofp/libg_nano.a(lib_a-fwalk.o)
 .debug_loc     0x00000000000023bb       0xa5 /usr/lib/gcc/arm-none-eabi/10.3.1/../../../arm-none-eabi/lib/thumb/v7e-m/nofp/libg_nano.a(lib_a-getchar.o)
 .debug_loc     0x0000000000002460       0xba /usr/lib/gcc/arm-none-eabi/10.3.1/../../../arm-none-eabi/lib/thumb/v7e-m/nofp/libg_nano.a(lib_a-init.o)
 .debug_loc     0x000000000000251a      0x22c /usr/lib/gcc/arm-none-eabi/10.3.1/../../../arm-none-eabi/lib/thumb/v7e-m/nofp/libg_nano.a(lib_a-memset.o)
 .debug_loc     0x0000000000002746      0x23a /usr/lib/gcc/arm-none-eabi/10.3.1/../../../arm-none-eabi/lib/thumb/v7e-m/nofp/libg_nano.a(lib_a-nano-freer.o)
 .debug_loc     0x0000000000002980      0x3cd /usr/lib/gcc/arm-none-eabi/10.3.1/../../../arm-none-eabi/lib/thumb/v7e-m/nofp/libg_nano.a(lib_a-nano-mallocr.o)
 .debug_loc     0x0000000000002d4d       0x98 /usr/lib/gcc/arm-none-eabi/10.3.1/../../../arm-none-eabi/lib/thumb/v7e-m/nofp/libg_nano.a(lib_a-printf.o)
 .debug_loc     0x0000000000002de5      0x28c /usr/lib/gcc/arm-none-eabi/10.3.1/../../../arm-none-eabi/lib/thumb/v7e-m/nofp/libg_nano.a(lib_a-puts.o)
 .debug_loc     0x0000000000003071       0x6c /usr/lib/gcc/arm-none-eabi/10.3.1/../../../arm-none-eabi/lib/thumb/v7e-m/nofp/libg_nano.a(lib_a-sbrkr.o)
 .debug_loc     0x00000000000030dd       0xa6 /usr/lib/gcc/arm-none-eabi/10.3.1/../../../arm-none-eabi/lib/thumb/v7e-m/nofp/libg_nano.a(lib_a-sscanf.o)
 .debug_loc     0x0000000000003183      0x3a0 /usr/lib/gcc/arm-none-eabi/10.3.1/../../../arm-none-eabi/lib/thumb/v7e-m/nofp/libg_nano.a(lib_a-stdio.o)
 .debug_loc     0x0000000000003523      0x193 /usr/lib/gcc/arm-none-eabi/10.3.1/../../../arm-none-eabi/lib/thumb/v7e-m/nofp/libg_nano.a(lib_a-wbuf.o)
 .debug_loc     0x00000000000036b6       0xf7 /usr/lib/gcc/arm-none-eabi/10.3.1/../../../arm-none-eabi/lib/thumb/v7e-m/nofp/libg_nano.a(lib_a-writer.o)
 .debug_loc     0x00000000000037ad       0xb7 /usr/lib/gcc/arm-none-eabi/10.3.1/../../../arm-none-eabi/lib/thumb/v7e-m/nofp/libg_nano.a(lib_a-wsetup.o)
 .debug_loc     0x0000000000003864       0x6c /usr/lib/gcc/arm-none-eabi/10.3.1/../../../arm-none-eabi/lib/thumb/v7e-m/nofp/libg_nano.a(lib_a-closer.o)
 .debug_loc     0x00000000000038d0      0x208 /usr/lib/gcc/arm-none-eabi/10.3.1/../../../arm-none-eabi/lib/thumb/v7e-m/nofp/libg_nano.a(lib_a-getc.o)
 .debug_loc     0x0000000000003ad8       0xf7 /usr/lib/gcc/arm-none-eabi/10.3.1/../../../arm-none-eabi/lib/thumb/v7e-m/nofp/libg_nano.a(lib_a-lseekr.o)
 .debug_loc     0x0000000000003bcf      0x327 /usr/lib/gcc/arm-none-eabi/10.3.1/../../../arm-none-eabi/lib/thumb/v7e-m/nofp/libg_nano.a(lib_a-makebuf.o)
 .debug_loc     0x0000000000003ef6      0x5e1 /usr/lib/gcc/arm-none-eabi/10.3.1/../../../arm-none-eabi/lib/thumb/v7e-m/nofp/libg_nano.a(lib_a-nano-svfscanf.o)
 .debug_loc     0x00000000000044d7      0x777 /usr/lib/gcc/arm-none-eabi/10.3.1/../../../arm-none-eabi/lib/thumb/v7e-m/nofp/libg_nano.a(lib_a-nano-vfprintf.o)
 .debug_loc     0x0000000000004c4e      0x6d7 /usr/lib/gcc/arm-none-eabi/10.3.1/../../../arm-none-eabi/lib/thumb/v7e-m/nofp/libg_nano.a(lib_a-nano-vfprintf_i.o)
 .debug_loc     0x0000000000005325      0x4b3 /usr/lib/gcc/arm-none-eabi/10.3.1/../../../arm-none-eabi/lib/thumb/v7e-m/nofp/libg_nano.a(lib_a-nano-vfscanf_i.o)
 .debug_loc     0x00000000000057d8       0xf7 /usr/lib/gcc/arm-none-eabi/10.3.1/../../../arm-none-eabi/lib/thumb/v7e-m/nofp/libg_nano.a(lib_a-readr.o)
 .debug_loc     0x00000000000058cf      0x1cd /usr/lib/gcc/arm-none-eabi/10.3.1/../../../arm-none-eabi/lib/thumb/v7e-m/nofp/libg_nano.a(lib_a-reent.o)
 .debug_loc     0x0000000000005a9c      0x1b3 /usr/lib/gcc/arm-none-eabi/10.3.1/../../../arm-none-eabi/lib/thumb/v7e-m/nofp/libg_nano.a(lib_a-rget.o)
 .debug_loc     0x0000000000005c4f      0x20e /usr/lib/gcc/arm-none-eabi/10.3.1/../../../arm-none-eabi/lib/thumb/v7e-m/nofp/libg_nano.a(lib_a-sccl.o)
 .debug_loc     0x0000000000005e5d      0xa6d /usr/lib/gcc/arm-none-eabi/10.3.1/../../../arm-none-eabi/lib/thumb/v7e-m/nofp/libg_nano.a(lib_a-strtol.o)
 .debug_loc     0x00000000000068ca      0x54b /usr/lib/gcc/arm-none-eabi/10.3.1/../../../arm-none-eabi/lib/thumb/v7e-m/nofp/libg_nano.a(lib_a-strtoul.o)
 .debug_loc     0x0000000000006e15      0x29a /usr/lib/gcc/arm-none-eabi/10.3.1/../../../arm-none-eabi/lib/thumb/v7e-m/nofp/libg_nano.a(lib_a-ungetc.o)
 .debug_loc     0x00000000000070af       0xab /usr/lib/gcc/arm-none-eabi/10.3.1/../../../arm-none-eabi/lib/thumb/v7e-m/nofp/libg_nano.a(lib_a-fstatr.o)
 .debug_loc     0x000000000000715a      0x6fb /usr/lib/gcc/arm-none-eabi/10.3.1/../../../arm-none-eabi/lib/thumb/v7e-m/nofp/libg_nano.a(lib_a-fvwrite.o)
 .debug_loc     0x0000000000007855       0x6c /usr/lib/gcc/arm-none-eabi/10.3.1/../../../arm-none-eabi/lib/thumb/v7e-m/nofp/libg_nano.a(lib_a-isattyr.o)
 .debug_loc     0x00000000000078c1      0x34f /usr/lib/gcc/arm-none-eabi/10.3.1/../../../arm-none-eabi/lib/thumb/v7e-m/nofp/libg_nano.a(lib_a-memmove.o)
 .debug_loc     0x0000000000007c10      0x133 /usr/lib/gcc/arm-none-eabi/10.3.1/../../../arm-none-eabi/lib/thumb/v7e-m/nofp/libg_nano.a(lib_a-nano-reallocr.o)
 .debug_loc     0x0000000000007d43      0x12b /usr/lib/gcc/arm-none-eabi/10.3.1/../../../arm-none-eabi/lib/thumb/v7e-m/nofp/libg_nano.a(lib_a-refill.o)
 .debug_loc     0x0000000000007e6e       0x86 /usr/lib/gcc/arm-none-eabi/10.3.1/../../../arm-none-eabi/lib/thumb/v7e-m/nofp/libg_nano.a(lib_a-nano-msizer.o)
 .debug_loc     0x0000000000007ef4       0x25 /usr/lib/gcc/arm-none-eabi/10.3.1/../../../arm-none-eabi/lib/thumb/v7e-m/nofp/libnosys.a(close.o)
 .debug_loc     0x0000000000007f19       0x25 /usr/lib/gcc/arm-none-eabi/10.3.1/../../../arm-none-eabi/lib/thumb/v7e-m/nofp/libnosys.a(fstat.o)
 .debug_loc     0x0000000000007f3e       0x25 /usr/lib/gcc/arm-none-eabi/10.3.1/../../../arm-none-eabi/lib/thumb/v7e-m/nofp/libnosys.a(isatty.o)
 .debug_loc     0x0000000000007f63       0x4a /usr/lib/gcc/arm-none-eabi/10.3.1/../../../arm-none-eabi/lib/thumb/v7e-m/nofp/libnosys.a(lseek.o)
 .debug_loc     0x0000000000007fad       0x4a /usr/lib/gcc/arm-none-eabi/10.3.1/../../../arm-none-eabi/lib/thumb/v7e-m/nofp/libnosys.a(read.o)
 .debug_loc     0x0000000000007ff7       0x4a /usr/lib/gcc/arm-none-eabi/10.3.1/../../../arm-none-eabi/lib/thumb/v7e-m/nofp/libnosys.a(write.o)

.debug_aranges  0x0000000000000000      0x7c8
 .debug_aranges
                0x0000000000000000       0x28 objdir-CW308_STM32F3/floating_point_multiply_test.o
 .debug_aranges
                0x0000000000000028       0x60 objdir-CW308_STM32F3/stm32f3_hal.o
 .debug_aranges
                0x0000000000000088       0x90 objdir-CW308_STM32F3/stm32f3_hal_lowlevel.o
 .debug_aranges
                0x0000000000000118       0x20 objdir-CW308_STM32F3/stm32f3_sysmem.o
 .debug_aranges
                0x0000000000000138       0x20 /usr/lib/gcc/arm-none-eabi/10.3.1/thumb/v7e-m/nofp/libgcc.a(_arm_mulsf3.o)
 .debug_aranges
                0x0000000000000158       0x20 /usr/lib/gcc/arm-none-eabi/10.3.1/thumb/v7e-m/nofp/libgcc.a(_arm_addsubdf3.o)
 .debug_aranges
                0x0000000000000178       0x20 /usr/lib/gcc/arm-none-eabi/10.3.1/../../../arm-none-eabi/lib/thumb/v7e-m/nofp/libg_nano.a(lib_a-errno.o)
 .debug_aranges
                0x0000000000000198       0x20 /usr/lib/gcc/arm-none-eabi/10.3.1/../../../arm-none-eabi/lib/thumb/v7e-m/nofp/libg_nano.a(lib_a-fflush.o)
 .debug_aranges
                0x00000000000001b8       0x20 /usr/lib/gcc/arm-none-eabi/10.3.1/../../../arm-none-eabi/lib/thumb/v7e-m/nofp/libg_nano.a(lib_a-findfp.o)
 .debug_aranges
                0x00000000000001d8       0x20 /usr/lib/gcc/arm-none-eabi/10.3.1/../../../arm-none-eabi/lib/thumb/v7e-m/nofp/libg_nano.a(lib_a-fwalk.o)
 .debug_aranges
                0x00000000000001f8       0x20 /usr/lib/gcc/arm-none-eabi/10.3.1/../../../arm-none-eabi/lib/thumb/v7e-m/nofp/libg_nano.a(lib_a-getchar.o)
 .debug_aranges
                0x0000000000000218       0x18 /usr/lib/gcc/arm-none-eabi/10.3.1/../../../arm-none-eabi/lib/thumb/v7e-m/nofp/libg_nano.a(lib_a-impure.o)
 .debug_aranges
                0x0000000000000230       0x20 /usr/lib/gcc/arm-none-eabi/10.3.1/../../../arm-none-eabi/lib/thumb/v7e-m/nofp/libg_nano.a(lib_a-init.o)
 .debug_aranges
                0x0000000000000250       0x20 /usr/lib/gcc/arm-none-eabi/10.3.1/../../../arm-none-eabi/lib/thumb/v7e-m/nofp/libg_nano.a(lib_a-memset.o)
 .debug_aranges
                0x0000000000000270       0x20 /usr/lib/gcc/arm-none-eabi/10.3.1/../../../arm-none-eabi/lib/thumb/v7e-m/nofp/libg_nano.a(lib_a-nano-freer.o)
 .debug_aranges
                0x0000000000000290       0x20 /usr/lib/gcc/arm-none-eabi/10.3.1/../../../arm-none-eabi/lib/thumb/v7e-m/nofp/libg_nano.a(lib_a-nano-mallocr.o)
 .debug_aranges
                0x00000000000002b0       0x20 /usr/lib/gcc/arm-none-eabi/10.3.1/../../../arm-none-eabi/lib/thumb/v7e-m/nofp/libg_nano.a(lib_a-printf.o)
 .debug_aranges
                0x00000000000002d0       0x20 /usr/lib/gcc/arm-none-eabi/10.3.1/../../../arm-none-eabi/lib/thumb/v7e-m/nofp/libg_nano.a(lib_a-puts.o)
 .debug_aranges
                0x00000000000002f0       0x20 /usr/lib/gcc/arm-none-eabi/10.3.1/../../../arm-none-eabi/lib/thumb/v7e-m/nofp/libg_nano.a(lib_a-sbrkr.o)
 .debug_aranges
                0x0000000000000310       0x20 /usr/lib/gcc/arm-none-eabi/10.3.1/../../../arm-none-eabi/lib/thumb/v7e-m/nofp/libg_nano.a(lib_a-sscanf.o)
 .debug_aranges
                0x0000000000000330       0x20 /usr/lib/gcc/arm-none-eabi/10.3.1/../../../arm-none-eabi/lib/thumb/v7e-m/nofp/libg_nano.a(lib_a-stdio.o)
 .debug_aranges
                0x0000000000000350       0x20 /usr/lib/gcc/arm-none-eabi/10.3.1/../../../arm-none-eabi/lib/thumb/v7e-m/nofp/libg_nano.a(lib_a-strlen.o)
 .debug_aranges
                0x0000000000000370       0x20 /usr/lib/gcc/arm-none-eabi/10.3.1/../../../arm-none-eabi/lib/thumb/v7e-m/nofp/libg_nano.a(lib_a-wbuf.o)
 .debug_aranges
                0x0000000000000390       0x20 /usr/lib/gcc/arm-none-eabi/10.3.1/../../../arm-none-eabi/lib/thumb/v7e-m/nofp/libg_nano.a(lib_a-writer.o)
 .debug_aranges
                0x00000000000003b0       0x20 /usr/lib/gcc/arm-none-eabi/10.3.1/../../../arm-none-eabi/lib/thumb/v7e-m/nofp/libg_nano.a(lib_a-wsetup.o)
 .debug_aranges
                0x00000000000003d0       0x20 /usr/lib/gcc/arm-none-eabi/10.3.1/../../../arm-none-eabi/lib/thumb/v7e-m/nofp/libg_nano.a(lib_a-closer.o)
 .debug_aranges
                0x00000000000003f0       0x20 /usr/lib/gcc/arm-none-eabi/10.3.1/../../../arm-none-eabi/lib/thumb/v7e-m/nofp/libg_nano.a(lib_a-getc.o)
 .debug_aranges
                0x0000000000000410       0x20 /usr/lib/gcc/arm-none-eabi/10.3.1/../../../arm-none-eabi/lib/thumb/v7e-m/nofp/libg_nano.a(lib_a-lseekr.o)
 .debug_aranges
                0x0000000000000430       0x20 /usr/lib/gcc/arm-none-eabi/10.3.1/../../../arm-none-eabi/lib/thumb/v7e-m/nofp/libg_nano.a(lib_a-makebuf.o)
 .debug_aranges
                0x0000000000000450       0x20 /usr/lib/gcc/arm-none-eabi/10.3.1/../../../arm-none-eabi/lib/thumb/v7e-m/nofp/libg_nano.a(lib_a-mlock.o)
 .debug_aranges
                0x0000000000000470       0x20 /usr/lib/gcc/arm-none-eabi/10.3.1/../../../arm-none-eabi/lib/thumb/v7e-m/nofp/libg_nano.a(lib_a-nano-svfscanf.o)
 .debug_aranges
                0x0000000000000490       0x20 /usr/lib/gcc/arm-none-eabi/10.3.1/../../../arm-none-eabi/lib/thumb/v7e-m/nofp/libg_nano.a(lib_a-nano-vfprintf.o)
 .debug_aranges
                0x00000000000004b0       0x20 /usr/lib/gcc/arm-none-eabi/10.3.1/../../../arm-none-eabi/lib/thumb/v7e-m/nofp/libg_nano.a(lib_a-nano-vfprintf_i.o)
 .debug_aranges
                0x00000000000004d0       0x20 /usr/lib/gcc/arm-none-eabi/10.3.1/../../../arm-none-eabi/lib/thumb/v7e-m/nofp/libg_nano.a(lib_a-nano-vfscanf_i.o)
 .debug_aranges
                0x00000000000004f0       0x20 /usr/lib/gcc/arm-none-eabi/10.3.1/../../../arm-none-eabi/lib/thumb/v7e-m/nofp/libg_nano.a(lib_a-readr.o)
 .debug_aranges
                0x0000000000000510       0x20 /usr/lib/gcc/arm-none-eabi/10.3.1/../../../arm-none-eabi/lib/thumb/v7e-m/nofp/libg_nano.a(lib_a-reent.o)
 .debug_aranges
                0x0000000000000530       0x20 /usr/lib/gcc/arm-none-eabi/10.3.1/../../../arm-none-eabi/lib/thumb/v7e-m/nofp/libg_nano.a(lib_a-rget.o)
 .debug_aranges
                0x0000000000000550       0x20 /usr/lib/gcc/arm-none-eabi/10.3.1/../../../arm-none-eabi/lib/thumb/v7e-m/nofp/libg_nano.a(lib_a-sccl.o)
 .debug_aranges
                0x0000000000000570       0x20 /usr/lib/gcc/arm-none-eabi/10.3.1/../../../arm-none-eabi/lib/thumb/v7e-m/nofp/libg_nano.a(lib_a-strtol.o)
 .debug_aranges
                0x0000000000000590       0x20 /usr/lib/gcc/arm-none-eabi/10.3.1/../../../arm-none-eabi/lib/thumb/v7e-m/nofp/libg_nano.a(lib_a-strtoul.o)
 .debug_aranges
                0x00000000000005b0       0x20 /usr/lib/gcc/arm-none-eabi/10.3.1/../../../arm-none-eabi/lib/thumb/v7e-m/nofp/libg_nano.a(lib_a-ungetc.o)
 .debug_aranges
                0x00000000000005d0       0x18 /usr/lib/gcc/arm-none-eabi/10.3.1/../../../arm-none-eabi/lib/thumb/v7e-m/nofp/libg_nano.a(lib_a-ctype_.o)
 .debug_aranges
                0x00000000000005e8       0x20 /usr/lib/gcc/arm-none-eabi/10.3.1/../../../arm-none-eabi/lib/thumb/v7e-m/nofp/libg_nano.a(lib_a-fstatr.o)
 .debug_aranges
                0x0000000000000608       0x20 /usr/lib/gcc/arm-none-eabi/10.3.1/../../../arm-none-eabi/lib/thumb/v7e-m/nofp/libg_nano.a(lib_a-fvwrite.o)
 .debug_aranges
                0x0000000000000628       0x20 /usr/lib/gcc/arm-none-eabi/10.3.1/../../../arm-none-eabi/lib/thumb/v7e-m/nofp/libg_nano.a(lib_a-isattyr.o)
 .debug_aranges
                0x0000000000000648       0x20 /usr/lib/gcc/arm-none-eabi/10.3.1/../../../arm-none-eabi/lib/thumb/v7e-m/nofp/libg_nano.a(lib_a-memchr.o)
 .debug_aranges
                0x0000000000000668       0x20 /usr/lib/gcc/arm-none-eabi/10.3.1/../../../arm-none-eabi/lib/thumb/v7e-m/nofp/libg_nano.a(lib_a-memcpy.o)
 .debug_aranges
                0x0000000000000688       0x20 /usr/lib/gcc/arm-none-eabi/10.3.1/../../../arm-none-eabi/lib/thumb/v7e-m/nofp/libg_nano.a(lib_a-memmove.o)
 .debug_aranges
                0x00000000000006a8       0x20 /usr/lib/gcc/arm-none-eabi/10.3.1/../../../arm-none-eabi/lib/thumb/v7e-m/nofp/libg_nano.a(lib_a-nano-reallocr.o)
 .debug_aranges
                0x00000000000006c8       0x20 /usr/lib/gcc/arm-none-eabi/10.3.1/../../../arm-none-eabi/lib/thumb/v7e-m/nofp/libg_nano.a(lib_a-refill.o)
 .debug_aranges
                0x00000000000006e8       0x20 /usr/lib/gcc/arm-none-eabi/10.3.1/../../../arm-none-eabi/lib/thumb/v7e-m/nofp/libg_nano.a(lib_a-nano-msizer.o)
 .debug_aranges
                0x0000000000000708       0x20 /usr/lib/gcc/arm-none-eabi/10.3.1/../../../arm-none-eabi/lib/thumb/v7e-m/nofp/libnosys.a(close.o)
 .debug_aranges
                0x0000000000000728       0x20 /usr/lib/gcc/arm-none-eabi/10.3.1/../../../arm-none-eabi/lib/thumb/v7e-m/nofp/libnosys.a(fstat.o)
 .debug_aranges
                0x0000000000000748       0x20 /usr/lib/gcc/arm-none-eabi/10.3.1/../../../arm-none-eabi/lib/thumb/v7e-m/nofp/libnosys.a(isatty.o)
 .debug_aranges
                0x0000000000000768       0x20 /usr/lib/gcc/arm-none-eabi/10.3.1/../../../arm-none-eabi/lib/thumb/v7e-m/nofp/libnosys.a(lseek.o)
 .debug_aranges
                0x0000000000000788       0x20 /usr/lib/gcc/arm-none-eabi/10.3.1/../../../arm-none-eabi/lib/thumb/v7e-m/nofp/libnosys.a(read.o)
 .debug_aranges
                0x00000000000007a8       0x20 /usr/lib/gcc/arm-none-eabi/10.3.1/../../../arm-none-eabi/lib/thumb/v7e-m/nofp/libnosys.a(write.o)

.debug_ranges   0x0000000000000000      0x850
 .debug_ranges  0x0000000000000000       0x38 objdir-CW308_STM32F3/floating_point_multiply_test.o
 .debug_ranges  0x0000000000000038       0xb0 objdir-CW308_STM32F3/stm32f3_hal.o
 .debug_ranges  0x00000000000000e8      0x200 objdir-CW308_STM32F3/stm32f3_hal_lowlevel.o
 .debug_ranges  0x00000000000002e8       0x10 objdir-CW308_STM32F3/stm32f3_sysmem.o
 .debug_ranges  0x00000000000002f8       0xc0 /usr/lib/gcc/arm-none-eabi/10.3.1/../../../arm-none-eabi/lib/thumb/v7e-m/nofp/libg_nano.a(lib_a-fflush.o)
 .debug_ranges  0x00000000000003b8       0xc8 /usr/lib/gcc/arm-none-eabi/10.3.1/../../../arm-none-eabi/lib/thumb/v7e-m/nofp/libg_nano.a(lib_a-findfp.o)
 .debug_ranges  0x0000000000000480       0x18 /usr/lib/gcc/arm-none-eabi/10.3.1/../../../arm-none-eabi/lib/thumb/v7e-m/nofp/libg_nano.a(lib_a-nano-freer.o)
 .debug_ranges  0x0000000000000498       0x38 /usr/lib/gcc/arm-none-eabi/10.3.1/../../../arm-none-eabi/lib/thumb/v7e-m/nofp/libg_nano.a(lib_a-nano-mallocr.o)
 .debug_ranges  0x00000000000004d0       0x58 /usr/lib/gcc/arm-none-eabi/10.3.1/../../../arm-none-eabi/lib/thumb/v7e-m/nofp/libg_nano.a(lib_a-puts.o)
 .debug_ranges  0x0000000000000528       0x20 /usr/lib/gcc/arm-none-eabi/10.3.1/../../../arm-none-eabi/lib/thumb/v7e-m/nofp/libg_nano.a(lib_a-wbuf.o)
 .debug_ranges  0x0000000000000548       0x30 /usr/lib/gcc/arm-none-eabi/10.3.1/../../../arm-none-eabi/lib/thumb/v7e-m/nofp/libg_nano.a(lib_a-wsetup.o)
 .debug_ranges  0x0000000000000578       0x50 /usr/lib/gcc/arm-none-eabi/10.3.1/../../../arm-none-eabi/lib/thumb/v7e-m/nofp/libg_nano.a(lib_a-getc.o)
 .debug_ranges  0x00000000000005c8       0x78 /usr/lib/gcc/arm-none-eabi/10.3.1/../../../arm-none-eabi/lib/thumb/v7e-m/nofp/libg_nano.a(lib_a-makebuf.o)
 .debug_ranges  0x0000000000000640       0x40 /usr/lib/gcc/arm-none-eabi/10.3.1/../../../arm-none-eabi/lib/thumb/v7e-m/nofp/libg_nano.a(lib_a-nano-vfprintf.o)
 .debug_ranges  0x0000000000000680       0xa0 /usr/lib/gcc/arm-none-eabi/10.3.1/../../../arm-none-eabi/lib/thumb/v7e-m/nofp/libg_nano.a(lib_a-nano-vfprintf_i.o)
 .debug_ranges  0x0000000000000720       0x18 /usr/lib/gcc/arm-none-eabi/10.3.1/../../../arm-none-eabi/lib/thumb/v7e-m/nofp/libg_nano.a(lib_a-nano-vfscanf_i.o)
 .debug_ranges  0x0000000000000738       0x50 /usr/lib/gcc/arm-none-eabi/10.3.1/../../../arm-none-eabi/lib/thumb/v7e-m/nofp/libg_nano.a(lib_a-rget.o)
 .debug_ranges  0x0000000000000788       0x10 /usr/lib/gcc/arm-none-eabi/10.3.1/../../../arm-none-eabi/lib/thumb/v7e-m/nofp/libg_nano.a(lib_a-sccl.o)
 .debug_ranges  0x0000000000000798       0x58 /usr/lib/gcc/arm-none-eabi/10.3.1/../../../arm-none-eabi/lib/thumb/v7e-m/nofp/libg_nano.a(lib_a-strtol.o)
 .debug_ranges  0x00000000000007f0       0x18 /usr/lib/gcc/arm-none-eabi/10.3.1/../../../arm-none-eabi/lib/thumb/v7e-m/nofp/libg_nano.a(lib_a-ungetc.o)
 .debug_ranges  0x0000000000000808       0x28 /usr/lib/gcc/arm-none-eabi/10.3.1/../../../arm-none-eabi/lib/thumb/v7e-m/nofp/libg_nano.a(lib_a-fvwrite.o)
 .debug_ranges  0x0000000000000830       0x20 /usr/lib/gcc/arm-none-eabi/10.3.1/../../../arm-none-eabi/lib/thumb/v7e-m/nofp/libg_nano.a(lib_a-refill.o)

.debug_line     0x0000000000000000     0x9d21
 .debug_line    0x0000000000000000      0x1fc objdir-CW308_STM32F3/floating_point_multiply_test.o
 .debug_line    0x00000000000001fc      0x344 objdir-CW308_STM32F3/stm32f3_hal.o
 .debug_line    0x0000000000000540     0x16a8 objdir-CW308_STM32F3/stm32f3_hal_lowlevel.o
 .debug_line    0x0000000000001be8       0xcb objdir-CW308_STM32F3/stm32f3_sysmem.o
 .debug_line    0x0000000000001cb3       0xd4 /usr/lib/gcc/arm-none-eabi/10.3.1/thumb/v7e-m/nofp/libgcc.a(_arm_mulsf3.o)
 .debug_line    0x0000000000001d87      0x186 /usr/lib/gcc/arm-none-eabi/10.3.1/thumb/v7e-m/nofp/libgcc.a(_arm_addsubdf3.o)
 .debug_line    0x0000000000001f0d      0x109 /usr/lib/gcc/arm-none-eabi/10.3.1/../../../arm-none-eabi/lib/thumb/v7e-m/nofp/libg_nano.a(lib_a-errno.o)
 .debug_line    0x0000000000002016      0x47a /usr/lib/gcc/arm-none-eabi/10.3.1/../../../arm-none-eabi/lib/thumb/v7e-m/nofp/libg_nano.a(lib_a-fflush.o)
 .debug_line    0x0000000000002490      0x589 /usr/lib/gcc/arm-none-eabi/10.3.1/../../../arm-none-eabi/lib/thumb/v7e-m/nofp/libg_nano.a(lib_a-findfp.o)
 .debug_line    0x0000000000002a19      0x29e /usr/lib/gcc/arm-none-eabi/10.3.1/../../../arm-none-eabi/lib/thumb/v7e-m/nofp/libg_nano.a(lib_a-fwalk.o)
 .debug_line    0x0000000000002cb7      0x207 /usr/lib/gcc/arm-none-eabi/10.3.1/../../../arm-none-eabi/lib/thumb/v7e-m/nofp/libg_nano.a(lib_a-getchar.o)
 .debug_line    0x0000000000002ebe       0xe4 /usr/lib/gcc/arm-none-eabi/10.3.1/../../../arm-none-eabi/lib/thumb/v7e-m/nofp/libg_nano.a(lib_a-impure.o)
 .debug_line    0x0000000000002fa2      0x138 /usr/lib/gcc/arm-none-eabi/10.3.1/../../../arm-none-eabi/lib/thumb/v7e-m/nofp/libg_nano.a(lib_a-init.o)
 .debug_line    0x00000000000030da      0x1bf /usr/lib/gcc/arm-none-eabi/10.3.1/../../../arm-none-eabi/lib/thumb/v7e-m/nofp/libg_nano.a(lib_a-memset.o)
 .debug_line    0x0000000000003299      0x2c0 /usr/lib/gcc/arm-none-eabi/10.3.1/../../../arm-none-eabi/lib/thumb/v7e-m/nofp/libg_nano.a(lib_a-nano-freer.o)
 .debug_line    0x0000000000003559      0x2d0 /usr/lib/gcc/arm-none-eabi/10.3.1/../../../arm-none-eabi/lib/thumb/v7e-m/nofp/libg_nano.a(lib_a-nano-mallocr.o)
 .debug_line    0x0000000000003829      0x22c /usr/lib/gcc/arm-none-eabi/10.3.1/../../../arm-none-eabi/lib/thumb/v7e-m/nofp/libg_nano.a(lib_a-printf.o)
 .debug_line    0x0000000000003a55      0x31f /usr/lib/gcc/arm-none-eabi/10.3.1/../../../arm-none-eabi/lib/thumb/v7e-m/nofp/libg_nano.a(lib_a-puts.o)
 .debug_line    0x0000000000003d74      0x183 /usr/lib/gcc/arm-none-eabi/10.3.1/../../../arm-none-eabi/lib/thumb/v7e-m/nofp/libg_nano.a(lib_a-sbrkr.o)
 .debug_line    0x0000000000003ef7      0x251 /usr/lib/gcc/arm-none-eabi/10.3.1/../../../arm-none-eabi/lib/thumb/v7e-m/nofp/libg_nano.a(lib_a-sscanf.o)
 .debug_line    0x0000000000004148      0x231 /usr/lib/gcc/arm-none-eabi/10.3.1/../../../arm-none-eabi/lib/thumb/v7e-m/nofp/libg_nano.a(lib_a-stdio.o)
 .debug_line    0x0000000000004379       0xaf /usr/lib/gcc/arm-none-eabi/10.3.1/../../../arm-none-eabi/lib/thumb/v7e-m/nofp/libg_nano.a(lib_a-strlen.o)
 .debug_line    0x0000000000004428      0x279 /usr/lib/gcc/arm-none-eabi/10.3.1/../../../arm-none-eabi/lib/thumb/v7e-m/nofp/libg_nano.a(lib_a-wbuf.o)
 .debug_line    0x00000000000046a1      0x189 /usr/lib/gcc/arm-none-eabi/10.3.1/../../../arm-none-eabi/lib/thumb/v7e-m/nofp/libg_nano.a(lib_a-writer.o)
 .debug_line    0x000000000000482a      0x33e /usr/lib/gcc/arm-none-eabi/10.3.1/../../../arm-none-eabi/lib/thumb/v7e-m/nofp/libg_nano.a(lib_a-wsetup.o)
 .debug_line    0x0000000000004b68      0x183 /usr/lib/gcc/arm-none-eabi/10.3.1/../../../arm-none-eabi/lib/thumb/v7e-m/nofp/libg_nano.a(lib_a-closer.o)
 .debug_line    0x0000000000004ceb      0x2f3 /usr/lib/gcc/arm-none-eabi/10.3.1/../../../arm-none-eabi/lib/thumb/v7e-m/nofp/libg_nano.a(lib_a-getc.o)
 .debug_line    0x0000000000004fde      0x189 /usr/lib/gcc/arm-none-eabi/10.3.1/../../../arm-none-eabi/lib/thumb/v7e-m/nofp/libg_nano.a(lib_a-lseekr.o)
 .debug_line    0x0000000000005167      0x3b2 /usr/lib/gcc/arm-none-eabi/10.3.1/../../../arm-none-eabi/lib/thumb/v7e-m/nofp/libg_nano.a(lib_a-makebuf.o)
 .debug_line    0x0000000000005519      0x13e /usr/lib/gcc/arm-none-eabi/10.3.1/../../../arm-none-eabi/lib/thumb/v7e-m/nofp/libg_nano.a(lib_a-mlock.o)
 .debug_line    0x0000000000005657      0x737 /usr/lib/gcc/arm-none-eabi/10.3.1/../../../arm-none-eabi/lib/thumb/v7e-m/nofp/libg_nano.a(lib_a-nano-svfscanf.o)
 .debug_line    0x0000000000005d8e      0x6ee /usr/lib/gcc/arm-none-eabi/10.3.1/../../../arm-none-eabi/lib/thumb/v7e-m/nofp/libg_nano.a(lib_a-nano-vfprintf.o)
 .debug_line    0x000000000000647c      0x750 /usr/lib/gcc/arm-none-eabi/10.3.1/../../../arm-none-eabi/lib/thumb/v7e-m/nofp/libg_nano.a(lib_a-nano-vfprintf_i.o)
 .debug_line    0x0000000000006bcc      0x656 /usr/lib/gcc/arm-none-eabi/10.3.1/../../../arm-none-eabi/lib/thumb/v7e-m/nofp/libg_nano.a(lib_a-nano-vfscanf_i.o)
 .debug_line    0x0000000000007222      0x188 /usr/lib/gcc/arm-none-eabi/10.3.1/../../../arm-none-eabi/lib/thumb/v7e-m/nofp/libg_nano.a(lib_a-readr.o)
 .debug_line    0x00000000000073aa      0x2c7 /usr/lib/gcc/arm-none-eabi/10.3.1/../../../arm-none-eabi/lib/thumb/v7e-m/nofp/libg_nano.a(lib_a-reent.o)
 .debug_line    0x0000000000007671      0x23d /usr/lib/gcc/arm-none-eabi/10.3.1/../../../arm-none-eabi/lib/thumb/v7e-m/nofp/libg_nano.a(lib_a-rget.o)
 .debug_line    0x00000000000078ae      0x19b /usr/lib/gcc/arm-none-eabi/10.3.1/../../../arm-none-eabi/lib/thumb/v7e-m/nofp/libg_nano.a(lib_a-sccl.o)
 .debug_line    0x0000000000007a49      0x41d /usr/lib/gcc/arm-none-eabi/10.3.1/../../../arm-none-eabi/lib/thumb/v7e-m/nofp/libg_nano.a(lib_a-strtol.o)
 .debug_line    0x0000000000007e66      0x38f /usr/lib/gcc/arm-none-eabi/10.3.1/../../../arm-none-eabi/lib/thumb/v7e-m/nofp/libg_nano.a(lib_a-strtoul.o)
 .debug_line    0x00000000000081f5      0x3ef /usr/lib/gcc/arm-none-eabi/10.3.1/../../../arm-none-eabi/lib/thumb/v7e-m/nofp/libg_nano.a(lib_a-ungetc.o)
 .debug_line    0x00000000000085e4       0x5e /usr/lib/gcc/arm-none-eabi/10.3.1/../../../arm-none-eabi/lib/thumb/v7e-m/nofp/libg_nano.a(lib_a-ctype_.o)
 .debug_line    0x0000000000008642      0x203 /usr/lib/gcc/arm-none-eabi/10.3.1/../../../arm-none-eabi/lib/thumb/v7e-m/nofp/libg_nano.a(lib_a-fstatr.o)
 .debug_line    0x0000000000008845      0x5dd /usr/lib/gcc/arm-none-eabi/10.3.1/../../../arm-none-eabi/lib/thumb/v7e-m/nofp/libg_nano.a(lib_a-fvwrite.o)
 .debug_line    0x0000000000008e22      0x184 /usr/lib/gcc/arm-none-eabi/10.3.1/../../../arm-none-eabi/lib/thumb/v7e-m/nofp/libg_nano.a(lib_a-isattyr.o)
 .debug_line    0x0000000000008fa6       0xa4 /usr/lib/gcc/arm-none-eabi/10.3.1/../../../arm-none-eabi/lib/thumb/v7e-m/nofp/libg_nano.a(lib_a-memchr.o)
 .debug_line    0x000000000000904a       0xbe /usr/lib/gcc/arm-none-eabi/10.3.1/../../../arm-none-eabi/lib/thumb/v7e-m/nofp/libg_nano.a(lib_a-memcpy.o)
 .debug_line    0x0000000000009108      0x1ee /usr/lib/gcc/arm-none-eabi/10.3.1/../../../arm-none-eabi/lib/thumb/v7e-m/nofp/libg_nano.a(lib_a-memmove.o)
 .debug_line    0x00000000000092f6      0x1c5 /usr/lib/gcc/arm-none-eabi/10.3.1/../../../arm-none-eabi/lib/thumb/v7e-m/nofp/libg_nano.a(lib_a-nano-reallocr.o)
 .debug_line    0x00000000000094bb      0x399 /usr/lib/gcc/arm-none-eabi/10.3.1/../../../arm-none-eabi/lib/thumb/v7e-m/nofp/libg_nano.a(lib_a-refill.o)
 .debug_line    0x0000000000009854      0x160 /usr/lib/gcc/arm-none-eabi/10.3.1/../../../arm-none-eabi/lib/thumb/v7e-m/nofp/libg_nano.a(lib_a-nano-msizer.o)
 .debug_line    0x00000000000099b4       0x70 /usr/lib/gcc/arm-none-eabi/10.3.1/../../../arm-none-eabi/lib/thumb/v7e-m/nofp/libnosys.a(close.o)
 .debug_line    0x0000000000009a24      0x13a /usr/lib/gcc/arm-none-eabi/10.3.1/../../../arm-none-eabi/lib/thumb/v7e-m/nofp/libnosys.a(fstat.o)
 .debug_line    0x0000000000009b5e       0x71 /usr/lib/gcc/arm-none-eabi/10.3.1/../../../arm-none-eabi/lib/thumb/v7e-m/nofp/libnosys.a(isatty.o)
 .debug_line    0x0000000000009bcf       0x71 /usr/lib/gcc/arm-none-eabi/10.3.1/../../../arm-none-eabi/lib/thumb/v7e-m/nofp/libnosys.a(lseek.o)
 .debug_line    0x0000000000009c40       0x70 /usr/lib/gcc/arm-none-eabi/10.3.1/../../../arm-none-eabi/lib/thumb/v7e-m/nofp/libnosys.a(read.o)
 .debug_line    0x0000000000009cb0       0x71 /usr/lib/gcc/arm-none-eabi/10.3.1/../../../arm-none-eabi/lib/thumb/v7e-m/nofp/libnosys.a(write.o)

.debug_str      0x0000000000000000     0x2fd8
 .debug_str     0x0000000000000000      0x59e objdir-CW308_STM32F3/floating_point_multiply_test.o
                                        0x67d (size before relaxing)
 .debug_str     0x000000000000059e      0x702 objdir-CW308_STM32F3/stm32f3_hal.o
                                        0x934 (size before relaxing)
 .debug_str     0x0000000000000ca0      0x8a8 objdir-CW308_STM32F3/stm32f3_hal_lowlevel.o
                                       0x118f (size before relaxing)
 .debug_str     0x0000000000001548       0x4d objdir-CW308_STM32F3/stm32f3_sysmem.o
                                        0x20a (size before relaxing)
 .debug_str     0x0000000000001595       0xa8 /usr/lib/gcc/arm-none-eabi/10.3.1/thumb/v7e-m/nofp/libgcc.a(_arm_mulsf3.o)
 .debug_str     0x000000000000163d       0x31 /usr/lib/gcc/arm-none-eabi/10.3.1/thumb/v7e-m/nofp/libgcc.a(_arm_addsubdf3.o)
                                         0xa8 (size before relaxing)
 .debug_str     0x000000000000166e      0x125 /usr/lib/gcc/arm-none-eabi/10.3.1/../../../arm-none-eabi/lib/thumb/v7e-m/nofp/libg_nano.a(lib_a-errno.o)
                                        0x501 (size before relaxing)
 .debug_str     0x0000000000001793      0x136 /usr/lib/gcc/arm-none-eabi/10.3.1/../../../arm-none-eabi/lib/thumb/v7e-m/nofp/libg_nano.a(lib_a-fflush.o)
                                        0x5b8 (size before relaxing)
 .debug_str     0x00000000000018c9      0x1db /usr/lib/gcc/arm-none-eabi/10.3.1/../../../arm-none-eabi/lib/thumb/v7e-m/nofp/libg_nano.a(lib_a-findfp.o)
                                        0x731 (size before relaxing)
 .debug_str     0x0000000000001aa4       0x41 /usr/lib/gcc/arm-none-eabi/10.3.1/../../../arm-none-eabi/lib/thumb/v7e-m/nofp/libg_nano.a(lib_a-fwalk.o)