Archive member included to satisfy reference by file (symbol)

/usr/lib/gcc/arm-none-eabi/10.3.1/../../../arm-none-eabi/lib/thumb/v7e-m/nofp/libg_nano.a(lib_a-atexit.o)
                              /usr/lib/gcc/arm-none-eabi/10.3.1/../../../arm-none-eabi/lib/thumb/v7e-m/nofp/crt0.o (atexit)
/usr/lib/gcc/arm-none-eabi/10.3.1/../../../arm-none-eabi/lib/thumb/v7e-m/nofp/libg_nano.a(lib_a-exit.o)
                              /usr/lib/gcc/arm-none-eabi/10.3.1/../../../arm-none-eabi/lib/thumb/v7e-m/nofp/crt0.o (exit)
/usr/lib/gcc/arm-none-eabi/10.3.1/../../../arm-none-eabi/lib/thumb/v7e-m/nofp/libg_nano.a(lib_a-fini.o)
                              /usr/lib/gcc/arm-none-eabi/10.3.1/../../../arm-none-eabi/lib/thumb/v7e-m/nofp/crt0.o (__libc_fini_array)
/usr/lib/gcc/arm-none-eabi/10.3.1/../../../arm-none-eabi/lib/thumb/v7e-m/nofp/libg_nano.a(lib_a-impure.o)
                              /usr/lib/gcc/arm-none-eabi/10.3.1/../../../arm-none-eabi/lib/thumb/v7e-m/nofp/libg_nano.a(lib_a-exit.o) (_global_impure_ptr)
/usr/lib/gcc/arm-none-eabi/10.3.1/../../../arm-none-eabi/lib/thumb/v7e-m/nofp/libg_nano.a(lib_a-init.o)
                              /usr/lib/gcc/arm-none-eabi/10.3.1/../../../arm-none-eabi/lib/thumb/v7e-m/nofp/crt0.o (__libc_init_array)
/usr/lib/gcc/arm-none-eabi/10.3.1/../../../arm-none-eabi/lib/thumb/v7e-m/nofp/libg_nano.a(lib_a-memcpy.o)
                              objdir-CW308_SAM4S/simpleserial.o (memcpy)
/usr/lib/gcc/arm-none-eabi/10.3.1/../../../arm-none-eabi/lib/thumb/v7e-m/nofp/libg_nano.a(lib_a-memset.o)
                              /usr/lib/gcc/arm-none-eabi/10.3.1/../../../arm-none-eabi/lib/thumb/v7e-m/nofp/crt0.o (memset)
/usr/lib/gcc/arm-none-eabi/10.3.1/../../../arm-none-eabi/lib/thumb/v7e-m/nofp/libg_nano.a(lib_a-sprintf.o)
                              objdir-CW308_SAM4S/toeplitz_hashing.o (sprintf)
/usr/lib/gcc/arm-none-eabi/10.3.1/../../../arm-none-eabi/lib/thumb/v7e-m/nofp/libg_nano.a(lib_a-__atexit.o)
                              /usr/lib/gcc/arm-none-eabi/10.3.1/../../../arm-none-eabi/lib/thumb/v7e-m/nofp/libg_nano.a(lib_a-atexit.o) (__register_exitproc)
/usr/lib/gcc/arm-none-eabi/10.3.1/../../../arm-none-eabi/lib/thumb/v7e-m/nofp/libg_nano.a(lib_a-__call_atexit.o)
                              /usr/lib/gcc/arm-none-eabi/10.3.1/../../../arm-none-eabi/lib/thumb/v7e-m/nofp/libg_nano.a(lib_a-__atexit.o) (__call_exitprocs)
/usr/lib/gcc/arm-none-eabi/10.3.1/../../../arm-none-eabi/lib/thumb/v7e-m/nofp/libg_nano.a(lib_a-nano-svfprintf.o)
                              /usr/lib/gcc/arm-none-eabi/10.3.1/../../../arm-none-eabi/lib/thumb/v7e-m/nofp/libg_nano.a(lib_a-sprintf.o) (_svfprintf_r)
/usr/lib/gcc/arm-none-eabi/10.3.1/../../../arm-none-eabi/lib/thumb/v7e-m/nofp/libg_nano.a(lib_a-nano-vfprintf_i.o)
                              /usr/lib/gcc/arm-none-eabi/10.3.1/../../../arm-none-eabi/lib/thumb/v7e-m/nofp/libg_nano.a(lib_a-nano-svfprintf.o) (_printf_i)
/usr/lib/gcc/arm-none-eabi/10.3.1/../../../arm-none-eabi/lib/thumb/v7e-m/nofp/libg_nano.a(lib_a-memchr.o)
                              /usr/lib/gcc/arm-none-eabi/10.3.1/../../../arm-none-eabi/lib/thumb/v7e-m/nofp/libg_nano.a(lib_a-nano-svfprintf.o) (memchr)
/usr/lib/gcc/arm-none-eabi/10.3.1/../../../arm-none-eabi/lib/thumb/v7e-m/nofp/libg_nano.a(lib_a-memmove.o)
                              /usr/lib/gcc/arm-none-eabi/10.3.1/../../../arm-none-eabi/lib/thumb/v7e-m/nofp/libg_nano.a(lib_a-nano-svfprintf.o) (memmove)
/usr/lib/gcc/arm-none-eabi/10.3.1/../../../arm-none-eabi/lib/thumb/v7e-m/nofp/libg_nano.a(lib_a-nano-freer.o)
                              /usr/lib/gcc/arm-none-eabi/10.3.1/../../../arm-none-eabi/lib/thumb/v7e-m/nofp/libg_nano.a(lib_a-nano-svfprintf.o) (_free_r)
/usr/lib/gcc/arm-none-eabi/10.3.1/../../../arm-none-eabi/lib/thumb/v7e-m/nofp/libg_nano.a(lib_a-nano-mallocr.o)
                              /usr/lib/gcc/arm-none-eabi/10.3.1/../../../arm-none-eabi/lib/thumb/v7e-m/nofp/libg_nano.a(lib_a-nano-svfprintf.o) (_malloc_r)
/usr/lib/gcc/arm-none-eabi/10.3.1/../../../arm-none-eabi/lib/thumb/v7e-m/nofp/libg_nano.a(lib_a-nano-reallocr.o)
                              /usr/lib/gcc/arm-none-eabi/10.3.1/../../../arm-none-eabi/lib/thumb/v7e-m/nofp/libg_nano.a(lib_a-nano-svfprintf.o) (_realloc_r)
/usr/lib/gcc/arm-none-eabi/10.3.1/../../../arm-none-eabi/lib/thumb/v7e-m/nofp/libg_nano.a(lib_a-sbrkr.o)
                              /usr/lib/gcc/arm-none-eabi/10.3.1/../../../arm-none-eabi/lib/thumb/v7e-m/nofp/libg_nano.a(lib_a-nano-mallocr.o) (_sbrk_r)
/usr/lib/gcc/arm-none-eabi/10.3.1/../../../arm-none-eabi/lib/thumb/v7e-m/nofp/libg_nano.a(lib_a-mlock.o)
                              /usr/lib/gcc/arm-none-eabi/10.3.1/../../../arm-none-eabi/lib/thumb/v7e-m/nofp/libg_nano.a(lib_a-nano-freer.o) (__malloc_lock)
/usr/lib/gcc/arm-none-eabi/10.3.1/../../../arm-none-eabi/lib/thumb/v7e-m/nofp/libg_nano.a(lib_a-nano-msizer.o)
[...]
Memory Configuration

Name             Origin             Length             Attributes
rom              0x0000000000400000 0x0000000000020000 xr
ram              0x0000000020000000 0x0000000000010000 xrw
*default*        0x0000000000000000 0xffffffffffffffff

Linker script and memory map

LOAD /usr/lib/gcc/arm-none-eabi/10.3.1/thumb/v7e-m/nofp/crti.o
LOAD /usr/lib/gcc/arm-none-eabi/10.3.1/thumb/v7e-m/nofp/crtbegin.o
LOAD /usr/lib/gcc/arm-none-eabi/10.3.1/../../../arm-none-eabi/lib/thumb/v7e-m/nofp/crt0.o
LOAD objdir-CW308_SAM4S/toeplitz_hashing.o
LOAD objdir-CW308_SAM4S/simpleserial.o
LOAD objdir-CW308_SAM4S/startup_sam4s.o
LOAD objdir-CW308_SAM4S/sam4s_hal.o
LOAD objdir-CW308_SAM4S/uart.o
LOAD objdir-CW308_SAM4S/pio.o
LOAD objdir-CW308_SAM4S/system_sam4s.o
LOAD objdir-CW308_SAM4S/sysclk.o
LOAD objdir-CW308_SAM4S/pmc.o
LOAD /usr/lib/gcc/arm-none-eabi/10.3.1/../../../arm-none-eabi/lib/thumb/v7e-m/nofp/libm.a
LOAD /usr/lib/gcc/arm-none-eabi/10.3.1/../../../arm-none-eabi/lib/thumb/v7e-m/nofp/libm.a
START GROUP
LOAD /usr/lib/gcc/arm-none-eabi/10.3.1/../../../arm-none-eabi/lib/thumb/v7e-m/nofp/libm.a
END GROUP
LOAD /usr/lib/gcc/arm-none-eabi/10.3.1/../../../arm-none-eabi/lib/thumb/v7e-m/nofp/libm.a
START GROUP
LOAD /usr/lib/gcc/arm-none-eabi/10.3.1/thumb/v7e-m/nofp/libgcc.a
LOAD /usr/lib/gcc/arm-none-eabi/10.3.1/../../../arm-none-eabi/lib/thumb/v7e-m/nofp/libg_nano.a
LOAD /usr/lib/gcc/arm-none-eabi/10.3.1/../../../arm-none-eabi/lib/thumb/v7e-m/nofp/libc_nano.a
END GROUP
START GROUP
LOAD /usr/lib/gcc/arm-none-eabi/10.3.1/thumb/v7e-m/nofp/libgcc.a
LOAD /usr/lib/gcc/arm-none-eabi/10.3.1/../../../arm-none-eabi/lib/thumb/v7e-m/nofp/libc_nano.a
LOAD /usr/lib/gcc/arm-none-eabi/10.3.1/../../../arm-none-eabi/lib/thumb/v7e-m/nofp/libnosys.a
END GROUP
START GROUP
LOAD /usr/lib/gcc/arm-none-eabi/10.3.1/thumb/v7e-m/nofp/libgcc.a
LOAD /usr/lib/gcc/arm-none-eabi/10.3.1/../../../arm-none-eabi/lib/thumb/v7e-m/nofp/libc_nano.a
LOAD /usr/lib/gcc/arm-none-eabi/10.3.1/../../../arm-none-eabi/lib/thumb/v7e-m/nofp/libnosys.a
END GROUP
LOAD /usr/lib/gcc/arm-none-eabi/10.3.1/thumb/v7e-m/nofp/crtend.o
LOAD /usr/lib/gcc/arm-none-eabi/10.3.1/thumb/v7e-m/nofp/crtn.o
                0x0000000000001000                __stack_size__ = DEFINED (__stack_size__)?__stack_size__:0x1000
                0x000000002000fffc                __ram_end__ = ((ORIGIN (ram) + LENGTH (ram)) - 0x4)

.text           0x0000000000400000     0x19c0
                0x0000000000400000                . = ALIGN (0x4)
                0x0000000000400000                _sfixed = .
 *(.vectors .vectors.*)
 .vectors       0x0000000000400000       0xcc objdir-CW308_SAM4S/startup_sam4s.o
                0x0000000000400000                exception_table
 *(.text .text.* .gnu.linkonce.t.*)
 .text          0x00000000004000cc       0x88 /usr/lib/gcc/arm-none-eabi/10.3.1/thumb/v7e-m/nofp/crtbegin.o
 .text.my_puts  0x0000000000400154       0x18 objdir-CW308_SAM4S/toeplitz_hashing.o
                0x0000000000400154                my_puts
 .text.my_read  0x000000000040016c       0x3c objdir-CW308_SAM4S/toeplitz_hashing.o
                0x000000000040016c                my_read
 .text.char_to_int_arr
                0x00000000004001a8       0x16 objdir-CW308_SAM4S/toeplitz_hashing.o
                0x00000000004001a8                char_to_int_arr
 .text.int_to_char_arr
                0x00000000004001be       0x16 objdir-CW308_SAM4S/toeplitz_hashing.o
                0x00000000004001be                int_to_char_arr
 .text.long_delay
                0x00000000004001d4       0x1e objdir-CW308_SAM4S/toeplitz_hashing.o
                0x00000000004001d4                long_delay
 *fill*         0x00000000004001f2        0x2 
 .text.toeplitz_hash
                0x00000000004001f4       0x64 objdir-CW308_SAM4S/toeplitz_hashing.o
                0x00000000004001f4                toeplitz_hash
 .text.print_int_array_serial
                0x0000000000400258       0x4c objdir-CW308_SAM4S/toeplitz_hashing.o
                0x0000000000400258                print_int_array_serial
 .text.startup.main
                0x00000000004002a4      0x148 objdir-CW308_SAM4S/toeplitz_hashing.o
                0x00000000004002a4                main
 .text.Dummy_Handler
                0x00000000004003ec        0x2 objdir-CW308_SAM4S/startup_sam4s.o
                0x00000000004003ec                DACC_Handler
                0x00000000004003ec                DebugMon_Handler
                0x00000000004003ec                HardFault_Handler
                0x00000000004003ec                TC2_Handler
                0x00000000004003ec                SPI_Handler
                0x00000000004003ec                SysTick_Handler
                0x00000000004003ec                TWI1_Handler
                0x00000000004003ec                PendSV_Handler
                0x00000000004003ec                NMI_Handler
                0x00000000004003ec                ADC_Handler
                0x00000000004003ec                CRCCU_Handler
                0x00000000004003ec                USART0_Handler
                0x00000000004003ec                RTT_Handler
                0x00000000004003ec                PIOB_Handler
                0x00000000004003ec                RTC_Handler
                0x00000000004003ec                UsageFault_Handler
                0x00000000004003ec                WDT_Handler
                0x00000000004003ec                TC1_Handler
                0x00000000004003ec                HSMCI_Handler
                0x00000000004003ec                UART1_Handler
                0x00000000004003ec                Dummy_Handler
                0x00000000004003ec                TWI0_Handler
                0x00000000004003ec                USART1_Handler
                0x00000000004003ec                PIOA_Handler
                0x00000000004003ec                SSC_Handler
                0x00000000004003ec                EFC0_Handler
                0x00000000004003ec                ACC_Handler
                0x00000000004003ec                PMC_Handler
                0x00000000004003ec                PWM_Handler
                0x00000000004003ec                MemManage_Handler
                0x00000000004003ec                SUPC_Handler
                0x00000000004003ec                SVC_Handler
                0x00000000004003ec                UART0_Handler
                0x00000000004003ec                UDP_Handler
                0x00000000004003ec                BusFault_Handler
                0x00000000004003ec                RSTC_Handler
                0x00000000004003ec                TC0_Handler
 *fill*         0x00000000004003ee        0x2 
 .text.Reset_Handler
                0x00000000004003f0       0x94 objdir-CW308_SAM4S/startup_sam4s.o
                0x00000000004003f0                Reset_Handler
 .text.platform_init
                0x0000000000400484       0x98 objdir-CW308_SAM4S/sam4s_hal.o
                0x0000000000400484                platform_init
 .text.init_uart
                0x000000000040051c       0x64 objdir-CW308_SAM4S/sam4s_hal.o
                0x000000000040051c                init_uart
 .text.putch    0x0000000000400580       0x1c objdir-CW308_SAM4S/sam4s_hal.o
                0x0000000000400580                putch
 .text.getch    0x000000000040059c       0x24 objdir-CW308_SAM4S/sam4s_hal.o
                0x000000000040059c                getch
 .text.trigger_setup
                0x00000000004005c0       0x20 objdir-CW308_SAM4S/sam4s_hal.o
                0x00000000004005c0                trigger_setup
 .text.trigger_low
                0x00000000004005e0       0x20 objdir-CW308_SAM4S/sam4s_hal.o
                0x00000000004005e0                trigger_low
 .text.trigger_high
                0x0000000000400600       0x20 objdir-CW308_SAM4S/sam4s_hal.o
                0x0000000000400600                trigger_high
 .text.uart_init
                0x0000000000400620       0x34 objdir-CW308_SAM4S/uart.o
                0x0000000000400620                uart_init
 .text.uart_enable_tx
                0x0000000000400654        0x6 objdir-CW308_SAM4S/uart.o
                0x0000000000400654                uart_enable_tx
 .text.uart_enable_rx
                0x000000000040065a        0x6 objdir-CW308_SAM4S/uart.o
                0x000000000040065a                uart_enable_rx
 .text.uart_write
                0x0000000000400660        0xe objdir-CW308_SAM4S/uart.o
                0x0000000000400660                uart_write
 .text.uart_read
                0x000000000040066e       0x10 objdir-CW308_SAM4S/uart.o
                0x000000000040066e                uart_read
 .text.pio_set_peripheral
                0x000000000040067e       0x6e objdir-CW308_SAM4S/pio.o
                0x000000000040067e                pio_set_peripheral
 .text.pio_set_input
                0x00000000004006ec       0x2c objdir-CW308_SAM4S/pio.o
                0x00000000004006ec                pio_set_input
 .text.pio_set_output
                0x0000000000400718       0x24 objdir-CW308_SAM4S/pio.o
                0x0000000000400718                pio_set_output
 .text.pio_set_pin_high
                0x000000000040073c       0x1a objdir-CW308_SAM4S/pio.o
                0x000000000040073c                pio_set_pin_high
 .text.pio_set_pin_low
                0x0000000000400756       0x1a objdir-CW308_SAM4S/pio.o
                0x0000000000400756                pio_set_pin_low
 .text.pio_configure_pin
                0x0000000000400770       0xac objdir-CW308_SAM4S/pio.o
                0x0000000000400770                pio_configure_pin
 .text.SystemCoreClockUpdate
                0x000000000040081c       0xcc objdir-CW308_SAM4S/system_sam4s.o
                0x000000000040081c                SystemCoreClockUpdate
 .text.system_init_flash
                0x00000000004008e8       0x64 objdir-CW308_SAM4S/system_sam4s.o
                0x00000000004008e8                system_init_flash
 .text.pmc_switch_mck_to_sclk
                0x000000000040094c       0x40 objdir-CW308_SAM4S/pmc.o
                0x000000000040094c                pmc_switch_mck_to_sclk
 .text.pmc_switch_mck_to_mainck
                0x000000000040098c       0x44 objdir-CW308_SAM4S/pmc.o
                0x000000000040098c                pmc_switch_mck_to_mainck
 .text.pmc_switch_mainck_to_xtal
                0x00000000004009d0       0x4c objdir-CW308_SAM4S/pmc.o
                0x00000000004009d0                pmc_switch_mainck_to_xtal
 .text.pmc_osc_is_ready_mainck
                0x0000000000400a1c       0x10 objdir-CW308_SAM4S/pmc.o
                0x0000000000400a1c                pmc_osc_is_ready_mainck
 .text.pmc_enable_periph_clk
                0x0000000000400a2c       0x40 objdir-CW308_SAM4S/pmc.o
                0x0000000000400a2c                pmc_enable_periph_clk
 .text.pmc_set_writeprotect
                0x0000000000400a6c       0x1c objdir-CW308_SAM4S/pmc.o
                0x0000000000400a6c                pmc_set_writeprotect
 .text          0x0000000000400a88       0x48 /usr/lib/gcc/arm-none-eabi/10.3.1/../../../arm-none-eabi/lib/thumb/v7e-m/nofp/libg_nano.a(lib_a-init.o)
                0x0000000000400a88                __libc_init_array
 .text          0x0000000000400ad0      0x134 /usr/lib/gcc/arm-none-eabi/10.3.1/../../../arm-none-eabi/lib/thumb/v7e-m/nofp/libg_nano.a(lib_a-memcpy.o)
                0x0000000000400ad0                memcpy
 .text          0x0000000000400c04       0xa4 /usr/lib/gcc/arm-none-eabi/10.3.1/../../../arm-none-eabi/lib/thumb/v7e-m/nofp/libg_nano.a(lib_a-memset.o)
                0x0000000000400c04                memset
 .text          0x0000000000400ca8       0x78 /usr/lib/gcc/arm-none-eabi/10.3.1/../../../arm-none-eabi/lib/thumb/v7e-m/nofp/libg_nano.a(lib_a-sprintf.o)
                0x0000000000400ca8                _siprintf_r
                0x0000000000400ca8                _sprintf_r
                0x0000000000400ce0                sprintf
                0x0000000000400ce0                siprintf
 .text          0x0000000000400d20      0x3f0 /usr/lib/gcc/arm-none-eabi/10.3.1/../../../arm-none-eabi/lib/thumb/v7e-m/nofp/libg_nano.a(lib_a-nano-svfprintf.o)
                0x0000000000400d20                __ssputs_r
                0x0000000000400de4                __ssprint_r
                0x0000000000400edc                _svfprintf_r
                0x0000000000400edc                _svfiprintf_r
 .text          0x0000000000401110      0x3dc /usr/lib/gcc/arm-none-eabi/10.3.1/../../../arm-none-eabi/lib/thumb/v7e-m/nofp/libg_nano.a(lib_a-nano-vfprintf_i.o)
                0x0000000000401110                _printf_common
                0x000000000040123c                _printf_i
 *fill*         0x00000000004014ec        0x4 
 .text          0x00000000004014f0       0xa0 /usr/lib/gcc/arm-none-eabi/10.3.1/../../../arm-none-eabi/lib/thumb/v7e-m/nofp/libg_nano.a(lib_a-memchr.o)
                0x00000000004014f0                memchr
 .text          0x0000000000401590       0xf8 /usr/lib/gcc/arm-none-eabi/10.3.1/../../../arm-none-eabi/lib/thumb/v7e-m/nofp/libg_nano.a(lib_a-memmove.o)
                0x0000000000401590                memmove
 .text          0x0000000000401688       0xbc /usr/lib/gcc/arm-none-eabi/10.3.1/../../../arm-none-eabi/lib/thumb/v7e-m/nofp/libg_nano.a(lib_a-nano-freer.o)
                0x0000000000401688                _free_r
 .text          0x0000000000401744       0xb4 /usr/lib/gcc/arm-none-eabi/10.3.1/../../../arm-none-eabi/lib/thumb/v7e-m/nofp/libg_nano.a(lib_a-nano-mallocr.o)
                0x0000000000401744                _malloc_r
 .text          0x00000000004017f8       0x50 /usr/lib/gcc/arm-none-eabi/10.3.1/../../../arm-none-eabi/lib/thumb/v7e-m/nofp/libg_nano.a(lib_a-nano-reallocr.o)
                0x00000000004017f8                _realloc_r
 .text          0x0000000000401848       0x24 /usr/lib/gcc/arm-none-eabi/10.3.1/../../../arm-none-eabi/lib/thumb/v7e-m/nofp/libg_nano.a(lib_a-sbrkr.o)
                0x0000000000401848                _sbrk_r
 .text          0x000000000040186c        0x8 /usr/lib/gcc/arm-none-eabi/10.3.1/../../../arm-none-eabi/lib/thumb/v7e-m/nofp/libg_nano.a(lib_a-mlock.o)
                0x000000000040186c                __malloc_lock
                0x0000000000401870                __malloc_unlock
 .text          0x0000000000401874       0x14 /usr/lib/gcc/arm-none-eabi/10.3.1/../../../arm-none-eabi/lib/thumb/v7e-m/nofp/libg_nano.a(lib_a-nano-msizer.o)
                0x0000000000401874                _malloc_usable_size_r
 .text          0x0000000000401888       0x1c /usr/lib/gcc/arm-none-eabi/10.3.1/../../../arm-none-eabi/lib/thumb/v7e-m/nofp/libnosys.a(sbrk.o)
                0x0000000000401888                _sbrk
 *(.glue_7t)
 .glue_7t       0x00000000004018a4        0x0 linker stubs
 *(.glue_7)
 .glue_7        0x00000000004018a4        0x0 linker stubs
 *(.rodata .rodata* .gnu.linkonce.r.*)
 .rodata.print_int_array_serial.str1.1
                0x00000000004018a4        0x4 objdir-CW308_SAM4S/toeplitz_hashing.o
 .rodata.main.str1.1
                0x00000000004018a8       0xb9 objdir-CW308_SAM4S/toeplitz_hashing.o
                                         0xbb (size before relaxing)
 *fill*         0x0000000000401961        0x3 
 .rodata.str1.4
                0x0000000000401964       0x13 /usr/lib/gcc/arm-none-eabi/10.3.1/../../../arm-none-eabi/lib/thumb/v7e-m/nofp/libg_nano.a(lib_a-nano-svfprintf.o)
 *fill*         0x0000000000401977        0x1 
 .rodata.str1.4
                0x0000000000401978       0x25 /usr/lib/gcc/arm-none-eabi/10.3.1/../../../arm-none-eabi/lib/thumb/v7e-m/nofp/libg_nano.a(lib_a-nano-vfprintf_i.o)
 *(.ARM.extab* .gnu.linkonce.armextab.*)
                0x00000000004019a0                . = ALIGN (0x4)
 *fill*         0x000000000040199d        0x3 
 *(.init)
 .init          0x00000000004019a0        0x4 /usr/lib/gcc/arm-none-eabi/10.3.1/thumb/v7e-m/nofp/crti.o
                0x00000000004019a0                _init
 .init          0x00000000004019a4        0x8 /usr/lib/gcc/arm-none-eabi/10.3.1/thumb/v7e-m/nofp/crtn.o
                0x00000000004019ac                . = ALIGN (0x4)
                0x00000000004019ac                __preinit_array_start = .
 *(.preinit_array)
                0x00000000004019ac                __preinit_array_end = .
                0x00000000004019ac                . = ALIGN (0x4)
                0x00000000004019ac                __init_array_start = .
 *(SORT_BY_NAME(.init_array.*))
 *(.init_array)
 .init_array    0x00000000004019ac        0x4 /usr/lib/gcc/arm-none-eabi/10.3.1/thumb/v7e-m/nofp/crtbegin.o
                0x00000000004019b0                __init_array_end = .
                0x00000000004019b0                . = ALIGN (0x4)
 *crtbegin.o(.ctors)
 *(EXCLUDE_FILE(*crtend.o) .ctors)
 *(SORT_BY_NAME(.ctors.*))
 *crtend.o(.ctors)
                0x00000000004019b0                . = ALIGN (0x4)
 *(.fini)
 .fini          0x00000000004019b0        0x4 /usr/lib/gcc/arm-none-eabi/10.3.1/thumb/v7e-m/nofp/crti.o
                0x00000000004019b0                _fini
 .fini          0x00000000004019b4        0x8 /usr/lib/gcc/arm-none-eabi/10.3.1/thumb/v7e-m/nofp/crtn.o
                0x00000000004019bc                . = ALIGN (0x4)
                0x00000000004019bc                __fini_array_start = .
 *(.fini_array)
 .fini_array    0x00000000004019bc        0x4 /usr/lib/gcc/arm-none-eabi/10.3.1/thumb/v7e-m/nofp/crtbegin.o
 *(SORT_BY_NAME(.fini_array.*))
                0x00000000004019c0                __fini_array_end = .
 *crtbegin.o(.dtors)
 *(EXCLUDE_FILE(*crtend.o) .dtors)
 *(SORT_BY_NAME(.dtors.*))
 *crtend.o(.dtors)
                0x00000000004019c0                . = ALIGN (0x4)
                0x00000000004019c0                _efixed = .
                [!provide]                        PROVIDE (__exidx_start = .)

.vfp11_veneer   0x00000000004019c0        0x0
 .vfp11_veneer  0x00000000004019c0        0x0 linker stubs

.v4_bx          0x00000000004019c0        0x0
 .v4_bx         0x00000000004019c0        0x0 linker stubs

.iplt           0x00000000004019c0        0x0
 .iplt          0x00000000004019c0        0x0 /usr/lib/gcc/arm-none-eabi/10.3.1/thumb/v7e-m/nofp/crtbegin.o

.eh_frame       0x00000000004019c0        0x0
 .eh_frame      0x00000000004019c0        0x0 /usr/lib/gcc/arm-none-eabi/10.3.1/thumb/v7e-m/nofp/crtbegin.o

.rel.dyn        0x00000000004019c0        0x0
 .rel.iplt      0x00000000004019c0        0x0 /usr/lib/gcc/arm-none-eabi/10.3.1/thumb/v7e-m/nofp/crtbegin.o

.tm_clone_table
                0x00000000004019c0        0x0
 .tm_clone_table
                0x00000000004019c0        0x0 /usr/lib/gcc/arm-none-eabi/10.3.1/thumb/v7e-m/nofp/crtbegin.o
 .tm_clone_table
                0x00000000004019c0        0x0 /usr/lib/gcc/arm-none-eabi/10.3.1/thumb/v7e-m/nofp/crtend.o

.igot.plt       0x00000000004019c0        0x0
 .igot.plt      0x00000000004019c0        0x0 /usr/lib/gcc/arm-none-eabi/10.3.1/thumb/v7e-m/nofp/crtbegin.o

.ARM.exidx
 *(.ARM.exidx* .gnu.linkonce.armexidx.*)
                [!provide]                        PROVIDE (__exidx_end = .)
                0x00000000004019c0                . = ALIGN (0x4)
                0x00000000004019c0                _etext = .

.relocate       0x0000000020000000       0x68 load address 0x00000000004019c0
                0x0000000020000000                . = ALIGN (0x4)
                0x0000000020000000                _srelocate = .
 *(.ramfunc .ramfunc.*)
 *(.data .data.*)
 .data.SystemCoreClock
                0x0000000020000000        0x4 objdir-CW308_SAM4S/system_sam4s.o
                0x0000000020000000                SystemCoreClock
 .data          0x0000000020000004       0x64 /usr/lib/gcc/arm-none-eabi/10.3.1/../../../arm-none-eabi/lib/thumb/v7e-m/nofp/libg_nano.a(lib_a-impure.o)
                0x0000000020000004                _impure_ptr
                0x0000000020000068                . = ALIGN (0x4)
                0x0000000020000068                _erelocate = .

.bss            0x0000000020000068       0x2c load address 0x0000000000401a28
                0x0000000020000068                . = ALIGN (0x4)
                0x0000000020000068                _sbss = .
                0x0000000020000068                _szero = .
 *(.bss .bss.*)
 .bss           0x0000000020000068       0x1c /usr/lib/gcc/arm-none-eabi/10.3.1/thumb/v7e-m/nofp/crtbegin.o
 .bss           0x0000000020000084        0x8 /usr/lib/gcc/arm-none-eabi/10.3.1/../../../arm-none-eabi/lib/thumb/v7e-m/nofp/libg_nano.a(lib_a-nano-mallocr.o)
                0x0000000020000084                __malloc_free_list
                0x0000000020000088                __malloc_sbrk_start
 .bss           0x000000002000008c        0x4 /usr/lib/gcc/arm-none-eabi/10.3.1/../../../arm-none-eabi/lib/thumb/v7e-m/nofp/libg_nano.a(lib_a-reent.o)
                0x000000002000008c                errno
 .bss           0x0000000020000090        0x4 /usr/lib/gcc/arm-none-eabi/10.3.1/../../../arm-none-eabi/lib/thumb/v7e-m/nofp/libnosys.a(sbrk.o)
 *(COMMON)
                0x0000000020000094                . = ALIGN (0x4)
                0x0000000020000094                _ebss = .
                0x0000000020000094                _ezero = .

.stack          0x0000000020000094     0x1004 load address 0x0000000000401a54
                0x0000000020000098                . = ALIGN (0x8)
 *fill*         0x0000000020000094        0x4 
                0x0000000020000098                _sstack = .
                0x0000000020001098                . = (. + __stack_size__)
 *fill*         0x0000000020000098     0x1000 
                0x0000000020001098                . = ALIGN (0x8)
                0x0000000020001098                _estack = .

.mpssemem
 *(.mpssemem)
                0x0000000020001098                . = ALIGN (0x4)
                0x0000000020001098                end = .
                0x0000000020001098                _end = .
OUTPUT(toeplitz_hashing-CW308_SAM4S.elf elf32-littlearm)
LOAD linker stubs

.ARM.attributes
                0x0000000000000000       0x2a
 .ARM.attributes
                0x0000000000000000       0x1e /usr/lib/gcc/arm-none-eabi/10.3.1/thumb/v7e-m/nofp/crti.o
 .ARM.attributes
                0x000000000000001e       0x2e /usr/lib/gcc/arm-none-eabi/10.3.1/thumb/v7e-m/nofp/crtbegin.o
 .ARM.attributes
                0x000000000000004c       0x2e objdir-CW308_SAM4S/toeplitz_hashing.o
 .ARM.attributes
                0x000000000000007a       0x2e objdir-CW308_SAM4S/startup_sam4s.o
 .ARM.attributes
                0x00000000000000a8       0x2e objdir-CW308_SAM4S/sam4s_hal.o
 .ARM.attributes
                0x00000000000000d6       0x2e objdir-CW308_SAM4S/uart.o
 .ARM.attributes
                0x0000000000000104       0x2e objdir-CW308_SAM4S/pio.o
 .ARM.attributes
                0x0000000000000132       0x2e objdir-CW308_SAM4S/system_sam4s.o
 .ARM.attributes
                0x0000000000000160       0x2e objdir-CW308_SAM4S/pmc.o
 .ARM.attributes
                0x000000000000018e       0x2e /usr/lib/gcc/arm-none-eabi/10.3.1/../../../arm-none-eabi/lib/thumb/v7e-m/nofp/libg_nano.a(lib_a-impure.o)
 .ARM.attributes
                0x00000000000001bc       0x2e /usr/lib/gcc/arm-none-eabi/10.3.1/../../../arm-none-eabi/lib/thumb/v7e-m/nofp/libg_nano.a(lib_a-init.o)
 .ARM.attributes
                0x00000000000001ea       0x1c /usr/lib/gcc/arm-none-eabi/10.3.1/../../../arm-none-eabi/lib/thumb/v7e-m/nofp/libg_nano.a(lib_a-memcpy.o)
 .ARM.attributes
                0x0000000000000206       0x2e /usr/lib/gcc/arm-none-eabi/10.3.1/../../../arm-none-eabi/lib/thumb/v7e-m/nofp/libg_nano.a(lib_a-memset.o)
 .ARM.attributes
                0x0000000000000234       0x2e /usr/lib/gcc/arm-none-eabi/10.3.1/../../../arm-none-eabi/lib/thumb/v7e-m/nofp/libg_nano.a(lib_a-sprintf.o)
 .ARM.attributes
                0x0000000000000262       0x2e /usr/lib/gcc/arm-none-eabi/10.3.1/../../../arm-none-eabi/lib/thumb/v7e-m/nofp/libg_nano.a(lib_a-nano-svfprintf.o)
 .ARM.attributes
                0x0000000000000290       0x2e /usr/lib/gcc/arm-none-eabi/10.3.1/../../../arm-none-eabi/lib/thumb/v7e-m/nofp/libg_nano.a(lib_a-nano-vfprintf_i.o)
 .ARM.attributes
                0x00000000000002be       0x1c /usr/lib/gcc/arm-none-eabi/10.3.1/../../../arm-none-eabi/lib/thumb/v7e-m/nofp/libg_nano.a(lib_a-memchr.o)
 .ARM.attributes
                0x00000000000002da       0x2e /usr/lib/gcc/arm-none-eabi/10.3.1/../../../arm-none-eabi/lib/thumb/v7e-m/nofp/libg_nano.a(lib_a-memmove.o)
 .ARM.attributes
                0x0000000000000308       0x2e /usr/lib/gcc/arm-none-eabi/10.3.1/../../../arm-none-eabi/lib/thumb/v7e-m/nofp/libg_nano.a(lib_a-nano-freer.o)
 .ARM.attributes
                0x0000000000000336       0x2e /usr/lib/gcc/arm-none-eabi/10.3.1/../../../arm-none-eabi/lib/thumb/v7e-m/nofp/libg_nano.a(lib_a-nano-mallocr.o)
 .ARM.attributes
                0x0000000000000364       0x2e /usr/lib/gcc/arm-none-eabi/10.3.1/../../../arm-none-eabi/lib/thumb/v7e-m/nofp/libg_nano.a(lib_a-nano-reallocr.o)
 .ARM.attributes
                0x0000000000000392       0x2e /usr/lib/gcc/arm-none-eabi/10.3.1/../../../arm-none-eabi/lib/thumb/v7e-m/nofp/libg_nano.a(lib_a-sbrkr.o)
 .ARM.attributes
                0x00000000000003c0       0x2e /usr/lib/gcc/arm-none-eabi/10.3.1/../../../arm-none-eabi/lib/thumb/v7e-m/nofp/libg_nano.a(lib_a-mlock.o)
 .ARM.attributes
                0x00000000000003ee       0x2e /usr/lib/gcc/arm-none-eabi/10.3.1/../../../arm-none-eabi/lib/thumb/v7e-m/nofp/libg_nano.a(lib_a-nano-msizer.o)
 .ARM.attributes
                0x000000000000041c       0x2e /usr/lib/gcc/arm-none-eabi/10.3.1/../../../arm-none-eabi/lib/thumb/v7e-m/nofp/libg_nano.a(lib_a-reent.o)
 .ARM.attributes
                0x000000000000044a       0x2e /usr/lib/gcc/arm-none-eabi/10.3.1/../../../arm-none-eabi/lib/thumb/v7e-m/nofp/libnosys.a(sbrk.o)
 .ARM.attributes
                0x0000000000000478       0x2e /usr/lib/gcc/arm-none-eabi/10.3.1/thumb/v7e-m/nofp/crtend.o
 .ARM.attributes
                0x00000000000004a6       0x1e /usr/lib/gcc/arm-none-eabi/10.3.1/thumb/v7e-m/nofp/crtn.o

.comment        0x0000000000000000       0x33
 .comment       0x0000000000000000       0x33 /usr/lib/gcc/arm-none-eabi/10.3.1/thumb/v7e-m/nofp/crtbegin.o
                                         0x34 (size before relaxing)
 .comment       0x0000000000000033       0x34 objdir-CW308_SAM4S/toeplitz_hashing.o
 .comment       0x0000000000000033       0x34 objdir-CW308_SAM4S/startup_sam4s.o
 .comment       0x0000000000000033       0x34 objdir-CW308_SAM4S/sam4s_hal.o
 .comment       0x0000000000000033       0x34 objdir-CW308_SAM4S/uart.o
 .comment       0x0000000000000033       0x34 objdir-CW308_SAM4S/pio.o
 .comment       0x0000000000000033       0x34 objdir-CW308_SAM4S/system_sam4s.o
 .comment       0x0000000000000033       0x34 objdir-CW308_SAM4S/pmc.o
 .comment       0x0000000000000033       0x34 /usr/lib/gcc/arm-none-eabi/10.3.1/../../../arm-none-eabi/lib/thumb/v7e-m/nofp/libg_nano.a(lib_a-impure.o)
 .comment       0x0000000000000033       0x34 /usr/lib/gcc/arm-none-eabi/10.3.1/../../../arm-none-eabi/lib/thumb/v7e-m/nofp/libg_nano.a(lib_a-init.o)
 .comment       0x0000000000000033       0x34 /usr/lib/gcc/arm-none-eabi/10.3.1/../../../arm-none-eabi/lib/thumb/v7e-m/nofp/libg_nano.a(lib_a-memset.o)
 .comment       0x0000000000000033       0x34 /usr/lib/gcc/arm-none-eabi/10.3.1/../../../arm-none-eabi/lib/thumb/v7e-m/nofp/libg_nano.a(lib_a-sprintf.o)
 .comment       0x0000000000000033       0x34 /usr/lib/gcc/arm-none-eabi/10.3.1/../../../arm-none-eabi/lib/thumb/v7e-m/nofp/libg_nano.a(lib_a-nano-svfprintf.o)
 .comment       0x0000000000000033       0x34 /usr/lib/gcc/arm-none-eabi/10.3.1/../../../arm-none-eabi/lib/thumb/v7e-m/nofp/libg_nano.a(lib_a-nano-vfprintf_i.o)
 .comment       0x0000000000000033       0x34 /usr/lib/gcc/arm-none-eabi/10.3.1/../../../arm-none-eabi/lib/thumb/v7e-m/nofp/libg_nano.a(lib_a-memmove.o)
 .comment       0x0000000000000033       0x34 /usr/lib/gcc/arm-none-eabi/10.3.1/../../../arm-none-eabi/lib/thumb/v7e-m/nofp/libg_nano.a(lib_a-nano-freer.o)
 .comment       0x0000000000000033       0x34 /usr/lib/gcc/arm-none-eabi/10.3.1/../../../arm-none-eabi/lib/thumb/v7e-m/nofp/libg_nano.a(lib_a-nano-mallocr.o)
 .comment       0x0000000000000033       0x34 /usr/lib/gcc/arm-none-eabi/10.3.1/../../../arm-none-eabi/lib/thumb/v7e-m/nofp/libg_nano.a(lib_a-nano-reallocr.o)
 .comment       0x0000000000000033       0x34 /usr/lib/gcc/arm-none-eabi/10.3.1/../../../arm-none-eabi/lib/thumb/v7e-m/nofp/libg_nano.a(lib_a-sbrkr.o)
 .comment       0x0000000000000033       0x34 /usr/lib/gcc/arm-none-eabi/10.3.1/../../../arm-none-eabi/lib/thumb/v7e-m/nofp/libg_nano.a(lib_a-mlock.o)
 .comment       0x0000000000000033       0x34 /usr/lib/gcc/arm-none-eabi/10.3.1/../../../arm-none-eabi/lib/thumb/v7e-m/nofp/libg_nano.a(lib_a-nano-msizer.o)
 .comment       0x0000000000000033       0x34 /usr/lib/gcc/arm-none-eabi/10.3.1/../../../arm-none-eabi/lib/thumb/v7e-m/nofp/libg_nano.a(lib_a-reent.o)
 .comment       0x0000000000000033       0x34 /usr/lib/gcc/arm-none-eabi/10.3.1/../../../arm-none-eabi/lib/thumb/v7e-m/nofp/libnosys.a(sbrk.o)
 .comment       0x0000000000000033       0x34 /usr/lib/gcc/arm-none-eabi/10.3.1/thumb/v7e-m/nofp/crtend.o

.debug_info     0x0000000000000000     0xc774
 .debug_info    0x0000000000000000      0xadd objdir-CW308_SAM4S/toeplitz_hashing.o
 .debug_info    0x0000000000000add      0x714 objdir-CW308_SAM4S/startup_sam4s.o
 .debug_info    0x00000000000011f1      0x906 objdir-CW308_SAM4S/sam4s_hal.o
 .debug_info    0x0000000000001af7      0x89b objdir-CW308_SAM4S/uart.o
 .debug_info    0x0000000000002392     0x18ad objdir-CW308_SAM4S/pio.o
 .debug_info    0x0000000000003c3f      0x457 objdir-CW308_SAM4S/system_sam4s.o
 .debug_info    0x0000000000004096     0x124c objdir-CW308_SAM4S/pmc.o
 .debug_info    0x00000000000052e2      0x863 /usr/lib/gcc/arm-none-eabi/10.3.1/../../../arm-none-eabi/lib/thumb/v7e-m/nofp/libg_nano.a(lib_a-impure.o)
 .debug_info    0x0000000000005b45      0x11a /usr/lib/gcc/arm-none-eabi/10.3.1/../../../arm-none-eabi/lib/thumb/v7e-m/nofp/libg_nano.a(lib_a-init.o)
 .debug_info    0x0000000000005c5f       0x26 /usr/lib/gcc/arm-none-eabi/10.3.1/../../../arm-none-eabi/lib/thumb/v7e-m/nofp/libg_nano.a(lib_a-memcpy.o)
 .debug_info    0x0000000000005c85      0x137 /usr/lib/gcc/arm-none-eabi/10.3.1/../../../arm-none-eabi/lib/thumb/v7e-m/nofp/libg_nano.a(lib_a-memset.o)
 .debug_info    0x0000000000005dbc      0x926 /usr/lib/gcc/arm-none-eabi/10.3.1/../../../arm-none-eabi/lib/thumb/v7e-m/nofp/libg_nano.a(lib_a-sprintf.o)
 .debug_info    0x00000000000066e2     0x10d5 /usr/lib/gcc/arm-none-eabi/10.3.1/../../../arm-none-eabi/lib/thumb/v7e-m/nofp/libg_nano.a(lib_a-nano-svfprintf.o)
 .debug_info    0x00000000000077b7      0xe9e /usr/lib/gcc/arm-none-eabi/10.3.1/../../../arm-none-eabi/lib/thumb/v7e-m/nofp/libg_nano.a(lib_a-nano-vfprintf_i.o)
 .debug_info    0x0000000000008655       0x26 /usr/lib/gcc/arm-none-eabi/10.3.1/../../../arm-none-eabi/lib/thumb/v7e-m/nofp/libg_nano.a(lib_a-memchr.o)
 .debug_info    0x000000000000867b      0x152 /usr/lib/gcc/arm-none-eabi/10.3.1/../../../arm-none-eabi/lib/thumb/v7e-m/nofp/libg_nano.a(lib_a-memmove.o)
 .debug_info    0x00000000000087cd      0x92b /usr/lib/gcc/arm-none-eabi/10.3.1/../../../arm-none-eabi/lib/thumb/v7e-m/nofp/libg_nano.a(lib_a-nano-freer.o)
 .debug_info    0x00000000000090f8      0xa0c /usr/lib/gcc/arm-none-eabi/10.3.1/../../../arm-none-eabi/lib/thumb/v7e-m/nofp/libg_nano.a(lib_a-nano-mallocr.o)
 .debug_info    0x0000000000009b04      0x911 /usr/lib/gcc/arm-none-eabi/10.3.1/../../../arm-none-eabi/lib/thumb/v7e-m/nofp/libg_nano.a(lib_a-nano-reallocr.o)
 .debug_info    0x000000000000a415      0x828 /usr/lib/gcc/arm-none-eabi/10.3.1/../../../arm-none-eabi/lib/thumb/v7e-m/nofp/libg_nano.a(lib_a-sbrkr.o)
 .debug_info    0x000000000000ac3d      0x7dc /usr/lib/gcc/arm-none-eabi/10.3.1/../../../arm-none-eabi/lib/thumb/v7e-m/nofp/libg_nano.a(lib_a-mlock.o)
 .debug_info    0x000000000000b419      0x840 /usr/lib/gcc/arm-none-eabi/10.3.1/../../../arm-none-eabi/lib/thumb/v7e-m/nofp/libg_nano.a(lib_a-nano-msizer.o)
 .debug_info    0x000000000000bc59      0xa7e /usr/lib/gcc/arm-none-eabi/10.3.1/../../../arm-none-eabi/lib/thumb/v7e-m/nofp/libg_nano.a(lib_a-reent.o)
 .debug_info    0x000000000000c6d7       0x9d /usr/lib/gcc/arm-none-eabi/10.3.1/../../../arm-none-eabi/lib/thumb/v7e-m/nofp/libnosys.a(sbrk.o)

.debug_abbrev   0x0000000000000000     0x29bc
 .debug_abbrev  0x0000000000000000      0x2a9 objdir-CW308_SAM4S/toeplitz_hashing.o
 .debug_abbrev  0x00000000000002a9      0x1cb objdir-CW308_SAM4S/startup_sam4s.o
 .debug_abbrev  0x0000000000000474      0x277 objdir-CW308_SAM4S/sam4s_hal.o
 .debug_abbrev  0x00000000000006eb      0x21f objdir-CW308_SAM4S/uart.o
 .debug_abbrev  0x000000000000090a      0x357 objdir-CW308_SAM4S/pio.o
 .debug_abbrev  0x0000000000000c61      0x11f objdir-CW308_SAM4S/system_sam4s.o
 .debug_abbrev  0x0000000000000d80      0x2a8 objdir-CW308_SAM4S/pmc.o
 .debug_abbrev  0x0000000000001028      0x151 /usr/lib/gcc/arm-none-eabi/10.3.1/../../../arm-none-eabi/lib/thumb/v7e-m/nofp/libg_nano.a(lib_a-impure.o)
 .debug_abbrev  0x0000000000001179       0xcc /usr/lib/gcc/arm-none-eabi/10.3.1/../../../arm-none-eabi/lib/thumb/v7e-m/nofp/libg_nano.a(lib_a-init.o)
 .debug_abbrev  0x0000000000001245       0x14 /usr/lib/gcc/arm-none-eabi/10.3.1/../../../arm-none-eabi/lib/thumb/v7e-m/nofp/libg_nano.a(lib_a-memcpy.o)
 .debug_abbrev  0x0000000000001259       0xb4 /usr/lib/gcc/arm-none-eabi/10.3.1/../../../arm-none-eabi/lib/thumb/v7e-m/nofp/libg_nano.a(lib_a-memset.o)
 .debug_abbrev  0x000000000000130d      0x213 /usr/lib/gcc/arm-none-eabi/10.3.1/../../../arm-none-eabi/lib/thumb/v7e-m/nofp/libg_nano.a(lib_a-sprintf.o)
 .debug_abbrev  0x0000000000001520      0x2ca /usr/lib/gcc/arm-none-eabi/10.3.1/../../../arm-none-eabi/lib/thumb/v7e-m/nofp/libg_nano.a(lib_a-nano-svfprintf.o)
 .debug_abbrev  0x00000000000017ea      0x25c /usr/lib/gcc/arm-none-eabi/10.3.1/../../../arm-none-eabi/lib/thumb/v7e-m/nofp/libg_nano.a(lib_a-nano-vfprintf_i.o)
 .debug_abbrev  0x0000000000001a46       0x14 /usr/lib/gcc/arm-none-eabi/10.3.1/../../../arm-none-eabi/lib/thumb/v7e-m/nofp/libg_nano.a(lib_a-memchr.o)
 .debug_abbrev  0x0000000000001a5a       0xc0 /usr/lib/gcc/arm-none-eabi/10.3.1/../../../arm-none-eabi/lib/thumb/v7e-m/nofp/libg_nano.a(lib_a-memmove.o)
 .debug_abbrev  0x0000000000001b1a      0x245 /usr/lib/gcc/arm-none-eabi/10.3.1/../../../arm-none-eabi/lib/thumb/v7e-m/nofp/libg_nano.a(lib_a-nano-freer.o)
 .debug_abbrev  0x0000000000001d5f      0x290 /usr/lib/gcc/arm-none-eabi/10.3.1/../../../arm-none-eabi/lib/thumb/v7e-m/nofp/libg_nano.a(lib_a-nano-mallocr.o)
 .debug_abbrev  0x0000000000001fef      0x1d6 /usr/lib/gcc/arm-none-eabi/10.3.1/../../../arm-none-eabi/lib/thumb/v7e-m/nofp/libg_nano.a(lib_a-nano-reallocr.o)
 .debug_abbrev  0x00000000000021c5      0x1d6 /usr/lib/gcc/arm-none-eabi/10.3.1/../../../arm-none-eabi/lib/thumb/v7e-m/nofp/libg_nano.a(lib_a-sbrkr.o)
 .debug_abbrev  0x000000000000239b      0x189 /usr/lib/gcc/arm-none-eabi/10.3.1/../../../arm-none-eabi/lib/thumb/v7e-m/nofp/libg_nano.a(lib_a-mlock.o)
 .debug_abbrev  0x0000000000002524      0x191 /usr/lib/gcc/arm-none-eabi/10.3.1/../../../arm-none-eabi/lib/thumb/v7e-m/nofp/libg_nano.a(lib_a-nano-msizer.o)
 .debug_abbrev  0x00000000000026b5      0x265 /usr/lib/gcc/arm-none-eabi/10.3.1/../../../arm-none-eabi/lib/thumb/v7e-m/nofp/libg_nano.a(lib_a-reent.o)
 .debug_abbrev  0x000000000000291a       0xa2 /usr/lib/gcc/arm-none-eabi/10.3.1/../../../arm-none-eabi/lib/thumb/v7e-m/nofp/libnosys.a(sbrk.o)

.debug_loc      0x0000000000000000     0x4526
 .debug_loc     0x0000000000000000      0x7b1 objdir-CW308_SAM4S/toeplitz_hashing.o
 .debug_loc     0x00000000000007b1       0x51 objdir-CW308_SAM4S/startup_sam4s.o
 .debug_loc     0x0000000000000802      0x1fd objdir-CW308_SAM4S/sam4s_hal.o
 .debug_loc     0x00000000000009ff      0x246 objdir-CW308_SAM4S/uart.o
 .debug_loc     0x0000000000000c45      0xe03 objdir-CW308_SAM4S/pio.o
 .debug_loc     0x0000000000001a48       0x20 objdir-CW308_SAM4S/system_sam4s.o
 .debug_loc     0x0000000000001a68      0xa89 objdir-CW308_SAM4S/pmc.o
 .debug_loc     0x00000000000024f1       0xba /usr/lib/gcc/arm-none-eabi/10.3.1/../../../arm-none-eabi/lib/thumb/v7e-m/nofp/libg_nano.a(lib_a-init.o)
 .debug_loc     0x00000000000025ab      0x22c /usr/lib/gcc/arm-none-eabi/10.3.1/../../../arm-none-eabi/lib/thumb/v7e-m/nofp/libg_nano.a(lib_a-memset.o)
 .debug_loc     0x00000000000027d7       0xb7 /usr/lib/gcc/arm-none-eabi/10.3.1/../../../arm-none-eabi/lib/thumb/v7e-m/nofp/libg_nano.a(lib_a-sprintf.o)
 .debug_loc     0x000000000000288e      0x83b /usr/lib/gcc/arm-none-eabi/10.3.1/../../../arm-none-eabi/lib/thumb/v7e-m/nofp/libg_nano.a(lib_a-nano-svfprintf.o)
 .debug_loc     0x00000000000030c9      0x6d7 /usr/lib/gcc/arm-none-eabi/10.3.1/../../../arm-none-eabi/lib/thumb/v7e-m/nofp/libg_nano.a(lib_a-nano-vfprintf_i.o)
 .debug_loc     0x00000000000037a0      0x34f /usr/lib/gcc/arm-none-eabi/10.3.1/../../../arm-none-eabi/lib/thumb/v7e-m/nofp/libg_nano.a(lib_a-memmove.o)
 .debug_loc     0x0000000000003aef      0x23a /usr/lib/gcc/arm-none-eabi/10.3.1/../../../arm-none-eabi/lib/thumb/v7e-m/nofp/libg_nano.a(lib_a-nano-freer.o)
 .debug_loc     0x0000000000003d29      0x3cd /usr/lib/gcc/arm-none-eabi/10.3.1/../../../arm-none-eabi/lib/thumb/v7e-m/nofp/libg_nano.a(lib_a-nano-mallocr.o)
 .debug_loc     0x00000000000040f6      0x133 /usr/lib/gcc/arm-none-eabi/10.3.1/../../../arm-none-eabi/lib/thumb/v7e-m/nofp/libg_nano.a(lib_a-nano-reallocr.o)
 .debug_loc     0x0000000000004229       0x6c /usr/lib/gcc/arm-none-eabi/10.3.1/../../../arm-none-eabi/lib/thumb/v7e-m/nofp/libg_nano.a(lib_a-sbrkr.o)
 .debug_loc     0x0000000000004295       0x86 /usr/lib/gcc/arm-none-eabi/10.3.1/../../../arm-none-eabi/lib/thumb/v7e-m/nofp/libg_nano.a(lib_a-nano-msizer.o)
 .debug_loc     0x000000000000431b      0x1cd /usr/lib/gcc/arm-none-eabi/10.3.1/../../../arm-none-eabi/lib/thumb/v7e-m/nofp/libg_nano.a(lib_a-reent.o)
 .debug_loc     0x00000000000044e8       0x3e /usr/lib/gcc/arm-none-eabi/10.3.1/../../../arm-none-eabi/lib/thumb/v7e-m/nofp/libnosys.a(sbrk.o)

.debug_aranges  0x0000000000000000      0x798
 .debug_aranges
                0x0000000000000000       0x60 objdir-CW308_SAM4S/toeplitz_hashing.o
 .debug_aranges
                0x0000000000000060       0x28 objdir-CW308_SAM4S/startup_sam4s.o
 .debug_aranges
                0x0000000000000088       0x50 objdir-CW308_SAM4S/sam4s_hal.o
 .debug_aranges
                0x00000000000000d8       0xe0 objdir-CW308_SAM4S/uart.o
 .debug_aranges
                0x00000000000001b8      0x190 objdir-CW308_SAM4S/pio.o
 .debug_aranges
                0x0000000000000348       0x30 objdir-CW308_SAM4S/system_sam4s.o
 .debug_aranges
                0x0000000000000378      0x208 objdir-CW308_SAM4S/pmc.o
 .debug_aranges
                0x0000000000000580       0x18 /usr/lib/gcc/arm-none-eabi/10.3.1/../../../arm-none-eabi/lib/thumb/v7e-m/nofp/libg_nano.a(lib_a-impure.o)
 .debug_aranges
                0x0000000000000598       0x20 /usr/lib/gcc/arm-none-eabi/10.3.1/../../../arm-none-eabi/lib/thumb/v7e-m/nofp/libg_nano.a(lib_a-init.o)
 .debug_aranges
                0x00000000000005b8       0x20 /usr/lib/gcc/arm-none-eabi/10.3.1/../../../arm-none-eabi/lib/thumb/v7e-m/nofp/libg_nano.a(lib_a-memcpy.o)
 .debug_aranges
                0x00000000000005d8       0x20 /usr/lib/gcc/arm-none-eabi/10.3.1/../../../arm-none-eabi/lib/thumb/v7e-m/nofp/libg_nano.a(lib_a-memset.o)
 .debug_aranges
                0x00000000000005f8       0x20 /usr/lib/gcc/arm-none-eabi/10.3.1/../../../arm-none-eabi/lib/thumb/v7e-m/nofp/libg_nano.a(lib_a-sprintf.o)
 .debug_aranges
                0x0000000000000618       0x20 /usr/lib/gcc/arm-none-eabi/10.3.1/../../../arm-none-eabi/lib/thumb/v7e-m/nofp/libg_nano.a(lib_a-nano-svfprintf.o)
 .debug_aranges
                0x0000000000000638       0x20 /usr/lib/gcc/arm-none-eabi/10.3.1/../../../arm-none-eabi/lib/thumb/v7e-m/nofp/libg_nano.a(lib_a-nano-vfprintf_i.o)
 .debug_aranges
                0x0000000000000658       0x20 /usr/lib/gcc/arm-none-eabi/10.3.1/../../../arm-none-eabi/lib/thumb/v7e-m/nofp/libg_nano.a(lib_a-memchr.o)
 .debug_aranges
                0x0000000000000678       0x20 /usr/lib/gcc/arm-none-eabi/10.3.1/../../../arm-none-eabi/lib/thumb/v7e-m/nofp/libg_nano.a(lib_a-memmove.o)
 .debug_aranges
                0x0000000000000698       0x20 /usr/lib/gcc/arm-none-eabi/10.3.1/../../../arm-none-eabi/lib/thumb/v7e-m/nofp/libg_nano.a(lib_a-nano-freer.o)
 .debug_aranges
                0x00000000000006b8       0x20 /usr/lib/gcc/arm-none-eabi/10.3.1/../../../arm-none-eabi/lib/thumb/v7e-m/nofp/libg_nano.a(lib_a-nano-mallocr.o)
 .debug_aranges
                0x00000000000006d8       0x20 /usr/lib/gcc/arm-none-eabi/10.3.1/../../../arm-none-eabi/lib/thumb/v7e-m/nofp/libg_nano.a(lib_a-nano-reallocr.o)
 .debug_aranges
                0x00000000000006f8       0x20 /usr/lib/gcc/arm-none-eabi/10.3.1/../../../arm-none-eabi/lib/thumb/v7e-m/nofp/libg_nano.a(lib_a-sbrkr.o)
 .debug_aranges
                0x0000000000000718       0x20 /usr/lib/gcc/arm-none-eabi/10.3.1/../../../arm-none-eabi/lib/thumb/v7e-m/nofp/libg_nano.a(lib_a-mlock.o)
 .debug_aranges
                0x0000000000000738       0x20 /usr/lib/gcc/arm-none-eabi/10.3.1/../../../arm-none-eabi/lib/thumb/v7e-m/nofp/libg_nano.a(lib_a-nano-msizer.o)
 .debug_aranges
                0x0000000000000758       0x20 /usr/lib/gcc/arm-none-eabi/10.3.1/../../../arm-none-eabi/lib/thumb/v7e-m/nofp/libg_nano.a(lib_a-reent.o)
 .debug_aranges
                0x0000000000000778       0x20 /usr/lib/gcc/arm-none-eabi/10.3.1/../../../arm-none-eabi/lib/thumb/v7e-m/nofp/libnosys.a(sbrk.o)

.debug_ranges   0x0000000000000000      0x928
 .debug_ranges  0x0000000000000000      0x1f8 objdir-CW308_SAM4S/toeplitz_hashing.o
 .debug_ranges  0x00000000000001f8       0x18 objdir-CW308_SAM4S/startup_sam4s.o
 .debug_ranges  0x0000000000000210       0xa8 objdir-CW308_SAM4S/sam4s_hal.o
 .debug_ranges  0x00000000000002b8       0xd0 objdir-CW308_SAM4S/uart.o
 .debug_ranges  0x0000000000000388      0x210 objdir-CW308_SAM4S/pio.o
 .debug_ranges  0x0000000000000598       0x20 objdir-CW308_SAM4S/system_sam4s.o
 .debug_ranges  0x00000000000005b8      0x240 objdir-CW308_SAM4S/pmc.o
 .debug_ranges  0x00000000000007f8       0x40 /usr/lib/gcc/arm-none-eabi/10.3.1/../../../arm-none-eabi/lib/thumb/v7e-m/nofp/libg_nano.a(lib_a-nano-svfprintf.o)
 .debug_ranges  0x0000000000000838       0xa0 /usr/lib/gcc/arm-none-eabi/10.3.1/../../../arm-none-eabi/lib/thumb/v7e-m/nofp/libg_nano.a(lib_a-nano-vfprintf_i.o)
 .debug_ranges  0x00000000000008d8       0x18 /usr/lib/gcc/arm-none-eabi/10.3.1/../../../arm-none-eabi/lib/thumb/v7e-m/nofp/libg_nano.a(lib_a-nano-freer.o)
 .debug_ranges  0x00000000000008f0       0x38 /usr/lib/gcc/arm-none-eabi/10.3.1/../../../arm-none-eabi/lib/thumb/v7e-m/nofp/libg_nano.a(lib_a-nano-mallocr.o)

.debug_macro    0x0000000000000000     0xfbca
 .debug_macro   0x0000000000000000      0x1f3 objdir-CW308_SAM4S/toeplitz_hashing.o
 .debug_macro   0x00000000000001f3      0xac0 objdir-CW308_SAM4S/toeplitz_hashing.o
 .debug_macro   0x0000000000000cb3      0x34e objdir-CW308_SAM4S/toeplitz_hashing.o
 .debug_macro   0x0000000000001001      0x17e objdir-CW308_SAM4S/toeplitz_hashing.o
 .debug_macro   0x000000000000117f       0x18 objdir-CW308_SAM4S/toeplitz_hashing.o
 .debug_macro   0x0000000000001197       0x22 objdir-CW308_SAM4S/toeplitz_hashing.o
 .debug_macro   0x00000000000011b9       0x52 objdir-CW308_SAM4S/toeplitz_hashing.o
 .debug_macro   0x000000000000120b       0x94 objdir-CW308_SAM4S/toeplitz_hashing.o
 .debug_macro   0x000000000000129f       0x35 objdir-CW308_SAM4S/toeplitz_hashing.o
 .debug_macro   0x00000000000012d4       0x34 objdir-CW308_SAM4S/toeplitz_hashing.o
 .debug_macro   0x0000000000001308       0x16 objdir-CW308_SAM4S/toeplitz_hashing.o
 .debug_macro   0x000000000000131e      0x10e objdir-CW308_SAM4S/toeplitz_hashing.o
 .debug_macro   0x000000000000142c       0x86 objdir-CW308_SAM4S/toeplitz_hashing.o
 .debug_macro   0x00000000000014b2       0x16 objdir-CW308_SAM4S/toeplitz_hashing.o
 .debug_macro   0x00000000000014c8       0x43 objdir-CW308_SAM4S/toeplitz_hashing.o
 .debug_macro   0x000000000000150b       0x57 objdir-CW308_SAM4S/toeplitz_hashing.o
 .debug_macro   0x0000000000001562       0x34 objdir-CW308_SAM4S/toeplitz_hashing.o
 .debug_macro   0x0000000000001596       0x10 objdir-CW308_SAM4S/toeplitz_hashing.o
 .debug_macro   0x00000000000015a6       0x52 objdir-CW308_SAM4S/toeplitz_hashing.o
 .debug_macro   0x00000000000015f8      0x182 objdir-CW308_SAM4S/toeplitz_hashing.o
 .debug_macro   0x000000000000177a      0x356 objdir-CW308_SAM4S/toeplitz_hashing.o
 .debug_macro   0x0000000000001ad0       0x16 objdir-CW308_SAM4S/toeplitz_hashing.o
 .debug_macro   0x0000000000001ae6       0x29 objdir-CW308_SAM4S/toeplitz_hashing.o
 .debug_macro   0x0000000000001b0f       0x1c objdir-CW308_SAM4S/toeplitz_hashing.o
 .debug_macro   0x0000000000001b2b       0x35 objdir-CW308_SAM4S/toeplitz_hashing.o
 .debug_macro   0x0000000000001b60       0x10 objdir-CW308_SAM4S/toeplitz_hashing.o
 .debug_macro   0x0000000000001b70       0x10 objdir-CW308_SAM4S/toeplitz_hashing.o
 .debug_macro   0x0000000000001b80       0x6a objdir-CW308_SAM4S/toeplitz_hashing.o
 .debug_macro   0x0000000000001bea       0x1c objdir-CW308_SAM4S/toeplitz_hashing.o
 .debug_macro   0x0000000000001c06       0x52 objdir-CW308_SAM4S/toeplitz_hashing.o
 .debug_macro   0x0000000000001c58       0x22 objdir-CW308_SAM4S/toeplitz_hashing.o
 .debug_macro   0x0000000000001c7a       0x10 objdir-CW308_SAM4S/toeplitz_hashing.o
 .debug_macro   0x0000000000001c8a       0x40 objdir-CW308_SAM4S/toeplitz_hashing.o
 .debug_macro   0x0000000000001cca       0xd5 objdir-CW308_SAM4S/toeplitz_hashing.o
 .debug_macro   0x0000000000001d9f       0x1c objdir-CW308_SAM4S/toeplitz_hashing.o
 .debug_macro   0x0000000000001dbb       0x3d objdir-CW308_SAM4S/toeplitz_hashing.o
 .debug_macro   0x0000000000001df8       0x16 objdir-CW308_SAM4S/toeplitz_hashing.o
 .debug_macro   0x0000000000001e0e      0x16f objdir-CW308_SAM4S/toeplitz_hashing.o
 .debug_macro   0x0000000000001f7d      0x296 objdir-CW308_SAM4S/startup_sam4s.o
 .debug_macro   0x0000000000002213       0x27 objdir-CW308_SAM4S/startup_sam4s.o
 .debug_macro   0x000000000000223a       0x3b objdir-CW308_SAM4S/startup_sam4s.o
 .debug_macro   0x0000000000002275       0x2d objdir-CW308_SAM4S/startup_sam4s.o
 .debug_macro   0x00000000000022a2       0x26 objdir-CW308_SAM4S/startup_sam4s.o
 .debug_macro   0x00000000000022c8      0xbbf objdir-CW308_SAM4S/startup_sam4s.o
 .debug_macro   0x0000000000002e87      0x154 objdir-CW308_SAM4S/startup_sam4s.o
 .debug_macro   0x0000000000002fdb      0xaa5 objdir-CW308_SAM4S/startup_sam4s.o
 .debug_macro   0x0000000000003a80      0x1b4 objdir-CW308_SAM4S/startup_sam4s.o
 .debug_macro   0x0000000000003c34       0xac objdir-CW308_SAM4S/startup_sam4s.o
 .debug_macro   0x0000000000003ce0      0x3f7 objdir-CW308_SAM4S/startup_sam4s.o
 .debug_macro   0x00000000000040d7      0x106 objdir-CW308_SAM4S/startup_sam4s.o
 .debug_macro   0x00000000000041dd       0x1c objdir-CW308_SAM4S/startup_sam4s.o
 .debug_macro   0x00000000000041f9      0x72f objdir-CW308_SAM4S/startup_sam4s.o
 .debug_macro   0x0000000000004928      0x2c9 objdir-CW308_SAM4S/startup_sam4s.o
 .debug_macro   0x0000000000004bf1       0xbe objdir-CW308_SAM4S/startup_sam4s.o
 .debug_macro   0x0000000000004caf     0x2807 objdir-CW308_SAM4S/startup_sam4s.o
 .debug_macro   0x00000000000074b6      0x76e objdir-CW308_SAM4S/startup_sam4s.o
 .debug_macro   0x0000000000007c24      0xa84 objdir-CW308_SAM4S/startup_sam4s.o
 .debug_macro   0x00000000000086a8       0x9a objdir-CW308_SAM4S/startup_sam4s.o
 .debug_macro   0x0000000000008742      0x3cf objdir-CW308_SAM4S/startup_sam4s.o
 .debug_macro   0x0000000000008b11       0x64 objdir-CW308_SAM4S/startup_sam4s.o
 .debug_macro   0x0000000000008b75      0x37c objdir-CW308_SAM4S/startup_sam4s.o
 .debug_macro   0x0000000000008ef1      0x61b objdir-CW308_SAM4S/startup_sam4s.o
 .debug_macro   0x000000000000950c      0x686 objdir-CW308_SAM4S/startup_sam4s.o
 .debug_macro   0x0000000000009b92      0x595 objdir-CW308_SAM4S/startup_sam4s.o
 .debug_macro   0x000000000000a127      0x344 objdir-CW308_SAM4S/startup_sam4s.o
 .debug_macro   0x000000000000a46b      0x283 objdir-CW308_SAM4S/startup_sam4s.o
 .debug_macro   0x000000000000a6ee      0x2cd objdir-CW308_SAM4S/startup_sam4s.o
 .debug_macro   0x000000000000a9bb      0x6cf objdir-CW308_SAM4S/startup_sam4s.o
 .debug_macro   0x000000000000b08a       0x76 objdir-CW308_SAM4S/startup_sam4s.o
 .debug_macro   0x000000000000b100       0xb8 objdir-CW308_SAM4S/startup_sam4s.o
 .debug_macro   0x000000000000b1b8       0xb2 objdir-CW308_SAM4S/startup_sam4s.o
 .debug_macro   0x000000000000b26a       0x88 objdir-CW308_SAM4S/startup_sam4s.o
 .debug_macro   0x000000000000b2f2      0x100 objdir-CW308_SAM4S/startup_sam4s.o
 .debug_macro   0x000000000000b3f2       0x88 objdir-CW308_SAM4S/startup_sam4s.o
 .debug_macro   0x000000000000b47a       0x88 objdir-CW308_SAM4S/startup_sam4s.o
 .debug_macro   0x000000000000b502      0x2cd objdir-CW308_SAM4S/startup_sam4s.o
 .debug_macro   0x000000000000b7cf       0xb2 objdir-CW308_SAM4S/startup_sam4s.o
 .debug_macro   0x000000000000b881       0xb2 objdir-CW308_SAM4S/startup_sam4s.o
 .debug_macro   0x000000000000b933       0x52 objdir-CW308_SAM4S/startup_sam4s.o
 .debug_macro   0x000000000000b985       0xac objdir-CW308_SAM4S/startup_sam4s.o
 .debug_macro   0x000000000000ba31       0x7c objdir-CW308_SAM4S/startup_sam4s.o
 .debug_macro   0x000000000000baad       0x40 objdir-CW308_SAM4S/startup_sam4s.o
 .debug_macro   0x000000000000baed       0x64 objdir-CW308_SAM4S/startup_sam4s.o
 .debug_macro   0x000000000000bb51       0x4c objdir-CW308_SAM4S/startup_sam4s.o
 .debug_macro   0x000000000000bb9d       0xa6 objdir-CW308_SAM4S/startup_sam4s.o
 .debug_macro   0x000000000000bc43       0x7c objdir-CW308_SAM4S/startup_sam4s.o
 .debug_macro   0x000000000000bcbf       0x16 objdir-CW308_SAM4S/startup_sam4s.o
 .debug_macro   0x000000000000bcd5       0x7c objdir-CW308_SAM4S/startup_sam4s.o
 .debug_macro   0x000000000000bd51       0x22 objdir-CW308_SAM4S/startup_sam4s.o
 .debug_macro   0x000000000000bd73      0x18b objdir-CW308_SAM4S/startup_sam4s.o
 .debug_macro   0x000000000000befe      0x15b objdir-CW308_SAM4S/startup_sam4s.o
 .debug_macro   0x000000000000c059       0x1c objdir-CW308_SAM4S/startup_sam4s.o
 .debug_macro   0x000000000000c075       0x2e objdir-CW308_SAM4S/startup_sam4s.o
 .debug_macro   0x000000000000c0a3       0x22 objdir-CW308_SAM4S/startup_sam4s.o
 .debug_macro   0x000000000000c0c5       0x1c objdir-CW308_SAM4S/startup_sam4s.o
 .debug_macro   0x000000000000c0e1       0x52 objdir-CW308_SAM4S/startup_sam4s.o
 .debug_macro   0x000000000000c133       0x10 objdir-CW308_SAM4S/startup_sam4s.o
 .debug_macro   0x000000000000c143      0x1e7 objdir-CW308_SAM4S/startup_sam4s.o
 .debug_macro   0x000000000000c32a      0x605 objdir-CW308_SAM4S/startup_sam4s.o
 .debug_macro   0x000000000000c92f      0x107 objdir-CW308_SAM4S/startup_sam4s.o
 .debug_macro   0x000000000000ca36      0x579 objdir-CW308_SAM4S/sam4s_hal.o
 .debug_macro   0x000000000000cfaf      0x6d7 objdir-CW308_SAM4S/sam4s_hal.o
 .debug_macro   0x000000000000d686      0x16d objdir-CW308_SAM4S/sam4s_hal.o
 .debug_macro   0x000000000000d7f3       0x76 objdir-CW308_SAM4S/sam4s_hal.o
 .debug_macro   0x000000000000d869       0x16 objdir-CW308_SAM4S/sam4s_hal.o
 .debug_macro   0x000000000000d87f      0x6da objdir-CW308_SAM4S/sam4s_hal.o
 .debug_macro   0x000000000000df59       0x16 objdir-CW308_SAM4S/sam4s_hal.o
 .debug_macro   0x000000000000df6f       0x22 objdir-CW308_SAM4S/sam4s_hal.o
 .debug_macro   0x000000000000df91       0x73 objdir-CW308_SAM4S/sam4s_hal.o
 .debug_macro   0x000000000000e004       0x3e objdir-CW308_SAM4S/sam4s_hal.o
 .debug_macro   0x000000000000e042      0x3ca objdir-CW308_SAM4S/sam4s_hal.o
 .debug_macro   0x000000000000e40c      0x2cb objdir-CW308_SAM4S/sam4s_hal.o
 .debug_macro   0x000000000000e6d7       0x22 objdir-CW308_SAM4S/sam4s_hal.o
 .debug_macro   0x000000000000e6f9       0x58 objdir-CW308_SAM4S/sam4s_hal.o
 .debug_macro   0x000000000000e751       0x64 objdir-CW308_SAM4S/sam4s_hal.o
 .debug_macro   0x000000000000e7b5       0x46 objdir-CW308_SAM4S/sam4s_hal.o
 .debug_macro   0x000000000000e7fb       0x16 objdir-CW308_SAM4S/sam4s_hal.o
 .debug_macro   0x000000000000e811       0x94 objdir-CW308_SAM4S/sam4s_hal.o
 .debug_macro   0x000000000000e8a5       0x1c objdir-CW308_SAM4S/sam4s_hal.o
 .debug_macro   0x000000000000e8c1       0xa4 objdir-CW308_SAM4S/sam4s_hal.o
 .debug_macro   0x000000000000e965       0x46 objdir-CW308_SAM4S/sam4s_hal.o
 .debug_macro   0x000000000000e9ab      0x4d5 objdir-CW308_SAM4S/uart.o
 .debug_macro   0x000000000000ee80       0x16 objdir-CW308_SAM4S/uart.o
 .debug_macro   0x000000000000ee96      0x4db objdir-CW308_SAM4S/pio.o
 .debug_macro   0x000000000000f371       0x8e objdir-CW308_SAM4S/pio.o
 .debug_macro   0x000000000000f3ff      0x29e objdir-CW308_SAM4S/system_sam4s.o
 .debug_macro   0x000000000000f69d      0x4db objdir-CW308_SAM4S/pmc.o
 .debug_macro   0x000000000000fb78       0x52 objdir-CW308_SAM4S/pmc.o

.debug_line     0x0000000000000000     0x7bf8
 .debug_line    0x0000000000000000      0x7d2 objdir-CW308_SAM4S/toeplitz_hashing.o
 .debug_line    0x00000000000007d2      0x645 objdir-CW308_SAM4S/startup_sam4s.o
 .debug_line    0x0000000000000e17      0xb29 objdir-CW308_SAM4S/sam4s_hal.o
 .debug_line    0x0000000000001940      0xb13 objdir-CW308_SAM4S/uart.o
 .debug_line    0x0000000000002453     0x11c7 objdir-CW308_SAM4S/pio.o
 .debug_line    0x000000000000361a      0x6f4 objdir-CW308_SAM4S/system_sam4s.o
 .debug_line    0x0000000000003d0e     0x177b objdir-CW308_SAM4S/pmc.o
 .debug_line    0x0000000000005489       0xe4 /usr/lib/gcc/arm-none-eabi/10.3.1/../../../arm-none-eabi/lib/thumb/v7e-m/nofp/libg_nano.a(lib_a-impure.o)
 .debug_line    0x000000000000556d      0x138 /usr/lib/gcc/arm-none-eabi/10.3.1/../../../arm-none-eabi/lib/thumb/v7e-m/nofp/libg_nano.a(lib_a-init.o)
 .debug_line    0x00000000000056a5       0xbe /usr/lib/gcc/arm-none-eabi/10.3.1/../../../arm-none-eabi/lib/thumb/v7e-m/nofp/libg_nano.a(lib_a-memcpy.o)
 .debug_line    0x0000000000005763      0x1bf /usr/lib/gcc/arm-none-eabi/10.3.1/../../../arm-none-eabi/lib/thumb/v7e-m/nofp/libg_nano.a(lib_a-memset.o)
 .debug_line    0x0000000000005922      0x209 /usr/lib/gcc/arm-none-eabi/10.3.1/../../../arm-none-eabi/lib/thumb/v7e-m/nofp/libg_nano.a(lib_a-sprintf.o)
 .debug_line    0x0000000000005b2b      0x835 /usr/lib/gcc/arm-none-eabi/10.3.1/../../../arm-none-eabi/lib/thumb/v7e-m/nofp/libg_nano.a(lib_a-nano-svfprintf.o)
 .debug_line    0x0000000000006360      0x750 /usr/lib/gcc/arm-none-eabi/10.3.1/../../../arm-none-eabi/lib/thumb/v7e-m/nofp/libg_nano.a(lib_a-nano-vfprintf_i.o)
 .debug_line    0x0000000000006ab0       0xa4 /usr/lib/gcc/arm-none-eabi/10.3.1/../../../arm-none-eabi/lib/thumb/v7e-m/nofp/libg_nano.a(lib_a-memchr.o)
 .debug_line    0x0000000000006b54      0x1ee /usr/lib/gcc/arm-none-eabi/10.3.1/../../../arm-none-eabi/lib/thumb/v7e-m/nofp/libg_nano.a(lib_a-memmove.o)
 .debug_line    0x0000000000006d42      0x2c0 /usr/lib/gcc/arm-none-eabi/10.3.1/../../../arm-none-eabi/lib/thumb/v7e-m/nofp/libg_nano.a(lib_a-nano-freer.o)
 .debug_line    0x0000000000007002      0x2d0 /usr/lib/gcc/arm-none-eabi/10.3.1/../../../arm-none-eabi/lib/thumb/v7e-m/nofp/libg_nano.a(lib_a-nano-mallocr.o)
 .debug_line    0x00000000000072d2      0x1c5 /usr/lib/gcc/arm-none-eabi/10.3.1/../../../arm-none-eabi/lib/thumb/v7e-m/nofp/libg_nano.a(lib_a-nano-reallocr.o)
 .debug_line    0x0000000000007497      0x183 /usr/lib/gcc/arm-none-eabi/10.3.1/../../../arm-none-eabi/lib/thumb/v7e-m/nofp/libg_nano.a(lib_a-sbrkr.o)
 .debug_line    0x000000000000761a      0x13e /usr/lib/gcc/arm-none-eabi/10.3.1/../../../arm-none-eabi/lib/thumb/v7e-m/nofp/libg_nano.a(lib_a-mlock.o)
 .debug_line    0x0000000000007758      0x160 /usr/lib/gcc/arm-none-eabi/10.3.1/../../../arm-none-eabi/lib/thumb/v7e-m/nofp/libg_nano.a(lib_a-nano-msizer.o)
 .debug_line    0x00000000000078b8      0x2c7 /usr/lib/gcc/arm-none-eabi/10.3.1/../../../arm-none-eabi/lib/thumb/v7e-m/nofp/libg_nano.a(lib_a-reent.o)
 .debug_line    0x0000000000007b7f       0x79 /usr/lib/gcc/arm-none-eabi/10.3.1/../../../arm-none-eabi/lib/thumb/v7e-m/nofp/libnosys.a(sbrk.o)

.debug_str      0x0000000000000000    0x4c0a9
 .debug_str     0x0000000000000000     0x7b39 objdir-CW308_SAM4S/toeplitz_hashing.o
                                       0x7d80 (size before relaxing)
 .debug_str     0x0000000000007b39    0x3492b objdir-CW308_SAM4S/startup_sam4s.o
                                      0x38261 (size before relaxing)
 .debug_str     0x000000000003c464     0xdc67 objdir-CW308_SAM4S/sam4s_hal.o
                                      0x49af0 (size before relaxing)
 .debug_str     0x000000000004a0cb      0x241 objdir-CW308_SAM4S/uart.o
                                      0x482d8 (size before relaxing)
 .debug_str     0x000000000004a30c      0x7ac objdir-CW308_SAM4S/pio.o
                                      0x48b4f (size before relaxing)
 .debug_str     0x000000000004aab8      0x1aa objdir-CW308_SAM4S/system_sam4s.o
                                      0x37ffe (size before relaxing)
 .debug_str     0x000000000004ac62      0x611 objdir-CW308_SAM4S/pmc.o
                                      0x489a3 (size before relaxing)
 .debug_str     0x000000000004b273      0x439 /usr/lib/gcc/arm-none-eabi/10.3.1/../../../arm-none-eabi/lib/thumb/v7e-m/nofp/libg_nano.a(lib_a-impure.o)
                                        0x558 (size before relaxing)
 .debug_str     0x000000000004b6ac       0xdb /usr/lib/gcc/arm-none-eabi/10.3.1/../../../arm-none-eabi/lib/thumb/v7e-m/nofp/libg_nano.a(lib_a-init.o)
                                        0x205 (size before relaxing)
 .debug_str     0x000000000004b787       0xb3 /usr/lib/gcc/arm-none-eabi/10.3.1/../../../arm-none-eabi/lib/thumb/v7e-m/nofp/libg_nano.a(lib_a-memcpy.o)
 .debug_str     0x000000000004b83a       0xa0 /usr/lib/gcc/arm-none-eabi/10.3.1/../../../arm-none-eabi/lib/thumb/v7e-m/nofp/libg_nano.a(lib_a-memset.o)
                                        0x1ba (size before relaxing)
 .debug_str     0x000000000004b8da       0xaf /usr/lib/gcc/arm-none-eabi/10.3.1/../../../arm-none-eabi/lib/thumb/v7e-m/nofp/libg_nano.a(lib_a-sprintf.o)
                                        0x546 (size before relaxing)
 .debug_str     0x000000000004b989      0x286 /usr/lib/gcc/arm-none-eabi/10.3.1/../../../arm-none-eabi/lib/thumb/v7e-m/nofp/libg_nano.a(lib_a-nano-svfprintf.o)
                                        0x84f (size before relaxing)
 .debug_str     0x000000000004bc0f       0x94 /usr/lib/gcc/arm-none-eabi/10.3.1/../../../arm-none-eabi/lib/thumb/v7e-m/nofp/libg_nano.a(lib_a-nano-vfprintf_i.o)
                                        0x7e6 (size before relaxing)
 .debug_str     0x000000000004bca3       0x3c /usr/lib/gcc/arm-none-eabi/10.3.1/../../../arm-none-eabi/lib/thumb/v7e-m/nofp/libg_nano.a(lib_a-memchr.o)
                                         0xac (size before relaxing)
 .debug_str     0x000000000004bcdf       0x66 /usr/lib/gcc/arm-none-eabi/10.3.1/../../../arm-none-eabi/lib/thumb/v7e-m/nofp/libg_nano.a(lib_a-memmove.o)
                                        0x1d9 (size before relaxing)
 .debug_str     0x000000000004bd45      0x113 /usr/lib/gcc/arm-none-eabi/10.3.1/../../../arm-none-eabi/lib/thumb/v7e-m/nofp/libg_nano.a(lib_a-nano-freer.o)
                                        0x58f (size before relaxing)
 .debug_str     0x000000000004be58       0x46 /usr/lib/gcc/arm-none-eabi/10.3.1/../../../arm-none-eabi/lib/thumb/v7e-m/nofp/libg_nano.a(lib_a-nano-mallocr.o)
                                        0x5ba (size before relaxing)
 .debug_str     0x000000000004be9e       0x23 /usr/lib/gcc/arm-none-eabi/10.3.1/../../../arm-none-eabi/lib/thumb/v7e-m/nofp/libg_nano.a(lib_a-nano-reallocr.o)
                                        0x579 (size before relaxing)
 .debug_str     0x000000000004bec1       0x3d /usr/lib/gcc/arm-none-eabi/10.3.1/../../../arm-none-eabi/lib/thumb/v7e-m/nofp/libg_nano.a(lib_a-sbrkr.o)
                                        0x510 (size before relaxing)
 .debug_str     0x000000000004befe       0x4c /usr/lib/gcc/arm-none-eabi/10.3.1/../../../arm-none-eabi/lib/thumb/v7e-m/nofp/libg_nano.a(lib_a-mlock.o)
                                        0x526 (size before relaxing)
 .debug_str     0x000000000004bf4a        0xf /usr/lib/gcc/arm-none-eabi/10.3.1/../../../arm-none-eabi/lib/thumb/v7e-m/nofp/libg_nano.a(lib_a-nano-msizer.o)
                                        0x557 (size before relaxing)
 .debug_str     0x000000000004bf59       0x5e /usr/lib/gcc/arm-none-eabi/10.3.1/../../../arm-none-eabi/lib/thumb/v7e-m/nofp/libg_nano.a(lib_a-reent.o)
                                        0x538 (size before relaxing)
 .debug_str     0x000000000004bfb7       0xf2 /usr/lib/gcc/arm-none-eabi/10.3.1/../../../arm-none-eabi/lib/thumb/v7e-m/nofp/libnosys.a(sbrk.o)
                                        0x10b (size before relaxing)

.debug_frame    0x0000000000000000      0xf9c
 .debug_frame   0x0000000000000000      0x12c objdir-CW308_SAM4S/toeplitz_hashing.o
 .debug_frame   0x000000000000012c       0x38 objdir-CW308_SAM4S/startup_sam4s.o
 .debug_frame   0x0000000000000164       0xdc objdir-CW308_SAM4S/sam4s_hal.o
 .debug_frame   0x0000000000000240      0x1b8 objdir-CW308_SAM4S/uart.o
 .debug_frame   0x00000000000003f8      0x374 objdir-CW308_SAM4S/pio.o
 .debug_frame   0x000000000000076c       0x48 objdir-CW308_SAM4S/system_sam4s.o
 .debug_frame   0x00000000000007b4      0x410 objdir-CW308_SAM4S/pmc.o
 .debug_frame   0x0000000000000bc4       0x2c /usr/lib/gcc/arm-none-eabi/10.3.1/../../../arm-none-eabi/lib/thumb/v7e-m/nofp/libg_nano.a(lib_a-init.o)
 .debug_frame   0x0000000000000bf0       0x2c /usr/lib/gcc/arm-none-eabi/10.3.1/../../../arm-none-eabi/lib/thumb/v7e-m/nofp/libg_nano.a(lib_a-memset.o)
 .debug_frame   0x0000000000000c1c       0x74 /usr/lib/gcc/arm-none-eabi/10.3.1/../../../arm-none-eabi/lib/thumb/v7e-m/nofp/libg_nano.a(lib_a-sprintf.o)
 .debug_frame   0x0000000000000c90       0x98 /usr/lib/gcc/arm-none-eabi/10.3.1/../../../arm-none-eabi/lib/thumb/v7e-m/nofp/libg_nano.a(lib_a-nano-svfprintf.o)
 .debug_frame   0x0000000000000d28       0x68 /usr/lib/gcc/arm-none-eabi/10.3.1/../../../arm-none-eabi/lib/thumb/v7e-m/nofp/libg_nano.a(lib_a-nano-vfprintf_i.o)
 .debug_frame   0x0000000000000d90       0x40 /usr/lib/gcc/arm-none-eabi/10.3.1/../../../arm-none-eabi/lib/thumb/v7e-m/nofp/libg_nano.a(lib_a-memmove.o)
 .debug_frame   0x0000000000000dd0       0x58 /usr/lib/gcc/arm-none-eabi/10.3.1/../../../arm-none-eabi/lib/thumb/v7e-m/nofp/libg_nano.a(lib_a-nano-freer.o)
 .debug_frame   0x0000000000000e28       0x30 /usr/lib/gcc/arm-none-eabi/10.3.1/../../../arm-none-eabi/lib/thumb/v7e-m/nofp/libg_nano.a(lib_a-nano-mallocr.o)
 .debug_frame   0x0000000000000e58       0x38 /usr/lib/gcc/arm-none-eabi/10.3.1/../../../arm-none-eabi/lib/thumb/v7e-m/nofp/libg_nano.a(lib_a-nano-reallocr.o)
 .debug_frame   0x0000000000000e90       0x2c /usr/lib/gcc/arm-none-eabi/10.3.1/../../../arm-none-eabi/lib/thumb/v7e-m/nofp/libg_nano.a(lib_a-sbrkr.o)
 .debug_frame   0x0000000000000ebc       0x30 /usr/lib/gcc/arm-none-eabi/10.3.1/../../../arm-none-eabi/lib/thumb/v7e-m/nofp/libg_nano.a(lib_a-mlock.o)
 .debug_frame   0x0000000000000eec       0x20 /usr/lib/gcc/arm-none-eabi/10.3.1/../../../arm-none-eabi/lib/thumb/v7e-m/nofp/libg_nano.a(lib_a-nano-msizer.o)
 .debug_frame   0x0000000000000f0c       0x70 /usr/lib/gcc/arm-none-eabi/10.3.1/../../../arm-none-eabi/lib/thumb/v7e-m/nofp/libg_nano.a(lib_a-reent.o)
 .debug_frame   0x0000000000000f7c       0x20 /usr/lib/gcc/arm-none-eabi/10.3.1/../../../arm-none-eabi/lib/thumb/v7e-m/nofp/libnosys.a(sbrk.o)

Cross Reference Table

Symbol                                            File
ACC_Handler                                       objdir-CW308_SAM4S/startup_sam4s.o
ADC_Handler                                       objdir-CW308_SAM4S/startup_sam4s.o
BusFault_Handler                                  objdir-CW308_SAM4S/startup_sam4s.o
CRCCU_Handler                                     objdir-CW308_SAM4S/startup_sam4s.o
DACC_Handler                                      objdir-CW308_SAM4S/startup_sam4s.o
DebugMon_Handler                                  objdir-CW308_SAM4S/startup_sam4s.o
Dummy_Handler                                     objdir-CW308_SAM4S/startup_sam4s.o
EFC0_Handler                                      objdir-CW308_SAM4S/startup_sam4s.o
HSMCI_Handler                                     objdir-CW308_SAM4S/startup_sam4s.o
HardFault_Handler                                 objdir-CW308_SAM4S/startup_sam4s.o
MemManage_Handler                                 objdir-CW308_SAM4S/startup_sam4s.o
NMI_Handler                                       objdir-CW308_SAM4S/startup_sam4s.o
PIOA_Handler                                      objdir-CW308_SAM4S/startup_sam4s.o
PIOB_Handler                                      objdir-CW308_SAM4S/startup_sam4s.o
PMC_Handler                                       objdir-CW308_SAM4S/startup_sam4s.o
PWM_Handler                                       objdir-CW308_SAM4S/startup_sam4s.o
PendSV_Handler                                    objdir-CW308_SAM4S/startup_sam4s.o
RSTC_Handler                                      objdir-CW308_SAM4S/startup_sam4s.o
RTC_Handler                                       objdir-CW308_SAM4S/startup_sam4s.o
RTT_Handler                                       objdir-CW308_SAM4S/startup_sam4s.o
Reset_Handler                                     objdir-CW308_SAM4S/startup_sam4s.o
SPI_Handler                                       objdir-CW308_SAM4S/startup_sam4s.o
SSC_Handler                                       objdir-CW308_SAM4S/startup_sam4s.o
SUPC_Handler                                      objdir-CW308_SAM4S/startup_sam4s.o
SVC_Handler                                       objdir-CW308_SAM4S/startup_sam4s.o
SysTick_Handler                                   objdir-CW308_SAM4S/startup_sam4s.o
SystemCoreClock                                   objdir-CW308_SAM4S/system_sam4s.o
SystemCoreClockUpdate                             objdir-CW308_SAM4S/system_sam4s.o
                                                  objdir-CW308_SAM4S/sysclk.o
                                                  objdir-CW308_SAM4S/sam4s_hal.o
SystemInit                                        objdir-CW308_SAM4S/system_sam4s.o
TC0_Handler                                       objdir-CW308_SAM4S/startup_sam4s.o
TC1_Handler                                       objdir-CW308_SAM4S/startup_sam4s.o
TC2_Handler                                       objdir-CW308_SAM4S/startup_sam4s.o
TWI0_Handler                                      objdir-CW308_SAM4S/startup_sam4s.o
TWI1_Handler                                      objdir-CW308_SAM4S/startup_sam4s.o
UART0_Handler                                     objdir-CW308_SAM4S/startup_sam4s.o
UART1_Handler                                     objdir-CW308_SAM4S/startup_sam4s.o
UDP_Handler                                       objdir-CW308_SAM4S/startup_sam4s.o
USART0_Handler                                    objdir-CW308_SAM4S/startup_sam4s.o
USART1_Handler                                    objdir-CW308_SAM4S/startup_sam4s.o
UsageFault_Handler                                objdir-CW308_SAM4S/startup_sam4s.o
WDT_Handler                                       objdir-CW308_SAM4S/startup_sam4s.o
_ITM_deregisterTMCloneTable                       /usr/lib/gcc/arm-none-eabi/10.3.1/thumb/v7e-m/nofp/crtbegin.o
_ITM_registerTMCloneTable                         /usr/lib/gcc/arm-none-eabi/10.3.1/thumb/v7e-m/nofp/crtbegin.o
__TMC_END__                                       /usr/lib/gcc/arm-none-eabi/10.3.1/thumb/v7e-m/nofp/crtend.o
                                                  /usr/lib/gcc/arm-none-eabi/10.3.1/thumb/v7e-m/nofp/crtbegin.o
__atexit_dummy                                    /usr/lib/gcc/arm-none-eabi/10.3.1/../../../arm-none-eabi/lib/thumb/v7e-m/nofp/libg_nano.a(lib_a-__atexit.o)
__bss_end__                                       /usr/lib/gcc/arm-none-eabi/10.3.1/../../../arm-none-eabi/lib/thumb/v7e-m/nofp/crt0.o
__bss_start__                                     /usr/lib/gcc/arm-none-eabi/10.3.1/../../../arm-none-eabi/lib/thumb/v7e-m/nofp/crt0.o
__call_exitprocs                                  /usr/lib/gcc/arm-none-eabi/10.3.1/../../../arm-none-eabi/lib/thumb/v7e-m/nofp/libg_nano.a(lib_a-__call_atexit.o)
                                                  /usr/lib/gcc/arm-none-eabi/10.3.1/../../../arm-none-eabi/lib/thumb/v7e-m/nofp/libg_nano.a(lib_a-__atexit.o)
                                                  /usr/lib/gcc/arm-none-eabi/10.3.1/../../../arm-none-eabi/lib/thumb/v7e-m/nofp/libg_nano.a(lib_a-exit.o)
__deregister_frame_info                           /usr/lib/gcc/arm-none-eabi/10.3.1/thumb/v7e-m/nofp/crtbegin.o
__dso_handle                                      /usr/lib/gcc/arm-none-eabi/10.3.1/thumb/v7e-m/nofp/crtbegin.o
__fini_array_end                                  /usr/lib/gcc/arm-none-eabi/10.3.1/../../../arm-none-eabi/lib/thumb/v7e-m/nofp/libg_nano.a(lib_a-fini.o)
__fini_array_start                                /usr/lib/gcc/arm-none-eabi/10.3.1/../../../arm-none-eabi/lib/thumb/v7e-m/nofp/libg_nano.a(lib_a-fini.o)
__init_array_end                                  /usr/lib/gcc/arm-none-eabi/10.3.1/../../../arm-none-eabi/lib/thumb/v7e-m/nofp/libg_nano.a(lib_a-init.o)
__init_array_start                                /usr/lib/gcc/arm-none-eabi/10.3.1/../../../arm-none-eabi/lib/thumb/v7e-m/nofp/libg_nano.a(lib_a-init.o)
__libc_fini_array                                 /usr/lib/gcc/arm-none-eabi/10.3.1/../../../arm-none-eabi/lib/thumb/v7e-m/nofp/libg_nano.a(lib_a-fini.o)
                                                  /usr/lib/gcc/arm-none-eabi/10.3.1/../../../arm-none-eabi/lib/thumb/v7e-m/nofp/crt0.o
__libc_init_array                                 /usr/lib/gcc/arm-none-eabi/10.3.1/../../../arm-none-eabi/lib/thumb/v7e-m/nofp/libg_nano.a(lib_a-init.o)
                                                  objdir-CW308_SAM4S/startup_sam4s.o
                                                  /usr/lib/gcc/arm-none-eabi/10.3.1/../../../arm-none-eabi/lib/thumb/v7e-m/nofp/crt0.o
__malloc_free_list                                /usr/lib/gcc/arm-none-eabi/10.3.1/../../../arm-none-eabi/lib/thumb/v7e-m/nofp/libg_nano.a(lib_a-nano-mallocr.o)
                                                  /usr/lib/gcc/arm-none-eabi/10.3.1/../../../arm-none-eabi/lib/thumb/v7e-m/nofp/libg_nano.a(lib_a-nano-freer.o)
__malloc_lock                                     /usr/lib/gcc/arm-none-eabi/10.3.1/../../../arm-none-eabi/lib/thumb/v7e-m/nofp/libg_nano.a(lib_a-mlock.o)
                                                  /usr/lib/gcc/arm-none-eabi/10.3.1/../../../arm-none-eabi/lib/thumb/v7e-m/nofp/libg_nano.a(lib_a-nano-mallocr.o)
                                                  /usr/lib/gcc/arm-none-eabi/10.3.1/../../../arm-none-eabi/lib/thumb/v7e-m/nofp/libg_nano.a(lib_a-nano-freer.o)
__malloc_sbrk_start                               /usr/lib/gcc/arm-none-eabi/10.3.1/../../../arm-none-eabi/lib/thumb/v7e-m/nofp/libg_nano.a(lib_a-nano-mallocr.o)
__malloc_unlock                                   /usr/lib/gcc/arm-none-eabi/10.3.1/../../../arm-none-eabi/lib/thumb/v7e-m/nofp/libg_nano.a(lib_a-mlock.o)
                                                  /usr/lib/gcc/arm-none-eabi/10.3.1/../../../arm-none-eabi/lib/thumb/v7e-m/nofp/libg_nano.a(lib_a-nano-mallocr.o)
                                                  /usr/lib/gcc/arm-none-eabi/10.3.1/../../../arm-none-eabi/lib/thumb/v7e-m/nofp/libg_nano.a(lib_a-nano-freer.o)
__on_exit_args                                    /usr/lib/gcc/arm-none-eabi/10.3.1/../../../arm-none-eabi/lib/thumb/v7e-m/nofp/libg_nano.a(lib_a-__atexit.o)
__preinit_array_end                               /usr/lib/gcc/arm-none-eabi/10.3.1/../../../arm-none-eabi/lib/thumb/v7e-m/nofp/libg_nano.a(lib_a-init.o)
__preinit_array_start                             /usr/lib/gcc/arm-none-eabi/10.3.1/../../../arm-none-eabi/lib/thumb/v7e-m/nofp/libg_nano.a(lib_a-init.o)
__register_exitproc                               /usr/lib/gcc/arm-none-eabi/10.3.1/../../../arm-none-eabi/lib/thumb/v7e-m/nofp/libg_nano.a(lib_a-__atexit.o)
                                                  /usr/lib/gcc/arm-none-eabi/10.3.1/../../../arm-none-eabi/lib/thumb/v7e-m/nofp/libg_nano.a(lib_a-atexit.o)
__register_frame_info                             /usr/lib/gcc/arm-none-eabi/10.3.1/thumb/v7e-m/nofp/crtbegin.o
__sf_fake_stderr                                  /usr/lib/gcc/arm-none-eabi/10.3.1/../../../arm-none-eabi/lib/thumb/v7e-m/nofp/libg_nano.a(lib_a-impure.o)
__sf_fake_stdin                                   /usr/lib/gcc/arm-none-eabi/10.3.1/../../../arm-none-eabi/lib/thumb/v7e-m/nofp/libg_nano.a(lib_a-impure.o)
__sf_fake_stdout                                  /usr/lib/gcc/arm-none-eabi/10.3.1/../../../arm-none-eabi/lib/thumb/v7e-m/nofp/libg_nano.a(lib_a-impure.o)
__ssprint_r                                       /usr/lib/gcc/arm-none-eabi/10.3.1/../../../arm-none-eabi/lib/thumb/v7e-m/nofp/libg_nano.a(lib_a-nano-svfprintf.o)
__ssputs_r                                        /usr/lib/gcc/arm-none-eabi/10.3.1/../../../arm-none-eabi/lib/thumb/v7e-m/nofp/libg_nano.a(lib_a-nano-svfprintf.o)
__stack                                           /usr/lib/gcc/arm-none-eabi/10.3.1/../../../arm-none-eabi/lib/thumb/v7e-m/nofp/crt0.o
_erelocate                                        objdir-CW308_SAM4S/startup_sam4s.o
_estack                                           objdir-CW308_SAM4S/startup_sam4s.o
_etext                                            objdir-CW308_SAM4S/startup_sam4s.o
_exit                                             /usr/lib/gcc/arm-none-eabi/10.3.1/../../../arm-none-eabi/lib/thumb/v7e-m/nofp/libnosys.a(_exit.o)
                                                  /usr/lib/gcc/arm-none-eabi/10.3.1/../../../arm-none-eabi/lib/thumb/v7e-m/nofp/libg_nano.a(lib_a-exit.o)
_ezero                                            objdir-CW308_SAM4S/startup_sam4s.o
_fini                                             /usr/lib/gcc/arm-none-eabi/10.3.1/thumb/v7e-m/nofp/crti.o
                                                  /usr/lib/gcc/arm-none-eabi/10.3.1/../../../arm-none-eabi/lib/thumb/v7e-m/nofp/libg_nano.a(lib_a-fini.o)
_free_r                                           /usr/lib/gcc/arm-none-eabi/10.3.1/../../../arm-none-eabi/lib/thumb/v7e-m/nofp/libg_nano.a(lib_a-nano-freer.o)
                                                  /usr/lib/gcc/arm-none-eabi/10.3.1/../../../arm-none-eabi/lib/thumb/v7e-m/nofp/libg_nano.a(lib_a-reent.o)
                                                  /usr/lib/gcc/arm-none-eabi/10.3.1/../../../arm-none-eabi/lib/thumb/v7e-m/nofp/libg_nano.a(lib_a-nano-reallocr.o)
                                                  /usr/lib/gcc/arm-none-eabi/10.3.1/../../../arm-none-eabi/lib/thumb/v7e-m/nofp/libg_nano.a(lib_a-nano-svfprintf.o)
_global_atexit                                    /usr/lib/gcc/arm-none-eabi/10.3.1/../../../arm-none-eabi/lib/thumb/v7e-m/nofp/libg_nano.a(lib_a-__call_atexit.o)
                                                  /usr/lib/gcc/arm-none-eabi/10.3.1/../../../arm-none-eabi/lib/thumb/v7e-m/nofp/libg_nano.a(lib_a-__atexit.o)
_global_impure_ptr                                /usr/lib/gcc/arm-none-eabi/10.3.1/../../../arm-none-eabi/lib/thumb/v7e-m/nofp/libg_nano.a(lib_a-impure.o)
                                                  /usr/lib/gcc/arm-none-eabi/10.3.1/../../../arm-none-eabi/lib/thumb/v7e-m/nofp/libg_nano.a(lib_a-exit.o)
_impure_ptr                                       /usr/lib/gcc/arm-none-eabi/10.3.1/../../../arm-none-eabi/lib/thumb/v7e-m/nofp/libg_nano.a(lib_a-impure.o)
                                                  /usr/lib/gcc/arm-none-eabi/10.3.1/../../../arm-none-eabi/lib/thumb/v7e-m/nofp/libg_nano.a(lib_a-reent.o)
                                                  /usr/lib/gcc/arm-none-eabi/10.3.1/../../../arm-none-eabi/lib/thumb/v7e-m/nofp/libg_nano.a(lib_a-sprintf.o)
_init                                             /usr/lib/gcc/arm-none-eabi/10.3.1/thumb/v7e-m/nofp/crti.o
                                                  /usr/lib/gcc/arm-none-eabi/10.3.1/../../../arm-none-eabi/lib/thumb/v7e-m/nofp/libg_nano.a(lib_a-init.o)
_mainCRTStartup                                   /usr/lib/gcc/arm-none-eabi/10.3.1/../../../arm-none-eabi/lib/thumb/v7e-m/nofp/crt0.o
_malloc_r                                         /usr/lib/gcc/arm-none-eabi/10.3.1/../../../arm-none-eabi/lib/thumb/v7e-m/nofp/libg_nano.a(lib_a-nano-mallocr.o)
                                                  /usr/lib/gcc/arm-none-eabi/10.3.1/../../../arm-none-eabi/lib/thumb/v7e-m/nofp/libg_nano.a(lib_a-nano-reallocr.o)
                                                  /usr/lib/gcc/arm-none-eabi/10.3.1/../../../arm-none-eabi/lib/thumb/v7e-m/nofp/libg_nano.a(lib_a-nano-svfprintf.o)
_malloc_usable_size_r                             /usr/lib/gcc/arm-none-eabi/10.3.1/../../../arm-none-eabi/lib/thumb/v7e-m/nofp/libg_nano.a(lib_a-nano-msizer.o)
                                                  /usr/lib/gcc/arm-none-eabi/10.3.1/../../../arm-none-eabi/lib/thumb/v7e-m/nofp/libg_nano.a(lib_a-nano-reallocr.o)
_printf_common                                    /usr/lib/gcc/arm-none-eabi/10.3.1/../../../arm-none-eabi/lib/thumb/v7e-m/nofp/libg_nano.a(lib_a-nano-vfprintf_i.o)
_printf_float                                     /usr/lib/gcc/arm-none-eabi/10.3.1/../../../arm-none-eabi/lib/thumb/v7e-m/nofp/libg_nano.a(lib_a-nano-svfprintf.o)
_printf_i                                         /usr/lib/gcc/arm-none-eabi/10.3.1/../../../arm-none-eabi/lib/thumb/v7e-m/nofp/libg_nano.a(lib_a-nano-vfprintf_i.o)
                                                  /usr/lib/gcc/arm-none-eabi/10.3.1/../../../arm-none-eabi/lib/thumb/v7e-m/nofp/libg_nano.a(lib_a-nano-svfprintf.o)
_realloc_r                                        /usr/lib/gcc/arm-none-eabi/10.3.1/../../../arm-none-eabi/lib/thumb/v7e-m/nofp/libg_nano.a(lib_a-nano-reallocr.o)
                                                  /usr/lib/gcc/arm-none-eabi/10.3.1/../../../arm-none-eabi/lib/thumb/v7e-m/nofp/libg_nano.a(lib_a-nano-svfprintf.o)
_reclaim_reent                                    /usr/lib/gcc/arm-none-eabi/10.3.1/../../../arm-none-eabi/lib/thumb/v7e-m/nofp/libg_nano.a(lib_a-reent.o)
_sbrk                                             /usr/lib/gcc/arm-none-eabi/10.3.1/../../../arm-none-eabi/lib/thumb/v7e-m/nofp/libnosys.a(sbrk.o)
                                                  /usr/lib/gcc/arm-none-eabi/10.3.1/../../../arm-none-eabi/lib/thumb/v7e-m/nofp/libg_nano.a(lib_a-sbrkr.o)
_sbrk_r                                           /usr/lib/gcc/arm-none-eabi/10.3.1/../../../arm-none-eabi/lib/thumb/v7e-m/nofp/libg_nano.a(lib_a-sbrkr.o)
                                                  /usr/lib/gcc/arm-none-eabi/10.3.1/../../../arm-none-eabi/lib/thumb/v7e-m/nofp/libg_nano.a(lib_a-nano-mallocr.o)
_sfixed                                           objdir-CW308_SAM4S/startup_sam4s.o
_siprintf_r                                       /usr/lib/gcc/arm-none-eabi/10.3.1/../../../arm-none-eabi/lib/thumb/v7e-m/nofp/libg_nano.a(lib_a-sprintf.o)
_sprintf_r                                        /usr/lib/gcc/arm-none-eabi/10.3.1/../../../arm-none-eabi/lib/thumb/v7e-m/nofp/libg_nano.a(lib_a-sprintf.o)
_srelocate                                        objdir-CW308_SAM4S/startup_sam4s.o
_stack_init                                       /usr/lib/gcc/arm-none-eabi/10.3.1/../../../arm-none-eabi/lib/thumb/v7e-m/nofp/crt0.o
_start                                            /usr/lib/gcc/arm-none-eabi/10.3.1/../../../arm-none-eabi/lib/thumb/v7e-m/nofp/crt0.o
_svfiprintf_r                                     /usr/lib/gcc/arm-none-eabi/10.3.1/../../../arm-none-eabi/lib/thumb/v7e-m/nofp/libg_nano.a(lib_a-nano-svfprintf.o)
_svfprintf_r                                      /usr/lib/gcc/arm-none-eabi/10.3.1/../../../arm-none-eabi/lib/thumb/v7e-m/nofp/libg_nano.a(lib_a-nano-svfprintf.o)
                                                  /usr/lib/gcc/arm-none-eabi/10.3.1/../../../arm-none-eabi/lib/thumb/v7e-m/nofp/libg_nano.a(lib_a-sprintf.o)
_szero                                            objdir-CW308_SAM4S/startup_sam4s.o
asciibuf                                          objdir-CW308_SAM4S/toeplitz_hashing.o
atexit                                            /usr/lib/gcc/arm-none-eabi/10.3.1/../../../arm-none-eabi/lib/thumb/v7e-m/nofp/libg_nano.a(lib_a-atexit.o)
                                                  /usr/lib/gcc/arm-none-eabi/10.3.1/../../../arm-none-eabi/lib/thumb/v7e-m/nofp/crt0.o
char_to_int_arr                                   objdir-CW308_SAM4S/toeplitz_hashing.o
check_version                                     objdir-CW308_SAM4S/simpleserial.o
cleanup_glue                                      /usr/lib/gcc/arm-none-eabi/10.3.1/../../../arm-none-eabi/lib/thumb/v7e-m/nofp/libg_nano.a(lib_a-reent.o)
end                                               /usr/lib/gcc/arm-none-eabi/10.3.1/../../../arm-none-eabi/lib/thumb/v7e-m/nofp/libnosys.a(sbrk.o)
errno                                             /usr/lib/gcc/arm-none-eabi/10.3.1/../../../arm-none-eabi/lib/thumb/v7e-m/nofp/libg_nano.a(lib_a-reent.o)
                                                  /usr/lib/gcc/arm-none-eabi/10.3.1/../../../arm-none-eabi/lib/thumb/v7e-m/nofp/libg_nano.a(lib_a-sbrkr.o)
exception_table                                   objdir-CW308_SAM4S/startup_sam4s.o
exit                                              /usr/lib/gcc/arm-none-eabi/10.3.1/../../../arm-none-eabi/lib/thumb/v7e-m/nofp/libg_nano.a(lib_a-exit.o)
                                                  /usr/lib/gcc/arm-none-eabi/10.3.1/../../../arm-none-eabi/lib/thumb/v7e-m/nofp/crt0.o
getch                                             objdir-CW308_SAM4S/sam4s_hal.o
                                                  objdir-CW308_SAM4S/simpleserial.o
                                                  objdir-CW308_SAM4S/toeplitz_hashing.o
hardware_init_hook                                /usr/lib/gcc/arm-none-eabi/10.3.1/../../../arm-none-eabi/lib/thumb/v7e-m/nofp/crt0.o
hex_decode                                        objdir-CW308_SAM4S/simpleserial.o
init_uart                                         objdir-CW308_SAM4S/sam4s_hal.o
                                                  objdir-CW308_SAM4S/toeplitz_hashing.o
int_to_char_arr                                   objdir-CW308_SAM4S/toeplitz_hashing.o
led_error                                         objdir-CW308_SAM4S/toeplitz_hashing.o
led_ok                                            objdir-CW308_SAM4S/toeplitz_hashing.o
long_delay                                        objdir-CW308_SAM4S/toeplitz_hashing.o
main                                              objdir-CW308_SAM4S/toeplitz_hashing.o
                                                  objdir-CW308_SAM4S/startup_sam4s.o
                                                  /usr/lib/gcc/arm-none-eabi/10.3.1/../../../arm-none-eabi/lib/thumb/v7e-m/nofp/crt0.o
malloc                                            /usr/lib/gcc/arm-none-eabi/10.3.1/../../../arm-none-eabi/lib/thumb/v7e-m/nofp/libg_nano.a(lib_a-__atexit.o)
memchr                                            /usr/lib/gcc/arm-none-eabi/10.3.1/../../../arm-none-eabi/lib/thumb/v7e-m/nofp/libg_nano.a(lib_a-memchr.o)
                                                  /usr/lib/gcc/arm-none-eabi/10.3.1/../../../arm-none-eabi/lib/thumb/v7e-m/nofp/libg_nano.a(lib_a-nano-vfprintf_i.o)
                                                  /usr/lib/gcc/arm-none-eabi/10.3.1/../../../arm-none-eabi/lib/thumb/v7e-m/nofp/libg_nano.a(lib_a-nano-svfprintf.o)
memcpy                                            /usr/lib/gcc/arm-none-eabi/10.3.1/../../../arm-none-eabi/lib/thumb/v7e-m/nofp/libg_nano.a(lib_a-memcpy.o)
                                                  /usr/lib/gcc/arm-none-eabi/10.3.1/../../../arm-none-eabi/lib/thumb/v7e-m/nofp/libg_nano.a(lib_a-nano-reallocr.o)
                                                  /usr/lib/gcc/arm-none-eabi/10.3.1/../../../arm-none-eabi/lib/thumb/v7e-m/nofp/libg_nano.a(lib_a-nano-svfprintf.o)
                                                  objdir-CW308_SAM4S/startup_sam4s.o
                                                  objdir-CW308_SAM4S/simpleserial.o
memmove                                           /usr/lib/gcc/arm-none-eabi/10.3.1/../../../arm-none-eabi/lib/thumb/v7e-m/nofp/libg_nano.a(lib_a-memmove.o)
                                                  /usr/lib/gcc/arm-none-eabi/10.3.1/../../../arm-none-eabi/lib/thumb/v7e-m/nofp/libg_nano.a(lib_a-nano-svfprintf.o)
memory                                            objdir-CW308_SAM4S/toeplitz_hashing.o
memset                                            /usr/lib/gcc/arm-none-eabi/10.3.1/../../../arm-none-eabi/lib/thumb/v7e-m/nofp/libg_nano.a(lib_a-memset.o)
                                                  objdir-CW308_SAM4S/startup_sam4s.o
                                                  objdir-CW308_SAM4S/toeplitz_hashing.o
                                                  /usr/lib/gcc/arm-none-eabi/10.3.1/../../../arm-none-eabi/lib/thumb/v7e-m/nofp/crt0.o
my_puts                                           objdir-CW308_SAM4S/toeplitz_hashing.o
my_read                                           objdir-CW308_SAM4S/toeplitz_hashing.o
pio_capture_disable                               objdir-CW308_SAM4S/pio.o
pio_capture_disable_interrupt                     objdir-CW308_SAM4S/pio.o
pio_capture_enable                                objdir-CW308_SAM4S/pio.o
pio_capture_enable_flag                           objdir-CW308_SAM4S/pio.o
pio_capture_enable_interrupt                      objdir-CW308_SAM4S/pio.o
pio_capture_get_interrupt_mask                    objdir-CW308_SAM4S/pio.o
pio_capture_get_interrupt_status                  objdir-CW308_SAM4S/pio.o
pio_capture_get_pdc_base                          objdir-CW308_SAM4S/pio.o
pio_capture_read                                  objdir-CW308_SAM4S/pio.o
pio_capture_set_mode                              objdir-CW308_SAM4S/pio.o
pio_clear                                         objdir-CW308_SAM4S/pio.o
pio_configure                                     objdir-CW308_SAM4S/pio.o
pio_configure_interrupt                           objdir-CW308_SAM4S/pio.o
pio_configure_pin                                 objdir-CW308_SAM4S/pio.o
                                                  objdir-CW308_SAM4S/sam4s_hal.o
pio_configure_pin_group                           objdir-CW308_SAM4S/pio.o
pio_disable_interrupt                             objdir-CW308_SAM4S/pio.o
pio_disable_output_write                          objdir-CW308_SAM4S/pio.o
pio_disable_pin_interrupt                         objdir-CW308_SAM4S/pio.o
pio_enable_interrupt                              objdir-CW308_SAM4S/pio.o
pio_enable_output_write                           objdir-CW308_SAM4S/pio.o
pio_enable_pin_interrupt                          objdir-CW308_SAM4S/pio.o
pio_get                                           objdir-CW308_SAM4S/pio.o
pio_get_interrupt_mask                            objdir-CW308_SAM4S/pio.o
pio_get_interrupt_status                          objdir-CW308_SAM4S/pio.o
pio_get_multi_driver_status                       objdir-CW308_SAM4S/pio.o
pio_get_output_data_status                        objdir-CW308_SAM4S/pio.o
pio_get_output_write_status                       objdir-CW308_SAM4S/pio.o
pio_get_pin_group                                 objdir-CW308_SAM4S/pio.o
pio_get_pin_group_id                              objdir-CW308_SAM4S/pio.o
pio_get_pin_group_mask                            objdir-CW308_SAM4S/pio.o
pio_get_pin_value                                 objdir-CW308_SAM4S/pio.o
pio_get_schmitt_trigger                           objdir-CW308_SAM4S/pio.o
pio_get_writeprotect_status                       objdir-CW308_SAM4S/pio.o
pio_pull_down                                     objdir-CW308_SAM4S/pio.o
pio_pull_up                                       objdir-CW308_SAM4S/pio.o
pio_set                                           objdir-CW308_SAM4S/pio.o
pio_set_additional_interrupt_mode                 objdir-CW308_SAM4S/pio.o
pio_set_debounce_filter                           objdir-CW308_SAM4S/pio.o
pio_set_input                                     objdir-CW308_SAM4S/pio.o
pio_set_multi_driver                              objdir-CW308_SAM4S/pio.o
pio_set_output                                    objdir-CW308_SAM4S/pio.o
pio_set_peripheral                                objdir-CW308_SAM4S/pio.o
pio_set_pin_group_high                            objdir-CW308_SAM4S/pio.o
pio_set_pin_group_low                             objdir-CW308_SAM4S/pio.o
pio_set_pin_high                                  objdir-CW308_SAM4S/pio.o
                                                  objdir-CW308_SAM4S/sam4s_hal.o
pio_set_pin_low                                   objdir-CW308_SAM4S/pio.o
                                                  objdir-CW308_SAM4S/sam4s_hal.o
pio_set_schmitt_trigger                           objdir-CW308_SAM4S/pio.o
pio_set_writeprotect                              objdir-CW308_SAM4S/pio.o
pio_sync_output_write                             objdir-CW308_SAM4S/pio.o
pio_toggle_pin                                    objdir-CW308_SAM4S/pio.o
pio_toggle_pin_group                              objdir-CW308_SAM4S/pio.o
platform_init                                     objdir-CW308_SAM4S/sam4s_hal.o
                                                  objdir-CW308_SAM4S/toeplitz_hashing.o
pmc_clr_fast_startup_input                        objdir-CW308_SAM4S/pmc.o
pmc_disable_all_pck                               objdir-CW308_SAM4S/pmc.o
pmc_disable_all_periph_clk                        objdir-CW308_SAM4S/pmc.o
pmc_disable_clock_failure_detector                objdir-CW308_SAM4S/pmc.o
pmc_disable_interrupt                             objdir-CW308_SAM4S/pmc.o
pmc_disable_pck                                   objdir-CW308_SAM4S/pmc.o
pmc_disable_periph_clk                            objdir-CW308_SAM4S/pmc.o
pmc_disable_pllack                                objdir-CW308_SAM4S/pmc.o
pmc_disable_pllbck                                objdir-CW308_SAM4S/pmc.o
pmc_disable_udpck                                 objdir-CW308_SAM4S/pmc.o
pmc_enable_all_pck                                objdir-CW308_SAM4S/pmc.o
pmc_enable_all_periph_clk                         objdir-CW308_SAM4S/pmc.o
pmc_enable_backupmode                             objdir-CW308_SAM4S/pmc.o
pmc_enable_clock_failure_detector                 objdir-CW308_SAM4S/pmc.o
pmc_enable_interrupt                              objdir-CW308_SAM4S/pmc.o
pmc_enable_pck                                    objdir-CW308_SAM4S/pmc.o
pmc_enable_periph_clk                             objdir-CW308_SAM4S/pmc.o
                                                  objdir-CW308_SAM4S/sam4s_hal.o
pmc_enable_pllack                                 objdir-CW308_SAM4S/pmc.o
pmc_enable_pllbck                                 objdir-CW308_SAM4S/pmc.o
pmc_enable_sleepmode                              objdir-CW308_SAM4S/pmc.o
pmc_enable_udpck                                  objdir-CW308_SAM4S/pmc.o
pmc_enable_waitmode                               objdir-CW308_SAM4S/pmc.o
pmc_get_interrupt_mask                            objdir-CW308_SAM4S/pmc.o
pmc_get_status                                    objdir-CW308_SAM4S/pmc.o
pmc_get_writeprotect_status                       objdir-CW308_SAM4S/pmc.o
pmc_is_locked_pllack                              objdir-CW308_SAM4S/pmc.o
pmc_is_locked_pllbck                              objdir-CW308_SAM4S/pmc.o
pmc_is_pck_enabled                                objdir-CW308_SAM4S/pmc.o
pmc_is_periph_clk_enabled                         objdir-CW308_SAM4S/pmc.o
pmc_mainck_osc_select                             objdir-CW308_SAM4S/pmc.o
pmc_mck_set_prescaler                             objdir-CW308_SAM4S/pmc.o
                                                  objdir-CW308_SAM4S/sysclk.o
pmc_mck_set_source                                objdir-CW308_SAM4S/pmc.o
                                                  objdir-CW308_SAM4S/sysclk.o
pmc_osc_bypass_main_xtal                          objdir-CW308_SAM4S/pmc.o
pmc_osc_disable_fastrc                            objdir-CW308_SAM4S/pmc.o
pmc_osc_disable_main_xtal                         objdir-CW308_SAM4S/pmc.o
pmc_osc_disable_xtal                              objdir-CW308_SAM4S/pmc.o
pmc_osc_enable_fastrc                             objdir-CW308_SAM4S/pmc.o
pmc_osc_enable_main_xtal                          objdir-CW308_SAM4S/pmc.o
pmc_osc_is_bypassed_main_xtal                     objdir-CW308_SAM4S/pmc.o
pmc_osc_is_ready_32kxtal                          objdir-CW308_SAM4S/pmc.o
pmc_osc_is_ready_fastrc                           objdir-CW308_SAM4S/pmc.o
pmc_osc_is_ready_main_xtal                        objdir-CW308_SAM4S/pmc.o
pmc_osc_is_ready_mainck                           objdir-CW308_SAM4S/pmc.o
                                                  objdir-CW308_SAM4S/sam4s_hal.o
pmc_pck_set_prescaler                             objdir-CW308_SAM4S/pmc.o
pmc_pck_set_source                                objdir-CW308_SAM4S/pmc.o
pmc_set_fast_startup_input                        objdir-CW308_SAM4S/pmc.o
pmc_set_flash_in_wait_mode                        objdir-CW308_SAM4S/pmc.o
pmc_set_writeprotect                              objdir-CW308_SAM4S/pmc.o
                                                  objdir-CW308_SAM4S/sam4s_hal.o
pmc_switch_mainck_to_fastrc                       objdir-CW308_SAM4S/pmc.o
pmc_switch_mainck_to_xtal                         objdir-CW308_SAM4S/pmc.o
                                                  objdir-CW308_SAM4S/sam4s_hal.o
pmc_switch_mck_to_mainck                          objdir-CW308_SAM4S/pmc.o
                                                  objdir-CW308_SAM4S/sam4s_hal.o
pmc_switch_mck_to_pllack                          objdir-CW308_SAM4S/pmc.o