   1              	 .cpu cortex-m4
   2              	 .eabi_attribute 20,1
   3              	 .eabi_attribute 21,1
   4              	 .eabi_attribute 23,3
   5              	 .eabi_attribute 24,1
   6              	 .eabi_attribute 25,1
   7              	 .eabi_attribute 26,1
   8              	 .eabi_attribute 30,4
   9              	 .eabi_attribute 34,1
  10              	 .eabi_attribute 18,4
  11              	 .file "toeplitz_hashing.c"
  12              	 .text
  13              	.Ltext0:
  14              	 .cfi_sections .debug_frame
  15              	 .section .text.led_ok,"ax",%progbits
  16              	 .align 1
  17              	 .weak led_ok
  18              	 .arch armv7e-m
  19              	 .syntax unified
  20              	 .thumb
  21              	 .thumb_func
  22              	 .fpu softvfp
  24              	led_ok:
  25              	.LVL0:
  26              	.LFB0:
  27              	 .file 1 ".././hal/hal.h"
   1:.././hal/hal.h **** /*
   2:.././hal/hal.h ****     This file is part of the ChipWhisperer Example Targets
   3:.././hal/hal.h ****     Copyright (C) 2012-2015 NewAE Technology Inc.
   4:.././hal/hal.h **** 
   5:.././hal/hal.h ****     This program is free software: you can redistribute it and/or modify
   6:.././hal/hal.h ****     it under the terms of the GNU General Public License as published by
   7:.././hal/hal.h ****     the Free Software Foundation, either version 3 of the License, or
   8:.././hal/hal.h ****     (at your option) any later version.
   9:.././hal/hal.h **** 
  10:.././hal/hal.h ****     This program is distributed in the hope that it will be useful,
  11:.././hal/hal.h ****     but WITHOUT ANY WARRANTY; without even the implied warranty of
  12:.././hal/hal.h ****     MERCHANTABILITY or FITNESS FOR A PARTICULAR PURPOSE.  See the
  13:.././hal/hal.h ****     GNU General Public License for more details.
  14:.././hal/hal.h **** 
  15:.././hal/hal.h ****     You should have received a copy of the GNU General Public License
  16:.././hal/hal.h ****     along with this program.  If not, see <http://www.gnu.org/licenses/>.
  17:.././hal/hal.h **** */
  18:.././hal/hal.h **** 
  19:.././hal/hal.h **** #ifndef HAL_H_
  20:.././hal/hal.h **** #define HAL_H_
  21:.././hal/hal.h **** 
  22:.././hal/hal.h **** #include <stdint.h>
  23:.././hal/hal.h **** 
  24:.././hal/hal.h **** void platform_init(void);
  25:.././hal/hal.h **** 
  26:.././hal/hal.h **** //PLATFORM Define Types
  27:.././hal/hal.h **** #define CW301_AVR      1
  28:.././hal/hal.h **** #define CW301_XMEGA    2
  29:.././hal/hal.h **** #define CW303          3
  30:.././hal/hal.h **** #define CW304          4
  31:.././hal/hal.h **** #define CW308_MEGARF   8
  32:.././hal/hal.h **** #define CW308_PIC24FJ  10
  33:.././hal/hal.h **** #define CW308_SAM4L    11
  34:.././hal/hal.h **** #define CW308_SI4010   12
  35:.././hal/hal.h **** #define CW308_MPC5748G 13
  36:.././hal/hal.h **** #define CW308_STM32F0  14
  37:.././hal/hal.h **** #define CW308_STM32F1  15
  38:.././hal/hal.h **** #define CW308_STM32F2  16
  39:.././hal/hal.h **** #define CW308_STM32F3  17
  40:.././hal/hal.h **** #define CW308_STM32F4  18
  41:.././hal/hal.h **** #define CW308_CC2538   19
  42:.././hal/hal.h **** #define CW308_K24F     20
  43:.././hal/hal.h **** #define CW308_NRF52840 21
  44:.././hal/hal.h **** #define CW308_AURIX    22
  45:.././hal/hal.h **** #define CW308_SAML11   23
  46:.././hal/hal.h **** #define CW308_EFM32TG11B 24
  47:.././hal/hal.h **** #define CW308_K82F     25
  48:.././hal/hal.h **** #define CW308_LPC55S6X 26
  49:.././hal/hal.h **** #define CW308_PSOC62   27
  50:.././hal/hal.h **** #define CW308_IMXRT1062 28
  51:.././hal/hal.h **** #define CW308_FE310    29
  52:.././hal/hal.h **** #define CW308_EFR32MG21A  30
  53:.././hal/hal.h **** #define CW308_EFM32GG11  31
  54:.././hal/hal.h **** #define CW308_STM32L5  32
  55:.././hal/hal.h **** #define CW308_STM32L4  33
  56:.././hal/hal.h **** #define CW308_RX65N  34
  57:.././hal/hal.h **** #define CW308_MPC5676R 35
  58:.././hal/hal.h **** #define CW308_NEORV32  36
  59:.././hal/hal.h **** #define CW305_IBEX  37
  60:.././hal/hal.h **** 
  61:.././hal/hal.h **** //HAL_TYPE Define Types
  62:.././hal/hal.h **** #define HAL_avr      1
  63:.././hal/hal.h **** #define HAL_xmega    2
  64:.././hal/hal.h **** #define HAL_pic24f   3
  65:.././hal/hal.h **** #define HAL_sam4l    4
  66:.././hal/hal.h **** #define HAL_stm32f0  5
  67:.././hal/hal.h **** #define HAL_stm32f1  6
  68:.././hal/hal.h **** #define HAL_stm32f2  7
  69:.././hal/hal.h **** #define HAL_stm32f3  8
  70:.././hal/hal.h **** #define HAL_stm32f4  9
  71:.././hal/hal.h **** #define HAL_cc2538   10
  72:.././hal/hal.h **** #define HAL_k24f     11
  73:.././hal/hal.h **** #define HAL_nrf52840 12
  74:.././hal/hal.h **** #define HAL_stm32f0_nano 13
  75:.././hal/hal.h **** #define HAL_aurix    14
  76:.././hal/hal.h **** #define HAL_saml11   15
  77:.././hal/hal.h **** #define HAL_efm32tg11b 16
  78:.././hal/hal.h **** #define HAL_k82f     17
  79:.././hal/hal.h **** #define HAL_lpc55s6x 18
  80:.././hal/hal.h **** #define HAL_psoc62   19
  81:.././hal/hal.h **** #define HAL_imxrt1062 20
  82:.././hal/hal.h **** #define HAL_fe310    21
  83:.././hal/hal.h **** #define HAL_efr32mg21a 22
  84:.././hal/hal.h **** #define HAL_efm32gg11 23
  85:.././hal/hal.h **** #define HAL_stm32l5 24
  86:.././hal/hal.h **** #define HAL_stm32l4 25
  87:.././hal/hal.h **** #define HAL_rx65n 26
  88:.././hal/hal.h **** #define HAL_mpc5676r 27
  89:.././hal/hal.h **** #define HAL_neorv32  28
  90:.././hal/hal.h **** #define HAL_sam4s  29
  91:.././hal/hal.h **** #define HAL_ibex  30
  92:.././hal/hal.h **** 
  93:.././hal/hal.h **** #if HAL_TYPE == HAL_avr
  94:.././hal/hal.h ****     #include <avr/io.h>
  95:.././hal/hal.h ****     #include <util/delay.h>
  96:.././hal/hal.h ****     #include "avr/avr_hal.h"
  97:.././hal/hal.h **** #elif HAL_TYPE == HAL_xmega
  98:.././hal/hal.h ****     #include <avr/io.h>
  99:.././hal/hal.h ****     #include <util/delay.h>
 100:.././hal/hal.h ****     #include "xmega/xmega_hal.h"
 101:.././hal/hal.h ****     #include "xmega/avr_compiler.h"
 102:.././hal/hal.h **** #elif HAL_TYPE == HAL_pic24f
 103:.././hal/hal.h ****     #include <xc.h>
 104:.././hal/hal.h ****     #include "pic24f/pic24f_hal.h"
 105:.././hal/hal.h ****     #include "pic24f/uart.h"
 106:.././hal/hal.h **** #elif HAL_TYPE == HAL_sam4l
 107:.././hal/hal.h ****     #include "sam4l/sam4l_hal.h"
 108:.././hal/hal.h **** #elif HAL_TYPE == HAL_stm32f0
 109:.././hal/hal.h **** 	#include "stm32f0/stm32f0_hal.h"
 110:.././hal/hal.h **** #elif HAL_TYPE == HAL_stm32f1
 111:.././hal/hal.h **** 	#include "stm32f1/stm32f1_hal.h"
 112:.././hal/hal.h **** #elif HAL_TYPE == HAL_stm32f2
 113:.././hal/hal.h **** 	#include "stm32f2/stm32f2_hal.h"
 114:.././hal/hal.h **** #elif HAL_TYPE == HAL_stm32f3
 115:.././hal/hal.h **** 	#include "stm32f3/stm32f3_hal.h"
 116:.././hal/hal.h **** 	#ifdef SECCAN
 117:.././hal/hal.h **** 		#include "stm32f3/stm32f3_hal_seccan.h"
 118:.././hal/hal.h **** 	#endif
 119:.././hal/hal.h **** #elif HAL_TYPE == HAL_stm32f4
 120:.././hal/hal.h **** 	#include "stm32f4/stm32f4_hal.h"
 121:.././hal/hal.h **** #elif HAL_TYPE == HAL_cc2538
 122:.././hal/hal.h **** 	#include "cc2538/cc2538_hal.h"
 123:.././hal/hal.h **** #elif HAL_TYPE == HAL_k24f
 124:.././hal/hal.h ****     #include "k24f/k24f_hal.h"
 125:.././hal/hal.h **** #elif HAL_TYPE == HAL_k82f
 126:.././hal/hal.h **** #include "k82f/k82f_hal.h"
 127:.././hal/hal.h **** #elif HAL_TYPE == HAL_nrf52840
 128:.././hal/hal.h ****     #include "nrf52840/nrf52840_hal.h"   
 129:.././hal/hal.h **** #elif HAL_TYPE == HAL_stm32f0_nano
 130:.././hal/hal.h ****     #include "stm32f0/stm32f0_hal.h" 
 131:.././hal/hal.h ****     void led_error(unsigned int status);
 132:.././hal/hal.h ****     void led_ok(unsigned int status);
 133:.././hal/hal.h **** #elif HAL_TYPE == HAL_aurix
 134:.././hal/hal.h ****     #include "aurix/aurix_hal.h"
 135:.././hal/hal.h **** #elif HAL_TYPE == HAL_saml11
 136:.././hal/hal.h ****      #include "saml11/saml11_hal.h"
 137:.././hal/hal.h **** #elif HAL_TYPE == HAL_efm32tg11b
 138:.././hal/hal.h ****      #include "efm32tg11b/efm32tg11b_hal.h"
 139:.././hal/hal.h **** #elif HAL_TYPE == HAL_lpc55s6x
 140:.././hal/hal.h ****      #include "lpc55s6x/lpc55s6x_hal.h"
 141:.././hal/hal.h **** #elif HAL_TYPE == HAL_psoc62
 142:.././hal/hal.h ****     #include "psoc62/psoc62_hal.h"
 143:.././hal/hal.h **** #elif HAL_TYPE == HAL_imxrt1062
 144:.././hal/hal.h ****     #include "imxrt1062/imxrt1062_hal.h"
 145:.././hal/hal.h **** #elif HAL_TYPE == HAL_fe310
 146:.././hal/hal.h ****     #include "fe310/fe310_hal.h"
 147:.././hal/hal.h **** #elif HAL_TYPE == HAL_efr32mg21a
 148:.././hal/hal.h ****     #include "efr32mg21a/efr32mg21a_hal.h"
 149:.././hal/hal.h **** #elif HAL_TYPE == HAL_efm32gg11
 150:.././hal/hal.h ****     #include "efm32gg11/efm32gg11_hal.h"
 151:.././hal/hal.h **** #elif HAL_TYPE == HAL_stm32l5
 152:.././hal/hal.h ****     #include "stm32l5/stm32l5_hal.h"
 153:.././hal/hal.h **** #elif HAL_TYPE == HAL_stm32l4
 154:.././hal/hal.h ****     #include "stm32l4/stm32l4_hal.h"
 155:.././hal/hal.h **** #elif HAL_TYPE == HAL_rx65n
 156:.././hal/hal.h ****     #include "rx65n/rx65n_hal.h"
 157:.././hal/hal.h **** #elif HAL_TYPE == HAL_mpc5676r
 158:.././hal/hal.h ****     #include "mpc5676r/MPC5676R_hal.h"
 159:.././hal/hal.h **** #elif HAL_TYPE == HAL_neorv32
 160:.././hal/hal.h ****     #include "neorv32/neorv32_hal.h"
 161:.././hal/hal.h **** #elif HAL_TYPE == HAL_sam4s
 162:.././hal/hal.h ****     #include "sam4s/sam4s_hal.h"
 163:.././hal/hal.h **** #elif HAL_TYPE == HAL_ibex
 164:.././hal/hal.h ****     #include "ibex/ibex_hal.h"
 165:.././hal/hal.h **** #else
 166:.././hal/hal.h ****     #error "Unsupported HAL Type"
 167:.././hal/hal.h **** #endif
 168:.././hal/hal.h **** 
 169:.././hal/hal.h **** #if PLATFORM == CW308_MEGARF
 170:.././hal/hal.h ****     #undef trigger_setup
 171:.././hal/hal.h ****     #undef trigger_high
 172:.././hal/hal.h ****     #undef trigger_low
 173:.././hal/hal.h ****     #define trigger_setup() DDRD |= 0x02
 174:.././hal/hal.h ****     #define trigger_high()  PORTD |= 0x02
 175:.././hal/hal.h ****     #define trigger_low()   PORTD &= ~(0x02)
 176:.././hal/hal.h ****     
 177:.././hal/hal.h ****     #define HW_AES128_Init();      AES_CTRL = 0x00;
 178:.././hal/hal.h **** 
 179:.././hal/hal.h ****     #define HW_AES128_LoadKey(key);  for (uint8_t i = 0; i < 16; i++){ \
 180:.././hal/hal.h ****                                      AES_KEY = *(key+i); \
 181:.././hal/hal.h ****                                   }
 182:.././hal/hal.h **** 
 183:.././hal/hal.h ****     #define HW_AES128_Enc(pt);  for (uint8_t i = 0; i < 16; i++){ \
 184:.././hal/hal.h ****                                     AES_STATE = *(pt+i); \
 185:.././hal/hal.h ****                                 } \
 186:.././hal/hal.h ****                                   \
 187:.././hal/hal.h ****                                 AES_CTRL |= 1<<AES_REQUEST; \
 188:.././hal/hal.h ****                                   \
 189:.././hal/hal.h ****                                 /*Wait for done  */ \
 190:.././hal/hal.h ****                                 while ((AES_STATUS & (1<<AES_DONE)) == 0){ \
 191:.././hal/hal.h ****                                     ; \
 192:.././hal/hal.h ****                                 } \
 193:.././hal/hal.h ****                                   \
 194:.././hal/hal.h ****                                 for (uint8_t i = 0; i < 16; i++){ \
 195:.././hal/hal.h ****                                     *(pt+i) = AES_STATE; \
 196:.././hal/hal.h ****                                 }
 197:.././hal/hal.h ****     
 198:.././hal/hal.h **** #endif
 199:.././hal/hal.h **** 
 200:.././hal/hal.h **** __attribute__((weak)) void led_ok(unsigned int status)
 201:.././hal/hal.h **** {
  28              	 .loc 1 201 1 view-0
  29              	 .cfi_startproc
  30              	 
  31              	 
  32              	 
 202:.././hal/hal.h **** }
  33              	 .loc 1 202 1 view .LVU1
  34 0000 7047     	 bx lr
  35              	 .cfi_endproc
  36              	.LFE0:
  38              	 .section .text.led_error,"ax",%progbits
  39              	 .align 1
  40              	 .weak led_error
  41              	 .syntax unified
  42              	 .thumb
  43              	 .thumb_func
  44              	 .fpu softvfp
  46              	led_error:
  47              	.LFB15:
  48              	 .cfi_startproc
  49              	 
  50              	 
  51              	 
  52 0000 7047     	 bx lr
  53              	 .cfi_endproc
  54              	.LFE15:
  56              	 .section .text.my_puts,"ax",%progbits
  57              	 .align 1
  58              	 .global my_puts
  59              	 .syntax unified
  60              	 .thumb
  61              	 .thumb_func
  62              	 .fpu softvfp
  64              	my_puts:
  65              	.LVL1:
  66              	.LFB5:
  67              	 .file 2 "toeplitz_hashing.c"
   1:toeplitz_hashing.c **** #include "hal.h"
   2:toeplitz_hashing.c **** #include <stdint.h>
   3:toeplitz_hashing.c **** #include <stdlib.h>
   4:toeplitz_hashing.c **** #include <stdio.h>
   5:toeplitz_hashing.c **** 
   6:toeplitz_hashing.c **** #define IDLE 0
   7:toeplitz_hashing.c **** #define KEY 1
   8:toeplitz_hashing.c **** #define PLAIN 2
   9:toeplitz_hashing.c **** 
  10:toeplitz_hashing.c **** #define BUFLEN 64
  11:toeplitz_hashing.c **** 
  12:toeplitz_hashing.c **** uint8_t memory[BUFLEN];
  13:toeplitz_hashing.c **** uint8_t tmp[BUFLEN];
  14:toeplitz_hashing.c **** char asciibuf[BUFLEN];
  15:toeplitz_hashing.c **** uint8_t pt[16];
  16:toeplitz_hashing.c **** 
  17:toeplitz_hashing.c **** static void delay_2_ms(void);
  18:toeplitz_hashing.c **** 
  19:toeplitz_hashing.c **** 
  20:toeplitz_hashing.c **** void my_puts(char *c)
  21:toeplitz_hashing.c **** {
  68              	 .loc 2 21 1 view-0
  69              	 .cfi_startproc
  70              	 
  71              	 
  72              	 .loc 2 21 1 is_stmt 0 view .LVU3
  73 0000 38B5     	 push {r3,r4,r5,lr}
  74              	.LCFI0:
  75              	 .cfi_def_cfa_offset 16
  76              	 .cfi_offset 3,-16
  77              	 .cfi_offset 4,-12
  78              	 .cfi_offset 5,-8
  79              	 .cfi_offset 14,-4
  80              	.LBB2:
  22:toeplitz_hashing.c ****   do {
  23:toeplitz_hashing.c ****     putch(*c);
  81              	 .loc 2 23 5 view .LVU4
  82 0002 044D     	 ldr r5,.L6
  83              	.LBE2:
  21:toeplitz_hashing.c ****   do {
  84              	 .loc 2 21 1 view .LVU5
  85 0004 0446     	 mov r4,r0
  86              	.LVL2:
  87              	.L4:
  22:toeplitz_hashing.c ****   do {
  88              	 .loc 2 22 3 is_stmt 1 discriminator 1 view .LVU6
  89              	.LBB3:
  90              	 .loc 2 23 5 discriminator 1 view .LVU7
  91 0006 2078     	 ldrb r0,[r4]
  92 0008 A847     	 blx r5
  93              	.LVL3:
  94              	.LBE3:
  24:toeplitz_hashing.c **** 
  25:toeplitz_hashing.c ****   } while (*++c);
  95              	 .loc 2 25 11 discriminator 1 view .LVU8
  96              	 .loc 2 25 3 is_stmt 0 discriminator 1 view .LVU9
  97 000a 14F8013F 	 ldrb r3,[r4,#1]!
  98              	.LVL4:
  99              	 .loc 2 25 3 discriminator 1 view .LVU10
 100 000e 002B     	 cmp r3,#0
 101 0010 F9D1     	 bne .L4
  26:toeplitz_hashing.c **** }
 102              	 .loc 2 26 1 view .LVU11
 103 0012 38BD     	 pop {r3,r4,r5,pc}
 104              	.LVL5:
 105              	.L7:
 106              	 .loc 2 26 1 view .LVU12
 107              	 .align 2
 108              	.L6:
 109 0014 00000000 	 .word putch
 110              	 .cfi_endproc
 111              	.LFE5:
 113              	 .section .text.my_read,"ax",%progbits
 114              	 .align 1
 115              	 .global my_read
 116              	 .syntax unified
 117              	 .thumb
 118              	 .thumb_func
 119              	 .fpu softvfp
 121              	my_read:
 122              	.LVL6:
 123              	.LFB7:
  27:toeplitz_hashing.c **** 
  28:toeplitz_hashing.c **** static void delay_2_ms()
  29:toeplitz_hashing.c **** {
  30:toeplitz_hashing.c ****   for (volatile unsigned int i=0; i < 0xfff; i++ ){
  31:toeplitz_hashing.c ****     ;
  32:toeplitz_hashing.c ****   }
  33:toeplitz_hashing.c **** }
  34:toeplitz_hashing.c **** 
  35:toeplitz_hashing.c **** void my_read(char *buf, int len)
  36:toeplitz_hashing.c **** {
 124              	 .loc 2 36 1 is_stmt 1 view-0
 125              	 .cfi_startproc
 126              	 
 127              	 
  37:toeplitz_hashing.c ****   for(int i = 0; i < len; i++) {
 128              	 .loc 2 37 3 view .LVU14
 129              	.LBB4:
 130              	 .loc 2 37 7 view .LVU15
 131              	 .loc 2 37 7 is_stmt 0 view .LVU16
 132              	.LBE4:
  36:toeplitz_hashing.c ****   for(int i = 0; i < len; i++) {
 133              	 .loc 2 36 1 view .LVU17
 134 0000 2DE9F041 	 push {r4,r5,r6,r7,r8,lr}
 135              	.LCFI1:
 136              	 .cfi_def_cfa_offset 24
 137              	 .cfi_offset 4,-24
 138              	 .cfi_offset 5,-20
 139              	 .cfi_offset 6,-16
 140              	 .cfi_offset 7,-12
 141              	 .cfi_offset 8,-8
 142              	 .cfi_offset 14,-4
 143              	.LBB7:
 144              	.LBB5:
  38:toeplitz_hashing.c ****     while (buf[i] = getch(), buf[i] == '\0');
 145              	 .loc 2 38 21 view .LVU18
 146 0004 DFF83080 	 ldr r8,.L17
 147              	.LBE5:
 148              	.LBE7:
  36:toeplitz_hashing.c ****   for(int i = 0; i < len; i++) {
 149              	 .loc 2 36 1 view .LVU19
 150 0008 0446     	 mov r4,r0
 151 000a 0E46     	 mov r6,r1
 152              	.LBB8:
  37:toeplitz_hashing.c ****   for(int i = 0; i < len; i++) {
 153              	 .loc 2 37 11 view .LVU20
 154 000c 0025     	 movs r5,#0
 155              	.LVL7:
 156              	.L9:
  37:toeplitz_hashing.c ****   for(int i = 0; i < len; i++) {
 157              	 .loc 2 37 18 is_stmt 1 discriminator 1 view .LVU21
  37:toeplitz_hashing.c ****   for(int i = 0; i < len; i++) {
 158              	 .loc 2 37 3 is_stmt 0 discriminator 1 view .LVU22
 159 000e B542     	 cmp r5,r6
 160 0010 0DDA     	 bge .L16
 161 0012 6719     	 adds r7,r4,r5
 162              	.L10:
 163              	.LBB6:
 164              	 .loc 2 38 45 is_stmt 1 discriminator 1 view .LVU23
 165              	 .loc 2 38 11 discriminator 1 view .LVU24
 166              	 .loc 2 38 21 is_stmt 0 discriminator 1 view .LVU25
 167 0014 C047     	 blx r8
 168              	.LVL8:
 169              	 .loc 2 38 19 discriminator 1 view .LVU26
 170 0016 C0B2     	 uxtb r0,r0
 171 0018 6055     	 strb r0,[r4,r5]
 172              	 .loc 2 38 11 discriminator 1 view .LVU27
 173 001a 0028     	 cmp r0,#0
 174 001c FAD0     	 beq .L10
 175              	.LBE6:
  39:toeplitz_hashing.c **** 
  40:toeplitz_hashing.c ****     if (buf[i] == '\n') {
 176              	 .loc 2 40 5 is_stmt 1 view .LVU28
 177              	 .loc 2 40 8 is_stmt 0 view .LVU29
 178 001e 0A28     	 cmp r0,#10
 179 0020 03D1     	 bne .L11
  41:toeplitz_hashing.c ****       buf[i] = '\0';
 180              	 .loc 2 41 7 is_stmt 1 view .LVU30
 181              	 .loc 2 41 14 is_stmt 0 view .LVU31
 182 0022 0023     	 movs r3,#0
 183 0024 3B70     	 strb r3,[r7]
  42:toeplitz_hashing.c ****       return;
 184              	 .loc 2 42 7 is_stmt 1 view .LVU32
 185              	.LVL9:
 186              	.L8:
 187              	 .loc 2 42 7 is_stmt 0 view .LVU33
 188              	.LBE8:
  43:toeplitz_hashing.c ****     }
  44:toeplitz_hashing.c ****   }
  45:toeplitz_hashing.c ****   buf[len - 1] = '\0';
  46:toeplitz_hashing.c **** }
 189              	 .loc 2 46 1 view .LVU34
 190 0026 BDE8F081 	 pop {r4,r5,r6,r7,r8,pc}
 191              	.LVL10:
 192              	.L11:
 193              	.LBB9:
  37:toeplitz_hashing.c ****     while (buf[i] = getch(), buf[i] == '\0');
 194              	 .loc 2 37 27 is_stmt 1 discriminator 2 view .LVU35
  37:toeplitz_hashing.c ****     while (buf[i] = getch(), buf[i] == '\0');
 195              	 .loc 2 37 28 is_stmt 0 discriminator 2 view .LVU36
 196 002a 0135     	 adds r5,r5,#1
 197              	.LVL11:
  37:toeplitz_hashing.c ****     while (buf[i] = getch(), buf[i] == '\0');
 198              	 .loc 2 37 28 discriminator 2 view .LVU37
 199 002c EFE7     	 b .L9
 200              	.L16:
  37:toeplitz_hashing.c ****     while (buf[i] = getch(), buf[i] == '\0');
 201              	 .loc 2 37 28 discriminator 2 view .LVU38
 202              	.LBE9:
  45:toeplitz_hashing.c **** }
 203              	 .loc 2 45 3 is_stmt 1 view .LVU39
  45:toeplitz_hashing.c **** }
 204              	 .loc 2 45 16 is_stmt 0 view .LVU40
 205 002e 3444     	 add r4,r4,r6
 206              	.LVL12:
  45:toeplitz_hashing.c **** }
 207              	 .loc 2 45 16 view .LVU41
 208 0030 0023     	 movs r3,#0
 209 0032 04F8013C 	 strb r3,[r4,#-1]
 210 0036 F6E7     	 b .L8
 211              	.L18:
 212              	 .align 2
 213              	.L17:
 214 0038 00000000 	 .word getch
 215              	 .cfi_endproc
 216              	.LFE7:
 218              	 .section .text.char_to_int_arr,"ax",%progbits
 219              	 .align 1
 220              	 .global char_to_int_arr
 221              	 .syntax unified
 222              	 .thumb
 223              	 .thumb_func
 224              	 .fpu softvfp
 226              	char_to_int_arr:
 227              	.LVL13:
 228              	.LFB8:
  47:toeplitz_hashing.c **** 
  48:toeplitz_hashing.c **** 
  49:toeplitz_hashing.c **** void char_to_int_arr(char *c_arr, int *i_arr, int len){
 229              	 .loc 2 49 55 is_stmt 1 view-0
 230              	 .cfi_startproc
 231              	 
 232              	 
  50:toeplitz_hashing.c ****   for(int i = 0; i < len; i++){
 233              	 .loc 2 50 3 view .LVU43
 234              	.LBB10:
 235              	 .loc 2 50 7 view .LVU44
 236              	 .loc 2 50 7 is_stmt 0 view .LVU45
 237              	.LBE10:
  49:toeplitz_hashing.c ****   for(int i = 0; i < len; i++){
 238              	 .loc 2 49 55 view .LVU46
 239 0000 10B5     	 push {r4,lr}
 240              	.LCFI2:
 241              	 .cfi_def_cfa_offset 8
 242              	 .cfi_offset 4,-8
 243              	 .cfi_offset 14,-4
 244              	.LBB11:
 245              	 .loc 2 50 11 view .LVU47
 246 0002 0023     	 movs r3,#0
 247              	.LVL14:
 248              	.L20:
 249              	 .loc 2 50 18 is_stmt 1 discriminator 1 view .LVU48
 250              	 .loc 2 50 3 is_stmt 0 discriminator 1 view .LVU49
 251 0004 9342     	 cmp r3,r2
 252 0006 00DB     	 blt .L21
 253              	.LBE11:
  51:toeplitz_hashing.c ****     i_arr[i] = c_arr[i] - '0';
  52:toeplitz_hashing.c ****   }
  53:toeplitz_hashing.c **** }
 254              	 .loc 2 53 1 view .LVU50
 255 0008 10BD     	 pop {r4,pc}
 256              	.L21:
 257              	.LBB12:
  51:toeplitz_hashing.c ****     i_arr[i] = c_arr[i] - '0';
 258              	 .loc 2 51 5 is_stmt 1 discriminator 3 view .LVU51
  51:toeplitz_hashing.c ****     i_arr[i] = c_arr[i] - '0';
 259              	 .loc 2 51 21 is_stmt 0 discriminator 3 view .LVU52
 260 000a C45C     	 ldrb r4,[r0,r3]
  51:toeplitz_hashing.c ****     i_arr[i] = c_arr[i] - '0';
 261              	 .loc 2 51 25 discriminator 3 view .LVU53
 262 000c 303C     	 subs r4,r4,#48
  51:toeplitz_hashing.c ****     i_arr[i] = c_arr[i] - '0';
 263              	 .loc 2 51 14 discriminator 3 view .LVU54
 264 000e 41F82340 	 str r4,[r1,r3,lsl#2]
  50:toeplitz_hashing.c ****     i_arr[i] = c_arr[i] - '0';
 265              	 .loc 2 50 27 is_stmt 1 discriminator 3 view .LVU55
  50:toeplitz_hashing.c ****     i_arr[i] = c_arr[i] - '0';
 266              	 .loc 2 50 28 is_stmt 0 discriminator 3 view .LVU56
 267 0012 0133     	 adds r3,r3,#1
 268              	.LVL15:
  50:toeplitz_hashing.c ****     i_arr[i] = c_arr[i] - '0';
 269              	 .loc 2 50 28 discriminator 3 view .LVU57
 270 0014 F6E7     	 b .L20
 271              	.LBE12:
 272              	 .cfi_endproc
 273              	.LFE8:
 275              	 .section .text.int_to_char_arr,"ax",%progbits
 276              	 .align 1
 277              	 .global int_to_char_arr
 278              	 .syntax unified
 279              	 .thumb
 280              	 .thumb_func
 281              	 .fpu softvfp
 283              	int_to_char_arr:
 284              	.LVL16:
 285              	.LFB9:
  54:toeplitz_hashing.c **** 
  55:toeplitz_hashing.c **** void int_to_char_arr(int *i_arr, char *c_arr, int len){
 286              	 .loc 2 55 55 is_stmt 1 view-0
 287              	 .cfi_startproc
 288              	 
 289              	 
  56:toeplitz_hashing.c ****   for(int i = 0; i < len; i++){
 290              	 .loc 2 56 3 view .LVU59
 291              	.LBB13:
 292              	 .loc 2 56 7 view .LVU60
 293              	 .loc 2 56 7 is_stmt 0 view .LVU61
 294              	.LBE13:
  55:toeplitz_hashing.c ****   for(int i = 0; i < len; i++){
 295              	 .loc 2 55 55 view .LVU62
 296 0000 10B5     	 push {r4,lr}
 297              	.LCFI3:
 298              	 .cfi_def_cfa_offset 8
 299              	 .cfi_offset 4,-8
 300              	 .cfi_offset 14,-4
 301              	.LBB14:
 302              	 .loc 2 56 11 view .LVU63
 303 0002 0023     	 movs r3,#0
 304              	.LVL17:
 305              	.L23:
 306              	 .loc 2 56 18 is_stmt 1 discriminator 1 view .LVU64
 307              	 .loc 2 56 3 is_stmt 0 discriminator 1 view .LVU65
 308 0004 9342     	 cmp r3,r2
 309 0006 00DB     	 blt .L24
 310              	.LBE14:
  57:toeplitz_hashing.c ****     c_arr[i] = i_arr[i] + '0';
  58:toeplitz_hashing.c ****   }
  59:toeplitz_hashing.c **** }
 311              	 .loc 2 59 1 view .LVU66
 312 0008 10BD     	 pop {r4,pc}
 313              	.L24:
 314              	.LBB15:
  57:toeplitz_hashing.c ****     c_arr[i] = i_arr[i] + '0';
 315              	 .loc 2 57 5 is_stmt 1 discriminator 3 view .LVU67
  57:toeplitz_hashing.c ****     c_arr[i] = i_arr[i] + '0';
 316              	 .loc 2 57 25 is_stmt 0 discriminator 3 view .LVU68
 317 000a 50F82340 	 ldr r4,[r0,r3,lsl#2]
 318 000e 3034     	 adds r4,r4,#48
  57:toeplitz_hashing.c ****     c_arr[i] = i_arr[i] + '0';
 319              	 .loc 2 57 14 discriminator 3 view .LVU69
 320 0010 CC54     	 strb r4,[r1,r3]
  56:toeplitz_hashing.c ****     c_arr[i] = i_arr[i] + '0';
 321              	 .loc 2 56 27 is_stmt 1 discriminator 3 view .LVU70
  56:toeplitz_hashing.c ****     c_arr[i] = i_arr[i] + '0';
 322              	 .loc 2 56 28 is_stmt 0 discriminator 3 view .LVU71
 323 0012 0133     	 adds r3,r3,#1
 324              	.LVL18:
  56:toeplitz_hashing.c ****     c_arr[i] = i_arr[i] + '0';
 325              	 .loc 2 56 28 discriminator 3 view .LVU72
 326 0014 F6E7     	 b .L23
 327              	.LBE15:
 328              	 .cfi_endproc
 329              	.LFE9:
 331              	 .section .text.long_delay,"ax",%progbits
 332              	 .align 1
 333              	 .global long_delay
 334              	 .syntax unified
 335              	 .thumb
 336              	 .thumb_func
 337              	 .fpu softvfp
 339              	long_delay:
 340              	.LFB10:
  60:toeplitz_hashing.c **** 
  61:toeplitz_hashing.c **** void long_delay(){
 341              	 .loc 2 61 18 is_stmt 1 view-0
 342              	 .cfi_startproc
 343              	 
 344              	 
 345              	 
  62:toeplitz_hashing.c ****   for(int i = 0; i < 1000; i++){
 346              	 .loc 2 62 3 view .LVU74
 347              	.LBB16:
 348              	 .loc 2 62 7 view .LVU75
 349              	.LVL19:
 350              	 .loc 2 62 18 view .LVU76
 351              	.LBE16:
  61:toeplitz_hashing.c ****   for(int i = 0; i < 1000; i++){
 352              	 .loc 2 61 18 is_stmt 0 view .LVU77
 353 0000 4FF47A73 	 mov r3,#1000
 354              	.LVL20:
 355              	.L26:
 356              	.LBB17:
  63:toeplitz_hashing.c ****     asm volatile(
 357              	 .loc 2 63 5 is_stmt 1 discriminator 3 view .LVU78
 358              	 .syntax unified
 359              	
 360 0004 00BF     	 nop
 361 0006 00BF     	 nop
 362 0008 00BF     	 nop
 363 000a 00BF     	 nop
 364 000c 00BF     	 nop
 365 000e 00BF     	 nop
 366 0010 00BF     	 nop
 367 0012 00BF     	 nop
 368 0014 00BF     	 nop
 369 0016 00BF     	 nop
 370              	 
 371              	
  62:toeplitz_hashing.c ****   for(int i = 0; i < 1000; i++){
 372              	 .loc 2 62 28 discriminator 3 view .LVU79
 373              	.LVL21:
  62:toeplitz_hashing.c ****   for(int i = 0; i < 1000; i++){
 374              	 .loc 2 62 18 discriminator 3 view .LVU80
  62:toeplitz_hashing.c ****   for(int i = 0; i < 1000; i++){
 375              	 .loc 2 62 3 is_stmt 0 discriminator 3 view .LVU81
 376              	 .thumb
 377              	 .syntax unified
 378 0018 013B     	 subs r3,r3,#1
 379              	.LVL22:
  62:toeplitz_hashing.c ****   for(int i = 0; i < 1000; i++){
 380              	 .loc 2 62 3 discriminator 3 view .LVU82
 381 001a F3D1     	 bne .L26
 382              	.LBE17:
  64:toeplitz_hashing.c ****     "nop"       "\n\t"
  65:toeplitz_hashing.c ****     "nop"       "\n\t"
  66:toeplitz_hashing.c ****     "nop"       "\n\t"
  67:toeplitz_hashing.c ****     "nop"       "\n\t"
  68:toeplitz_hashing.c ****     "nop"       "\n\t"
  69:toeplitz_hashing.c ****     "nop"       "\n\t"
  70:toeplitz_hashing.c ****     "nop"       "\n\t"
  71:toeplitz_hashing.c ****     "nop"       "\n\t"
  72:toeplitz_hashing.c ****     "nop"       "\n\t"
  73:toeplitz_hashing.c ****     "nop"       "\n\t"
  74:toeplitz_hashing.c ****     ::
  75:toeplitz_hashing.c ****     );
  76:toeplitz_hashing.c ****   }
  77:toeplitz_hashing.c **** }
 383              	 .loc 2 77 1 view .LVU83
 384 001c 7047     	 bx lr
 385              	 .cfi_endproc
 386              	.LFE10:
 388              	 .section .text.toeplitz_hash,"ax",%progbits
 389              	 .align 1
 390              	 .global toeplitz_hash
 391              	 .syntax unified
 392              	 .thumb
 393              	 .thumb_func
 394              	 .fpu softvfp
 396              	toeplitz_hash:
 397              	.LVL23:
 398              	.LFB11:
  78:toeplitz_hashing.c **** 
  79:toeplitz_hashing.c **** void toeplitz_hash(int *row_spec, int *col_spec, int *ec_key, int *pa_key, int pa_len, int l_key){
 399              	 .loc 2 79 98 is_stmt 1 view-0
 400              	 .cfi_startproc
 401              	 
 402              	 
  80:toeplitz_hashing.c ****   long_delay();
 403              	 .loc 2 80 3 view .LVU85
  79:toeplitz_hashing.c ****   long_delay();
 404              	 .loc 2 79 98 is_stmt 0 view .LVU86
 405 0000 2DE9F84F 	 push {r3,r4,r5,r6,r7,r8,r9,r10,fp,lr}
 406              	.LCFI4:
 407              	 .cfi_def_cfa_offset 40
 408              	 .cfi_offset 3,-40
 409              	 .cfi_offset 4,-36
 410              	 .cfi_offset 5,-32
 411              	 .cfi_offset 6,-28
 412              	 .cfi_offset 7,-24
 413              	 .cfi_offset 8,-20
 414              	 .cfi_offset 9,-16
 415              	 .cfi_offset 10,-12
 416              	 .cfi_offset 11,-8
 417              	 .cfi_offset 14,-4
 418              	 .loc 2 80 3 view .LVU87
 419 0004 164C     	 ldr r4,.L36
  79:toeplitz_hashing.c ****   long_delay();
 420              	 .loc 2 79 98 view .LVU88
 421 0006 8946     	 mov r9,r1
 422 0008 1946     	 mov r1,r3
 423              	.LVL24:
 424              	 .loc 2 80 3 view .LVU89
 425 000a A047     	 blx r4
 426              	.LVL25:
  81:toeplitz_hashing.c ****   for(int j = 0; j < pa_len; j++){
 427              	 .loc 2 81 3 is_stmt 1 view .LVU90
 428              	.LBB18:
 429              	 .loc 2 81 7 view .LVU91
 430              	 .loc 2 81 7 is_stmt 0 view .LVU92
 431              	.LBE18:
  79:toeplitz_hashing.c ****   long_delay();
 432              	 .loc 2 79 98 view .LVU93
 433 000c 8346     	 mov fp,r0
 434              	.LBB23:
 435              	 .loc 2 81 11 view .LVU94
 436 000e 0025     	 movs r5,#0
 437 0010 6FF0030A 	 mvn r10,#3
 438              	.LVL26:
 439              	.L29:
 440              	 .loc 2 81 18 is_stmt 1 discriminator 1 view .LVU95
 441              	 .loc 2 81 3 is_stmt 0 discriminator 1 view .LVU96
 442 0014 0A9B     	 ldr r3,[sp,#40]
 443 0016 9D42     	 cmp r5,r3
 444 0018 20DA     	 bge .L28
 445 001a 09EB8506 	 add r6,r9,r5,lsl#2
 446 001e 0AFB05B8 	 mla r8,r10,r5,fp
 447              	.LBB19:
  82:toeplitz_hashing.c ****     for(int i = 0; i < l_key; i++){
 448              	 .loc 2 82 13 view .LVU97
 449 0022 0020     	 movs r0,#0
 450 0024 11E0     	 b .L34
 451              	.LVL27:
 452              	.L32:
 453              	.LBB20:
  83:toeplitz_hashing.c ****       int intermediate_val = 0;
 454              	 .loc 2 83 7 is_stmt 1 view .LVU98
  84:toeplitz_hashing.c ****       if(i >= j){
 455              	 .loc 2 84 7 view .LVU99
 456              	 .loc 2 84 9 is_stmt 0 view .LVU100
 457 0026 8542     	 cmp r5,r0
 458 0028 15DC     	 bgt .L30
  85:toeplitz_hashing.c ****         
  86:toeplitz_hashing.c ****         long_delay();
 459              	 .loc 2 86 9 is_stmt 1 view .LVU101
 460 002a A047     	 blx r4
 461              	.LVL28:
  87:toeplitz_hashing.c ****         intermediate_val = row_spec[i-j]*ec_key[i];
 462              	 .loc 2 87 9 view .LVU102
 463              	 .loc 2 87 26 is_stmt 0 view .LVU103
 464 002c 58F82030 	 ldr r3,[r8,r0,lsl#2]
 465              	.L35:
  88:toeplitz_hashing.c ****         long_delay();
  89:toeplitz_hashing.c ****         pa_key[j] = (pa_key[j] + intermediate_val)%2;
  90:toeplitz_hashing.c ****       }
  91:toeplitz_hashing.c ****       else{
  92:toeplitz_hashing.c ****         long_delay();
  93:toeplitz_hashing.c ****         intermediate_val = col_spec[j-i]*ec_key[i];
 466              	 .loc 2 93 26 view .LVU104
 467 0030 52F82070 	 ldr r7,[r2,r0,lsl#2]
 468 0034 5F43     	 muls r7,r3,r7
 469              	.LVL29:
  94:toeplitz_hashing.c ****         long_delay();
 470              	 .loc 2 94 9 is_stmt 1 view .LVU105
 471 0036 A047     	 blx r4
 472              	.LVL30:
  95:toeplitz_hashing.c ****         pa_key[j] = (pa_key[j] + intermediate_val)%2;
 473              	 .loc 2 95 9 view .LVU106
 474              	 .loc 2 95 51 is_stmt 0 view .LVU107
 475 0038 0B68     	 ldr r3,[r1]
 476 003a FF18     	 adds r7,r7,r3
 477              	.LVL31:
 478              	 .loc 2 95 51 view .LVU108
 479 003c 07F00107 	 and r7,r7,#1
 480 0040 48BF     	 it mi
 481 0042 7F42     	 rsbmi r7,r7,#0
 482              	 .loc 2 95 19 view .LVU109
 483 0044 0F60     	 str r7,[r1]
 484              	.LBE20:
  82:toeplitz_hashing.c ****       int intermediate_val = 0;
 485              	 .loc 2 82 31 is_stmt 1 view .LVU110
  82:toeplitz_hashing.c ****       int intermediate_val = 0;
 486              	 .loc 2 82 32 is_stmt 0 view .LVU111
 487 0046 0130     	 adds r0,r0,#1
 488              	.LVL32:
  82:toeplitz_hashing.c ****       int intermediate_val = 0;
 489              	 .loc 2 82 32 view .LVU112
 490 0048 043E     	 subs r6,r6,#4
 491              	.LVL33:
 492              	.L34:
  82:toeplitz_hashing.c ****       int intermediate_val = 0;
 493              	 .loc 2 82 20 is_stmt 1 discriminator 1 view .LVU113
  82:toeplitz_hashing.c ****       int intermediate_val = 0;
 494              	 .loc 2 82 5 is_stmt 0 discriminator 1 view .LVU114
 495 004a 0B9B     	 ldr r3,[sp,#44]
 496 004c 9842     	 cmp r0,r3
 497 004e EADB     	 blt .L32
 498              	.LBE19:
  81:toeplitz_hashing.c ****     for(int i = 0; i < l_key; i++){
 499              	 .loc 2 81 30 is_stmt 1 discriminator 2 view .LVU115
  81:toeplitz_hashing.c ****     for(int i = 0; i < l_key; i++){
 500              	 .loc 2 81 31 is_stmt 0 discriminator 2 view .LVU116
 501 0050 0135     	 adds r5,r5,#1
 502              	.LVL34:
  81:toeplitz_hashing.c ****     for(int i = 0; i < l_key; i++){
 503              	 .loc 2 81 31 discriminator 2 view .LVU117
 504 0052 0431     	 adds r1,r1,#4
 505 0054 DEE7     	 b .L29
 506              	.LVL35:
 507              	.L30:
 508              	.LBB22:
 509              	.LBB21:
  92:toeplitz_hashing.c ****         intermediate_val = col_spec[j-i]*ec_key[i];
 510              	 .loc 2 92 9 is_stmt 1 view .LVU118
 511 0056 A047     	 blx r4
 512              	.LVL36:
  93:toeplitz_hashing.c ****         long_delay();
 513              	 .loc 2 93 9 view .LVU119
  93:toeplitz_hashing.c ****         long_delay();
 514              	 .loc 2 93 26 is_stmt 0 view .LVU120
 515 0058 3368     	 ldr r3,[r6]
 516 005a E9E7     	 b .L35
 517              	.LVL37:
 518              	.L28:
  93:toeplitz_hashing.c ****         long_delay();
 519              	 .loc 2 93 26 view .LVU121
 520              	.LBE21:
 521              	.LBE22:
 522              	.LBE23:
  96:toeplitz_hashing.c ****       }
  97:toeplitz_hashing.c ****     }
  98:toeplitz_hashing.c ****   }
  99:toeplitz_hashing.c **** }
 523              	 .loc 2 99 1 view .LVU122
 524 005c BDE8F88F 	 pop {r3,r4,r5,r6,r7,r8,r9,r10,fp,pc}
 525              	.LVL38:
 526              	.L37:
 527              	 .loc 2 99 1 view .LVU123
 528              	 .align 2
 529              	.L36:
 530 0060 00000000 	 .word long_delay
 531              	 .cfi_endproc
 532              	.LFE11:
 534              	 .section .rodata.print_int_array_serial.str1.1,"aMS",%progbits,1
 535              	.LC0:
 536 0000 25642000 	 .ascii "%d \000"
 537              	 .section .text.print_int_array_serial,"ax",%progbits
 538              	 .align 1
 539              	 .global print_int_array_serial
 540              	 .syntax unified
 541              	 .thumb
 542              	 .thumb_func
 543              	 .fpu softvfp
 545              	print_int_array_serial:
 546              	.LVL39:
 547              	.LFB12:
 100:toeplitz_hashing.c **** 
 101:toeplitz_hashing.c **** void print_int_array_serial(const int *arr, int len) {
 548              	 .loc 2 101 54 is_stmt 1 view-0
 549              	 .cfi_startproc
 550              	 
 551              	 
 102:toeplitz_hashing.c ****     char buffer[16]; // Temporary buffer to hold string representations of integers
 552              	 .loc 2 102 5 view .LVU125
 103:toeplitz_hashing.c ****     for (int i = 0; i < len; i++) {
 553              	 .loc 2 103 5 view .LVU126
 554              	.LBB24:
 555              	 .loc 2 103 10 view .LVU127
 556              	 .loc 2 103 10 is_stmt 0 view .LVU128
 557              	.LBE24:
 101:toeplitz_hashing.c ****     char buffer[16]; // Temporary buffer to hold string representations of integers
 558              	 .loc 2 101 54 view .LVU129
 559 0000 2DE9F043 	 push {r4,r5,r6,r7,r8,r9,lr}
 560              	.LCFI5:
 561              	 .cfi_def_cfa_offset 28
 562              	 .cfi_offset 4,-28
 563              	 .cfi_offset 5,-24
 564              	 .cfi_offset 6,-20
 565              	 .cfi_offset 7,-16
 566              	 .cfi_offset 8,-12
 567              	 .cfi_offset 9,-8
 568              	 .cfi_offset 14,-4
 569              	.LBB30:
 104:toeplitz_hashing.c ****         // Convert integer to string
 105:toeplitz_hashing.c ****         sprintf(buffer, "%d ", arr[i]);
 570              	 .loc 2 105 9 view .LVU130
 571 0004 DFF83880 	 ldr r8,.L43
 572              	.LBB25:
 573              	.LBB26:
 106:toeplitz_hashing.c ****         
 107:toeplitz_hashing.c ****         // Send the string over serial
 108:toeplitz_hashing.c ****         for (char *ptr = buffer; *ptr != '\0'; ptr++) {
 109:toeplitz_hashing.c ****             putch(*ptr); // Send each character
 574              	 .loc 2 109 13 view .LVU131
 575 0008 DFF83890 	 ldr r9,.L43+4
 576              	.LBE26:
 577              	.LBE25:
 578              	.LBE30:
 101:toeplitz_hashing.c ****     char buffer[16]; // Temporary buffer to hold string representations of integers
 579              	 .loc 2 101 54 view .LVU132
 580 000c 85B0     	 sub sp,sp,#20
 581              	.LCFI6:
 582              	 .cfi_def_cfa_offset 48
 101:toeplitz_hashing.c ****     char buffer[16]; // Temporary buffer to hold string representations of integers
 583              	 .loc 2 101 54 view .LVU133
 584 000e 0746     	 mov r7,r0
 585 0010 0E46     	 mov r6,r1
 586              	.LBB31:
 103:toeplitz_hashing.c ****         // Convert integer to string
 587              	 .loc 2 103 14 view .LVU134
 588 0012 0025     	 movs r5,#0
 589              	.LVL40:
 590              	.L39:
 103:toeplitz_hashing.c ****         // Convert integer to string
 591              	 .loc 2 103 21 is_stmt 1 discriminator 1 view .LVU135
 103:toeplitz_hashing.c ****         // Convert integer to string
 592              	 .loc 2 103 5 is_stmt 0 discriminator 1 view .LVU136
 593 0014 B542     	 cmp r5,r6
 594 0016 05DB     	 blt .L42
 595              	.LBE31:
 110:toeplitz_hashing.c ****         }
 111:toeplitz_hashing.c ****     }
 112:toeplitz_hashing.c ****     putch('\n'); // Add a newline for better readability
 596              	 .loc 2 112 5 is_stmt 1 view .LVU137
 597 0018 0A4B     	 ldr r3,.L43+4
 598 001a 0A20     	 movs r0,#10
 599 001c 9847     	 blx r3
 600              	.LVL41:
 113:toeplitz_hashing.c **** }
 601              	 .loc 2 113 1 is_stmt 0 view .LVU138
 602 001e 05B0     	 add sp,sp,#20
 603              	.LCFI7:
 604              	 .cfi_remember_state
 605              	 .cfi_def_cfa_offset 28
 606              	 
 607 0020 BDE8F083 	 pop {r4,r5,r6,r7,r8,r9,pc}
 608              	.LVL42:
 609              	.L42:
 610              	.LCFI8:
 611              	 .cfi_restore_state
 612              	.LBB32:
 105:toeplitz_hashing.c ****         
 613              	 .loc 2 105 9 is_stmt 1 view .LVU139
 614 0024 57F82520 	 ldr r2,[r7,r5,lsl#2]
 615 0028 074B     	 ldr r3,.L43+8
 616 002a 4146     	 mov r1,r8
 617 002c 6846     	 mov r0,sp
 618 002e 9847     	 blx r3
 619              	.LVL43:
 108:toeplitz_hashing.c ****             putch(*ptr); // Send each character
 620              	 .loc 2 108 9 view .LVU140
 621              	.LBB28:
 108:toeplitz_hashing.c ****             putch(*ptr); // Send each character
 622              	 .loc 2 108 14 view .LVU141
 108:toeplitz_hashing.c ****             putch(*ptr); // Send each character
 623              	 .loc 2 108 14 is_stmt 0 view .LVU142
 624 0030 6C46     	 mov r4,sp
 625              	.LVL44:
 626              	.L40:
 108:toeplitz_hashing.c ****             putch(*ptr); // Send each character
 627              	 .loc 2 108 34 is_stmt 1 discriminator 1 view .LVU143
 628 0032 14F8010B 	 ldrb r0,[r4],#1
 629              	.LVL45:
 108:toeplitz_hashing.c ****             putch(*ptr); // Send each character
 630              	 .loc 2 108 9 is_stmt 0 discriminator 1 view .LVU144
 631 0036 08B9     	 cbnz r0,.L41
 632              	.LBE28:
 103:toeplitz_hashing.c ****         // Convert integer to string
 633              	 .loc 2 103 30 is_stmt 1 discriminator 2 view .LVU145
 103:toeplitz_hashing.c ****         // Convert integer to string
 634              	 .loc 2 103 31 is_stmt 0 discriminator 2 view .LVU146
 635 0038 0135     	 adds r5,r5,#1
 636              	.LVL46:
 103:toeplitz_hashing.c ****         // Convert integer to string
 637              	 .loc 2 103 31 discriminator 2 view .LVU147
 638 003a EBE7     	 b .L39
 639              	.L41:
 640              	.LBB29:
 641              	.LBB27:
 109:toeplitz_hashing.c ****         }
 642              	 .loc 2 109 13 is_stmt 1 discriminator 3 view .LVU148
 643 003c C847     	 blx r9
 644              	.LVL47:
 645              	.LBE27:
 108:toeplitz_hashing.c ****             putch(*ptr); // Send each character
 646              	 .loc 2 108 48 discriminator 3 view .LVU149
 108:toeplitz_hashing.c ****             putch(*ptr); // Send each character
 647              	 .loc 2 108 48 is_stmt 0 discriminator 3 view .LVU150
 648 003e F8E7     	 b .L40
 649              	.L44:
 650              	 .align 2
 651              	.L43:
 652 0040 00000000 	 .word .LC0
 653 0044 00000000 	 .word putch
 654 0048 00000000 	 .word sprintf
 655              	.LBE29:
 656              	.LBE32:
 657              	 .cfi_endproc
 658              	.LFE12:
 660              	 .section .rodata.main.str1.1,"aMS",%progbits,1
 661              	.LC1:
 662 0000 0A0A2A2A 	 .ascii "\012\012****Provide Toeplitz Matrix Specification**"
 662      2A2A5072 
 662      6F766964 
 662      6520546F 
 662      65706C69 
 663 002d 2A2A2A0A 	 .ascii "***\012\000"
 663      00
 664              	.LC2:
 665 0032 0A0A00   	 .ascii "\012\012\000"
 666              	.LC3:
 667 0035 506C6561 	 .ascii "Please enter row spec (size l_key): \000"
 667      73652065 
 667      6E746572 
 667      20726F77 
 667      20737065 
 668              	.LC4:
 669 005a 0A00     	 .ascii "\012\000"
 670              	.LC5:
 671 005c 506C6561 	 .ascii "Please enter col spec (size pa_len): \000"
 671      73652065 
 671      6E746572 
 671      20636F6C 
 671      20737065 
 672              	.LC6:
 673 0082 506C6561 	 .ascii "Please enter Error Corrected Key (size l_key): \000"
 673      73652065 
 673      6E746572 
 673      20457272 
 673      6F722043 
 674              	.LC7:
 675 00b2 5041204B 	 .ascii "PA KEY: \000"
 675      45593A20 
 675      00
 676              	 .section .text.startup.main,"ax",%progbits
 677              	 .align 1
 678              	 .global main
 679              	 .syntax unified
 680              	 .thumb
 681              	 .thumb_func
 682              	 .fpu softvfp
 684              	main:
 685              	.LFB13:
 114:toeplitz_hashing.c **** 
 115:toeplitz_hashing.c **** int main(void)
 116:toeplitz_hashing.c **** {
 686              	 .loc 2 116 1 is_stmt 1 view-0
 687              	 .cfi_startproc
 688              	 
 689              	 
 117:toeplitz_hashing.c ****     platform_init();
 690              	 .loc 2 117 5 view .LVU152
 116:toeplitz_hashing.c ****     platform_init();
 691              	 .loc 2 116 1 is_stmt 0 view .LVU153
 692 0000 2DE9F04F 	 push {r4,r5,r6,r7,r8,r9,r10,fp,lr}
 693              	.LCFI9:
 694              	 .cfi_def_cfa_offset 36
 695              	 .cfi_offset 4,-36
 696              	 .cfi_offset 5,-32
 697              	 .cfi_offset 6,-28
 698              	 .cfi_offset 7,-24
 699              	 .cfi_offset 8,-20
 700              	 .cfi_offset 9,-16
 701              	 .cfi_offset 10,-12
 702              	 .cfi_offset 11,-8
 703              	 .cfi_offset 14,-4
 704              	 .loc 2 117 5 view .LVU154
 705 0004 3D4B     	 ldr r3,.L49
 706              	.LBB38:
 118:toeplitz_hashing.c ****     init_uart();
 119:toeplitz_hashing.c ****     trigger_setup();
 120:toeplitz_hashing.c **** 
 121:toeplitz_hashing.c ****     int pa_len = 8; //place holder sizes
 122:toeplitz_hashing.c ****     int l_key = 10;
 123:toeplitz_hashing.c **** 
 124:toeplitz_hashing.c ****     char row_spec[l_key];
 125:toeplitz_hashing.c ****     char col_spec[pa_len];
 126:toeplitz_hashing.c ****     char ec_key[l_key];
 127:toeplitz_hashing.c ****     char pa_key[pa_len];
 128:toeplitz_hashing.c **** 
 129:toeplitz_hashing.c ****     int row_spec_i[l_key];
 130:toeplitz_hashing.c ****     int col_spec_i[pa_len];
 131:toeplitz_hashing.c ****     int ec_key_i[l_key];
 132:toeplitz_hashing.c ****     int pa_key_i[pa_len];
 133:toeplitz_hashing.c **** 
 134:toeplitz_hashing.c ****     for(int i = 0; i < pa_len; i ++){
 135:toeplitz_hashing.c ****       pa_key[i] = '0';
 136:toeplitz_hashing.c ****       pa_key_i[i] = 0;
 137:toeplitz_hashing.c ****     }
 138:toeplitz_hashing.c **** 
 139:toeplitz_hashing.c ****     while(1){
 140:toeplitz_hashing.c **** 
 141:toeplitz_hashing.c ****         my_puts("\n\n****Provide Toeplitz Matrix Specification*****\n");
 142:toeplitz_hashing.c ****         delay_2_ms();
 143:toeplitz_hashing.c ****         my_puts("\n\n");
 144:toeplitz_hashing.c **** 
 145:toeplitz_hashing.c ****         trigger_low();
 146:toeplitz_hashing.c **** 
 147:toeplitz_hashing.c ****         //Get Row spec
 148:toeplitz_hashing.c ****         my_puts("Please enter row spec (size l_key): ");
 149:toeplitz_hashing.c ****         my_read(row_spec, l_key+1);
 150:toeplitz_hashing.c **** 
 151:toeplitz_hashing.c ****         trigger_high();
 152:toeplitz_hashing.c **** 
 153:toeplitz_hashing.c ****         my_puts(row_spec);
 154:toeplitz_hashing.c ****         char_to_int_arr(row_spec, row_spec_i, l_key);
 155:toeplitz_hashing.c ****         my_puts("\n");
 707              	 .loc 2 155 9 view .LVU155
 708 0006 3E4D     	 ldr r5,.L49+4
 709              	.LBE38:
 116:toeplitz_hashing.c ****     platform_init();
 710              	 .loc 2 116 1 view .LVU156
 711 0008 B3B0     	 sub sp,sp,#204
 712              	.LCFI10:
 713              	 .cfi_def_cfa_offset 240
 117:toeplitz_hashing.c ****     init_uart();
 714              	 .loc 2 117 5 view .LVU157
 715 000a 9847     	 blx r3
 716              	.LVL48:
 118:toeplitz_hashing.c ****     init_uart();
 717              	 .loc 2 118 5 is_stmt 1 view .LVU158
 718 000c 3D4B     	 ldr r3,.L49+8
 719 000e 9847     	 blx r3
 720              	.LVL49:
 119:toeplitz_hashing.c **** 
 721              	 .loc 2 119 5 view .LVU159
 722 0010 3D4B     	 ldr r3,.L49+12
 723 0012 9847     	 blx r3
 724              	.LVL50:
 121:toeplitz_hashing.c ****     int l_key = 10;
 725              	 .loc 2 121 5 view .LVU160
 122:toeplitz_hashing.c **** 
 726              	 .loc 2 122 5 view .LVU161
 124:toeplitz_hashing.c ****     char col_spec[pa_len];
 727              	 .loc 2 124 5 view .LVU162
 125:toeplitz_hashing.c ****     char ec_key[l_key];
 728              	 .loc 2 125 5 view .LVU163
 126:toeplitz_hashing.c ****     char pa_key[pa_len];
 729              	 .loc 2 126 5 view .LVU164
 127:toeplitz_hashing.c **** 
 730              	 .loc 2 127 5 view .LVU165
 129:toeplitz_hashing.c ****     int col_spec_i[pa_len];
 731              	 .loc 2 129 5 view .LVU166
 130:toeplitz_hashing.c ****     int ec_key_i[l_key];
 732              	 .loc 2 130 5 view .LVU167
 131:toeplitz_hashing.c ****     int pa_key_i[pa_len];
 733              	 .loc 2 131 5 view .LVU168
 132:toeplitz_hashing.c **** 
 734              	 .loc 2 132 5 view .LVU169
 134:toeplitz_hashing.c ****       pa_key[i] = '0';
 735              	 .loc 2 134 5 view .LVU170
 736              	.LBB44:
 134:toeplitz_hashing.c ****       pa_key[i] = '0';
 737              	 .loc 2 134 9 view .LVU171
 134:toeplitz_hashing.c ****       pa_key[i] = '0';
 738              	 .loc 2 134 20 view .LVU172
 135:toeplitz_hashing.c ****       pa_key_i[i] = 0;
 739              	 .loc 2 135 17 is_stmt 0 view .LVU173
 740 0014 4FF03033 	 mov r3,#808464432
 741 0018 CDE90633 	 strd r3,r3,[sp,#24]
 136:toeplitz_hashing.c ****     }
 742              	 .loc 2 136 19 view .LVU174
 743 001c 2022     	 movs r2,#32
 744 001e 3B4B     	 ldr r3,.L49+16
 745 0020 0021     	 movs r1,#0
 746 0022 16A8     	 add r0,sp,#88
 747              	.LVL51:
 136:toeplitz_hashing.c ****     }
 748              	 .loc 2 136 19 view .LVU175
 749 0024 9847     	 blx r3
 750              	.LVL52:
 136:toeplitz_hashing.c ****     }
 751              	 .loc 2 136 19 view .LVU176
 752              	.LBE44:
 753              	.LBB45:
 154:toeplitz_hashing.c ****         my_puts("\n");
 754              	 .loc 2 154 9 view .LVU177
 755 0026 4FF00A0B 	 mov fp,#10
 756              	.L48:
 757              	.LBE45:
 139:toeplitz_hashing.c **** 
 758              	 .loc 2 139 5 is_stmt 1 discriminator 1 view .LVU178
 759              	.LBB46:
 141:toeplitz_hashing.c ****         delay_2_ms();
 760              	 .loc 2 141 9 discriminator 1 view .LVU179
 761 002a 3948     	 ldr r0,.L49+20
 762 002c 394C     	 ldr r4,.L49+24
 763 002e A047     	 blx r4
 764              	.LVL53:
 142:toeplitz_hashing.c ****         my_puts("\n\n");
 765              	 .loc 2 142 9 discriminator 1 view .LVU180
 766              	.LBB39:
 767              	.LBI39:
  28:toeplitz_hashing.c **** {
 768              	 .loc 2 28 13 discriminator 1 view .LVU181
 769              	.LBE39:
 770              	.LBE46:
  30:toeplitz_hashing.c ****     ;
 771              	 .loc 2 30 3 discriminator 1 view .LVU182
 772              	.LBB47:
 773              	.LBB42:
 774              	.LBB40:
  30:toeplitz_hashing.c ****     ;
 775              	 .loc 2 30 8 discriminator 1 view .LVU183
  30:toeplitz_hashing.c ****     ;
 776              	 .loc 2 30 30 is_stmt 0 discriminator 1 view .LVU184
 777 0030 0023     	 movs r3,#0
 778 0032 0393     	 str r3,[sp,#12]
  30:toeplitz_hashing.c ****     ;
 779              	 .loc 2 30 3 discriminator 1 view .LVU185
 780 0034 40F6FE72 	 movw r2,#4094
 781              	.L46:
  30:toeplitz_hashing.c ****     ;
 782              	 .loc 2 30 35 is_stmt 1 view .LVU186
  30:toeplitz_hashing.c ****     ;
 783              	 .loc 2 30 37 is_stmt 0 view .LVU187
 784 0038 039B     	 ldr r3,[sp,#12]
  30:toeplitz_hashing.c ****     ;
 785              	 .loc 2 30 3 view .LVU188
 786 003a 9342     	 cmp r3,r2
 787 003c 5AD9     	 bls .L47
 788              	.LBE40:
 789              	.LBE42:
 143:toeplitz_hashing.c **** 
 790              	 .loc 2 143 9 is_stmt 1 discriminator 1 view .LVU189
 145:toeplitz_hashing.c **** 
 791              	 .loc 2 145 9 is_stmt 0 discriminator 1 view .LVU190
 792 003e DFF8D8A0 	 ldr r10,.L49+28
 143:toeplitz_hashing.c **** 
 793              	 .loc 2 143 9 discriminator 1 view .LVU191
 794 0042 3648     	 ldr r0,.L49+32
 149:toeplitz_hashing.c **** 
 795              	 .loc 2 149 9 discriminator 1 view .LVU192
 796 0044 DFF8D890 	 ldr r9,.L49+36
 151:toeplitz_hashing.c **** 
 797              	 .loc 2 151 9 discriminator 1 view .LVU193
 798 0048 DFF8D880 	 ldr r8,.L49+40
 154:toeplitz_hashing.c ****         my_puts("\n");
 799              	 .loc 2 154 9 discriminator 1 view .LVU194
 800 004c 364F     	 ldr r7,.L49+44
 156:toeplitz_hashing.c ****         print_int_array_serial(row_spec_i,l_key);
 801              	 .loc 2 156 9 discriminator 1 view .LVU195
 802 004e 374E     	 ldr r6,.L49+48
 143:toeplitz_hashing.c **** 
 803              	 .loc 2 143 9 discriminator 1 view .LVU196
 804 0050 A047     	 blx r4
 805              	.LVL54:
 145:toeplitz_hashing.c **** 
 806              	 .loc 2 145 9 is_stmt 1 discriminator 1 view .LVU197
 807 0052 D047     	 blx r10
 808              	.LVL55:
 148:toeplitz_hashing.c ****         my_read(row_spec, l_key+1);
 809              	 .loc 2 148 9 discriminator 1 view .LVU198
 810 0054 3648     	 ldr r0,.L49+52
 811 0056 A047     	 blx r4
 812              	.LVL56:
 149:toeplitz_hashing.c **** 
 813              	 .loc 2 149 9 discriminator 1 view .LVU199
 814 0058 0B21     	 movs r1,#11
 815 005a 08A8     	 add r0,sp,#32
 816              	.LVL57:
 149:toeplitz_hashing.c **** 
 817              	 .loc 2 149 9 is_stmt 0 discriminator 1 view .LVU200
 818 005c C847     	 blx r9
 819              	.LVL58:
 151:toeplitz_hashing.c **** 
 820              	 .loc 2 151 9 is_stmt 1 discriminator 1 view .LVU201
 821 005e C047     	 blx r8
 822              	.LVL59:
 153:toeplitz_hashing.c ****         char_to_int_arr(row_spec, row_spec_i, l_key);
 823              	 .loc 2 153 9 discriminator 1 view .LVU202
 824 0060 08A8     	 add r0,sp,#32
 825              	.LVL60:
 153:toeplitz_hashing.c ****         char_to_int_arr(row_spec, row_spec_i, l_key);
 826              	 .loc 2 153 9 is_stmt 0 discriminator 1 view .LVU203
 827 0062 A047     	 blx r4
 828              	.LVL61:
 154:toeplitz_hashing.c ****         my_puts("\n");
 829              	 .loc 2 154 9 is_stmt 1 discriminator 1 view .LVU204
 830 0064 0A22     	 movs r2,#10
 831 0066 1EA9     	 add r1,sp,#120
 832              	.LVL62:
 154:toeplitz_hashing.c ****         my_puts("\n");
 833              	 .loc 2 154 9 is_stmt 0 discriminator 1 view .LVU205
 834 0068 08A8     	 add r0,sp,#32
 835              	.LVL63:
 154:toeplitz_hashing.c ****         my_puts("\n");
 836              	 .loc 2 154 9 discriminator 1 view .LVU206
 837 006a B847     	 blx r7
 838              	.LVL64:
 155:toeplitz_hashing.c ****         print_int_array_serial(row_spec_i,l_key);
 839              	 .loc 2 155 9 is_stmt 1 discriminator 1 view .LVU207
 840 006c 2846     	 mov r0,r5
 841              	.LVL65:
 155:toeplitz_hashing.c ****         print_int_array_serial(row_spec_i,l_key);
 842              	 .loc 2 155 9 is_stmt 0 discriminator 1 view .LVU208
 843 006e A047     	 blx r4
 844              	.LVL66:
 845              	 .loc 2 156 9 is_stmt 1 discriminator 1 view .LVU209
 846 0070 0A21     	 movs r1,#10
 847 0072 1EA8     	 add r0,sp,#120
 848              	.LVL67:
 849              	 .loc 2 156 9 is_stmt 0 discriminator 1 view .LVU210
 850 0074 B047     	 blx r6
 851              	.LVL68:
 157:toeplitz_hashing.c ****         my_puts("\n");
 852              	 .loc 2 157 9 is_stmt 1 discriminator 1 view .LVU211
 853 0076 2846     	 mov r0,r5
 854 0078 A047     	 blx r4
 855              	.LVL69:
 158:toeplitz_hashing.c **** 
 159:toeplitz_hashing.c **** 
 160:toeplitz_hashing.c ****         trigger_low();
 856              	 .loc 2 160 9 discriminator 1 view .LVU212
 857 007a D047     	 blx r10
 858              	.LVL70:
 161:toeplitz_hashing.c **** 
 162:toeplitz_hashing.c ****         //Get coloumn spec
 163:toeplitz_hashing.c ****         my_puts("Please enter col spec (size pa_len): ");
 859              	 .loc 2 163 9 discriminator 1 view .LVU213
 860 007c 2D48     	 ldr r0,.L49+56
 861 007e A047     	 blx r4
 862              	.LVL71:
 164:toeplitz_hashing.c ****         my_read(col_spec, pa_len+1);
 863              	 .loc 2 164 9 discriminator 1 view .LVU214
 864 0080 0921     	 movs r1,#9
 865 0082 04A8     	 add r0,sp,#16
 866              	.LVL72:
 867              	 .loc 2 164 9 is_stmt 0 discriminator 1 view .LVU215
 868 0084 C847     	 blx r9
 869              	.LVL73:
 165:toeplitz_hashing.c **** 
 166:toeplitz_hashing.c ****         trigger_high();
 870              	 .loc 2 166 9 is_stmt 1 discriminator 1 view .LVU216
 871 0086 C047     	 blx r8
 872              	.LVL74:
 167:toeplitz_hashing.c **** 
 168:toeplitz_hashing.c ****         my_puts(col_spec);
 873              	 .loc 2 168 9 discriminator 1 view .LVU217
 874 0088 04A8     	 add r0,sp,#16
 875              	.LVL75:
 876              	 .loc 2 168 9 is_stmt 0 discriminator 1 view .LVU218
 877 008a A047     	 blx r4
 878              	.LVL76:
 169:toeplitz_hashing.c ****         char_to_int_arr(col_spec, col_spec_i, pa_len);
 879              	 .loc 2 169 9 is_stmt 1 discriminator 1 view .LVU219
 880 008c 0822     	 movs r2,#8
 881 008e 0EA9     	 add r1,sp,#56
 882              	.LVL77:
 883              	 .loc 2 169 9 is_stmt 0 discriminator 1 view .LVU220
 884 0090 04A8     	 add r0,sp,#16
 885              	.LVL78:
 886              	 .loc 2 169 9 discriminator 1 view .LVU221
 887 0092 B847     	 blx r7
 888              	.LVL79:
 170:toeplitz_hashing.c ****         my_puts("\n");
 889              	 .loc 2 170 9 is_stmt 1 discriminator 1 view .LVU222
 890 0094 2846     	 mov r0,r5
 891              	.LVL80:
 892              	 .loc 2 170 9 is_stmt 0 discriminator 1 view .LVU223
 893 0096 A047     	 blx r4
 894              	.LVL81:
 171:toeplitz_hashing.c ****         print_int_array_serial(col_spec_i, pa_len);
 895              	 .loc 2 171 9 is_stmt 1 discriminator 1 view .LVU224
 896 0098 0821     	 movs r1,#8
 897 009a 0EA8     	 add r0,sp,#56
 898              	.LVL82:
 899              	 .loc 2 171 9 is_stmt 0 discriminator 1 view .LVU225
 900 009c B047     	 blx r6
 901              	.LVL83:
 172:toeplitz_hashing.c ****         my_puts("\n");
 902              	 .loc 2 172 9 is_stmt 1 discriminator 1 view .LVU226
 903 009e 2846     	 mov r0,r5
 904 00a0 A047     	 blx r4
 905              	.LVL84:
 173:toeplitz_hashing.c **** 
 174:toeplitz_hashing.c ****         trigger_low();
 906              	 .loc 2 174 9 discriminator 1 view .LVU227
 907 00a2 D047     	 blx r10
 908              	.LVL85:
 175:toeplitz_hashing.c **** 
 176:toeplitz_hashing.c ****         //Get EC key
 177:toeplitz_hashing.c ****         my_puts("Please enter Error Corrected Key (size l_key): ");
 909              	 .loc 2 177 9 discriminator 1 view .LVU228
 910 00a4 2448     	 ldr r0,.L49+60
 911 00a6 A047     	 blx r4
 912              	.LVL86:
 178:toeplitz_hashing.c ****         my_read(ec_key, l_key+1);
 913              	 .loc 2 178 9 discriminator 1 view .LVU229
 914 00a8 0B21     	 movs r1,#11
 915 00aa 0BA8     	 add r0,sp,#44
 916              	.LVL87:
 917              	 .loc 2 178 9 is_stmt 0 discriminator 1 view .LVU230
 918 00ac C847     	 blx r9
 919              	.LVL88:
 179:toeplitz_hashing.c **** 
 180:toeplitz_hashing.c ****         trigger_high();
 920              	 .loc 2 180 9 is_stmt 1 discriminator 1 view .LVU231
 921 00ae C047     	 blx r8
 922              	.LVL89:
 181:toeplitz_hashing.c **** 
 182:toeplitz_hashing.c ****         my_puts(ec_key);
 923              	 .loc 2 182 9 discriminator 1 view .LVU232
 924 00b0 0BA8     	 add r0,sp,#44
 925              	.LVL90:
 926              	 .loc 2 182 9 is_stmt 0 discriminator 1 view .LVU233
 927 00b2 A047     	 blx r4
 928              	.LVL91:
 183:toeplitz_hashing.c ****         char_to_int_arr(ec_key, ec_key_i, l_key);
 929              	 .loc 2 183 9 is_stmt 1 discriminator 1 view .LVU234
 930 00b4 0A22     	 movs r2,#10
 931 00b6 28A9     	 add r1,sp,#160
 932              	.LVL92:
 933              	 .loc 2 183 9 is_stmt 0 discriminator 1 view .LVU235
 934 00b8 0BA8     	 add r0,sp,#44
 935              	.LVL93:
 936              	 .loc 2 183 9 discriminator 1 view .LVU236
 937 00ba B847     	 blx r7
 938              	.LVL94:
 184:toeplitz_hashing.c ****         my_puts("\n");
 939              	 .loc 2 184 9 is_stmt 1 discriminator 1 view .LVU237
 940 00bc 2846     	 mov r0,r5
 941              	.LVL95:
 942              	 .loc 2 184 9 is_stmt 0 discriminator 1 view .LVU238
 943 00be A047     	 blx r4
 944              	.LVL96:
 185:toeplitz_hashing.c ****         print_int_array_serial(ec_key_i,l_key);
 945              	 .loc 2 185 9 is_stmt 1 discriminator 1 view .LVU239
 946 00c0 0A21     	 movs r1,#10
 947 00c2 28A8     	 add r0,sp,#160
 948              	.LVL97:
 949              	 .loc 2 185 9 is_stmt 0 discriminator 1 view .LVU240
 950 00c4 B047     	 blx r6
 951              	.LVL98:
 186:toeplitz_hashing.c ****         my_puts("\n");
 952              	 .loc 2 186 9 is_stmt 1 discriminator 1 view .LVU241
 953 00c6 2846     	 mov r0,r5
 954 00c8 A047     	 blx r4
 955              	.LVL99:
 187:toeplitz_hashing.c **** 
 188:toeplitz_hashing.c ****         toeplitz_hash(row_spec_i, col_spec_i, ec_key_i, pa_key_i, pa_len, l_key);
 956              	 .loc 2 188 9 discriminator 1 view .LVU242
 957 00ca 0823     	 movs r3,#8
 958 00cc 0093     	 str r3,[sp]
 959 00ce 28AA     	 add r2,sp,#160
 960              	.LVL100:
 961              	 .loc 2 188 9 is_stmt 0 discriminator 1 view .LVU243
 962 00d0 16AB     	 add r3,sp,#88
 963              	.LVL101:
 964              	 .loc 2 188 9 discriminator 1 view .LVU244
 965 00d2 0EA9     	 add r1,sp,#56
 966              	.LVL102:
 967              	 .loc 2 188 9 discriminator 1 view .LVU245
 968 00d4 1EA8     	 add r0,sp,#120
 969              	.LVL103:
 970              	 .loc 2 188 9 discriminator 1 view .LVU246
 971 00d6 194F     	 ldr r7,.L49+64
 972 00d8 CDF804B0 	 str fp,[sp,#4]
 973 00dc B847     	 blx r7
 974              	.LVL104:
 189:toeplitz_hashing.c **** 
 190:toeplitz_hashing.c ****         int_to_char_arr(pa_key_i, pa_key, pa_len);
 975              	 .loc 2 190 9 is_stmt 1 discriminator 1 view .LVU247
 976 00de 06A9     	 add r1,sp,#24
 977              	.LVL105:
 978              	 .loc 2 190 9 is_stmt 0 discriminator 1 view .LVU248
 979 00e0 174B     	 ldr r3,.L49+68
 980 00e2 0822     	 movs r2,#8
 981              	.LVL106:
 982              	 .loc 2 190 9 discriminator 1 view .LVU249
 983 00e4 16A8     	 add r0,sp,#88
 984              	.LVL107:
 985              	 .loc 2 190 9 discriminator 1 view .LVU250
 986 00e6 9847     	 blx r3
 987              	.LVL108:
 191:toeplitz_hashing.c **** 
 192:toeplitz_hashing.c ****         my_puts("PA KEY: ");
 988              	 .loc 2 192 9 is_stmt 1 discriminator 1 view .LVU251
 989 00e8 1648     	 ldr r0,.L49+72
 990              	.LVL109:
 991              	 .loc 2 192 9 is_stmt 0 discriminator 1 view .LVU252
 992 00ea A047     	 blx r4
 993              	.LVL110:
 193:toeplitz_hashing.c ****         print_int_array_serial(pa_key_i,pa_len);
 994              	 .loc 2 193 9 is_stmt 1 discriminator 1 view .LVU253
 995 00ec 0821     	 movs r1,#8
 996 00ee 16A8     	 add r0,sp,#88
 997              	.LVL111:
 998              	 .loc 2 193 9 is_stmt 0 discriminator 1 view .LVU254
 999 00f0 B047     	 blx r6
 1000              	.LVL112:
 1001              	 .loc 2 193 9 discriminator 1 view .LVU255
 1002              	.LBE47:
 139:toeplitz_hashing.c **** 
 1003              	 .loc 2 139 10 is_stmt 1 discriminator 1 view .LVU256
 1004 00f2 9AE7     	 b .L48
 1005              	.L47:
 1006              	.LBB48:
 1007              	.LBB43:
 1008              	.LBB41:
  31:toeplitz_hashing.c ****   }
 1009              	 .loc 2 31 5 view .LVU257
  30:toeplitz_hashing.c ****     ;
 1010              	 .loc 2 30 46 view .LVU258
  30:toeplitz_hashing.c ****     ;
 1011              	 .loc 2 30 47 is_stmt 0 view .LVU259
 1012 00f4 039B     	 ldr r3,[sp,#12]
 1013 00f6 0133     	 adds r3,r3,#1
 1014 00f8 0393     	 str r3,[sp,#12]
 1015 00fa 9DE7     	 b .L46
 1016              	.L50:
 1017              	 .align 2
 1018              	.L49:
 1019 00fc 00000000 	 .word platform_init
 1020 0100 5A000000 	 .word .LC4
 1021 0104 00000000 	 .word init_uart
 1022 0108 00000000 	 .word trigger_setup
 1023 010c 00000000 	 .word memset
 1024 0110 00000000 	 .word .LC1
 1025 0114 00000000 	 .word my_puts
 1026 0118 00000000 	 .word trigger_low
 1027 011c 32000000 	 .word .LC2
 1028 0120 00000000 	 .word my_read
 1029 0124 00000000 	 .word trigger_high
 1030 0128 00000000 	 .word char_to_int_arr
 1031 012c 00000000 	 .word print_int_array_serial
 1032 0130 35000000 	 .word .LC3
 1033 0134 5C000000 	 .word .LC5
 1034 0138 82000000 	 .word .LC6
 1035 013c 00000000 	 .word toeplitz_hash
 1036 0140 00000000 	 .word int_to_char_arr
 1037 0144 B2000000 	 .word .LC7
 1038              	.LBE41:
 1039              	.LBE43:
 1040              	.LBE48:
 1041              	 .cfi_endproc
 1042              	.LFE13:
 1044              	 .global pt
 1045              	 .global asciibuf
 1046              	 .global tmp
 1047              	 .global memory
 1048              	 .section .bss.asciibuf,"aw",%nobits
 1051              	asciibuf:
 1052 0000 00000000 	 .space 64
 1052      00000000 
 1052      00000000 
 1052      00000000 
 1052      00000000 
 1053              	 .section .bss.memory,"aw",%nobits
 1056              	memory:
 1057 0000 00000000 	 .space 64
 1057      00000000 
 1057      00000000 
 1057      00000000 
 1057      00000000 
 1058              	 .section .bss.pt,"aw",%nobits
 1061              	pt:
 1062 0000 00000000 	 .space 16
 1062      00000000 
 1062      00000000 
 1062      00000000 
 1063              	 .section .bss.tmp,"aw",%nobits
 1066              	tmp:
 1067 0000 00000000 	 .space 64
 1067      00000000 
 1067      00000000 
 1067      00000000 
 1067      00000000 
 1068              	 .text
 1069              	.Letext0:
 1070              	 .file 3 "<built-in>"
 1071              	 .file 4 "/usr/lib/gcc/arm-none-eabi/10.3.1/include/stdint.h"
DEFINED SYMBOLS
                            *ABS*:0000000000000000 toeplitz_hashing.c
    {standard input}:16     .text.led_ok:0000000000000000 $t
    {standard input}:24     .text.led_ok:0000000000000000 led_ok
    {standard input}:39     .text.led_error:0000000000000000 $t
    {standard input}:46     .text.led_error:0000000000000000 led_error
    {standard input}:57     .text.my_puts:0000000000000000 $t
    {standard input}:64     .text.my_puts:0000000000000000 my_puts
    {standard input}:109    .text.my_puts:0000000000000014 $d
    {standard input}:114    .text.my_read:0000000000000000 $t
    {standard input}:121    .text.my_read:0000000000000000 my_read
    {standard input}:214    .text.my_read:0000000000000038 $d
    {standard input}:219    .text.char_to_int_arr:0000000000000000 $t
    {standard input}:226    .text.char_to_int_arr:0000000000000000 char_to_int_arr
    {standard input}:276    .text.int_to_char_arr:0000000000000000 $t
    {standard input}:283    .text.int_to_char_arr:0000000000000000 int_to_char_arr
    {standard input}:332    .text.long_delay:0000000000000000 $t
    {standard input}:339    .text.long_delay:0000000000000000 long_delay
    {standard input}:389    .text.toeplitz_hash:0000000000000000 $t
    {standard input}:396    .text.toeplitz_hash:0000000000000000 toeplitz_hash
    {standard input}:530    .text.toeplitz_hash:0000000000000060 $d
    {standard input}:538    .text.print_int_array_serial:0000000000000000 $t
    {standard input}:545    .text.print_int_array_serial:0000000000000000 print_int_array_serial
    {standard input}:652    .text.print_int_array_serial:0000000000000040 $d
    {standard input}:677    .text.startup.main:0000000000000000 $t
    {standard input}:684    .text.startup.main:0000000000000000 main
    {standard input}:1019   .text.startup.main:00000000000000fc $d
    {standard input}:1061   .bss.pt:0000000000000000 pt
    {standard input}:1051   .bss.asciibuf:0000000000000000 asciibuf
    {standard input}:1066   .bss.tmp:0000000000000000 tmp
    {standard input}:1056   .bss.memory:0000000000000000 memory
    {standard input}:1052   .bss.asciibuf:0000000000000000 $d
    {standard input}:1057   .bss.memory:0000000000000000 $d
    {standard input}:1062   .bss.pt:0000000000000000 $d
    {standard input}:1067   .bss.tmp:0000000000000000 $d
                           .group:0000000000000000 wm4.0.0ec9be273080d86c743d99e5316a201d
                           .group:0000000000000000 wm4.stdint.h.29.6d480f4ba0f60596e88234283d42444f
                           .group:0000000000000000 wm4.hal.h.27.7074d56fee637e30bfe28f5452443c14
                           .group:0000000000000000 wm4.ieeefp.h.77.f33a4dce62116f6f5175ff8bae57a54c
                           .group:0000000000000000 wm4._newlib_version.h.4.1ef4e12f167f8b69d7c30054be56050d
                           .group:0000000000000000 wm4.newlib.h.21.1ae2897bc09bbe4bc80ffb801fb02432
                           .group:0000000000000000 wm4.features.h.22.026edb2397769f4ae13f35900dbdb560
                           .group:0000000000000000 wm4.config.h.224.c701144a7b0518c6ee9b9b5465b79f81
                           .group:0000000000000000 wm4._ansi.h.31.de524f58584151836e90d8620a16f8e8
                           .group:0000000000000000 wm4.stdlib.h.13.4ed386f5c1a80d71e72172885d946ef2
                           .group:0000000000000000 wm4.stddef.h.181.13772e73e5434e8cc4fafaaddad2b5da
                           .group:0000000000000000 wm4.stddef.h.39.1bfffcccc3897d82880a055878218da6
                           .group:0000000000000000 wm4._types.h.20.dd0d04dca3800a0d2a6129b87f3adbb2
                           .group:0000000000000000 wm4.stddef.h.155.3588ebfdd1e8c7ede80509bb9c3b8009
                           .group:0000000000000000 wm4._default_types.h.6.959254cf5f09734ea7516c89e8bb21bd
                           .group:0000000000000000 wm4._types.h.127.34941de1b2539d59d5cac00e0dd27a45
                           .group:0000000000000000 wm4.reent.h.17.e292bf8b0bec6c96e131a54347145a30
                           .group:0000000000000000 wm4.lock.h.2.c0958401bd0ce484d507ee19aacab817
                           .group:0000000000000000 wm4.reent.h.77.dcd6129ff07fe81bd5636db29abe53b2
                           .group:0000000000000000 wm4.cdefs.h.49.3d0fe8ea14e93bda8c589d4f684b21b8
                           .group:0000000000000000 wm4.alloca.h.8.dfc0c703c47ec3e69746825b17d9e66d
                           .group:0000000000000000 wm4.stdlib.h.56.f4862cfbf4363a1db01842d5bdf72c18
                           .group:0000000000000000 wm4.stdio.h.27.3fc80220048df77954e38daec3bb9670
                           .group:0000000000000000 wm4.stddef.h.155.ba788add86a0e365f264484f110c3c29
                           .group:0000000000000000 wm4.stdarg.h.34.3a23a216c0c293b3d2ea2e89281481e6
                           .group:0000000000000000 wm4.types.h.40.8b6acba56cefbb11746718204edc8f5e
                           .group:0000000000000000 wm4._stdint.h.10.c24fa3af3bc1706662bb5593a907e841
                           .group:0000000000000000 wm4._endian.h.31.65a10590763c3dde1ac4a7f66d7d4891
                           .group:0000000000000000 wm4.endian.h.9.49f3a4695c1b61e8a0808de3c4a106cb
                           .group:0000000000000000 wm4._timeval.h.32.bec3221fa7a9bb0bdde696c9c57e47d2
                           .group:0000000000000000 wm4.timespec.h.41.d855182eb0e690443ab8651bcedca6e1
                           .group:0000000000000000 wm4.select.h.19.97ca6fd0c752a0f3b6719fd314d361e6
                           .group:0000000000000000 wm4.types.h.51.5571ec98f267d17d3c670b7a3ba33afa
                           .group:0000000000000000 wm4.sched.h.22.c60982713a5c428609783c78f9c78d95
                           .group:0000000000000000 wm4._pthreadtypes.h.36.fcee9961c35163dde6267ef772ad1972
                           .group:0000000000000000 wm4.stdio.h.2.4aa87247282eca6c8f36f9de33d8df1a
                           .group:0000000000000000 wm4.stdio.h.81.932d0c162786b883f622b8d05c120c78

UNDEFINED SYMBOLS
putch
getch
sprintf
platform_init
init_uart
trigger_setup
memset
trigger_low
trigger_high
